Archive member included to satisfy reference by file (symbol)

/home/mr/.pico-sdk/toolchain/14_2_Rel1/bin/../lib/gcc/arm-none-eabi/14.2.1/../../../../arm-none-eabi/lib/thumb/v6-m/nofp/libm.a(libm_a-cabsf.o)
                              CMakeFiles/pico_mandelbrot.dir/ssd1306.c.o (cabsf)
/home/mr/.pico-sdk/toolchain/14_2_Rel1/bin/../lib/gcc/arm-none-eabi/14.2.1/../../../../arm-none-eabi/lib/thumb/v6-m/nofp/libm.a(libm_a-cimagf.o)
                              /home/mr/.pico-sdk/toolchain/14_2_Rel1/bin/../lib/gcc/arm-none-eabi/14.2.1/../../../../arm-none-eabi/lib/thumb/v6-m/nofp/libm.a(libm_a-cabsf.o) (cimagf)
/home/mr/.pico-sdk/toolchain/14_2_Rel1/bin/../lib/gcc/arm-none-eabi/14.2.1/../../../../arm-none-eabi/lib/thumb/v6-m/nofp/libm.a(libm_a-crealf.o)
                              /home/mr/.pico-sdk/toolchain/14_2_Rel1/bin/../lib/gcc/arm-none-eabi/14.2.1/../../../../arm-none-eabi/lib/thumb/v6-m/nofp/libm.a(libm_a-cabsf.o) (crealf)
/home/mr/.pico-sdk/toolchain/14_2_Rel1/bin/../lib/gcc/arm-none-eabi/14.2.1/thumb/v6-m/nofp/libgcc.a(_dvmd_tls.o)
                              CMakeFiles/pico_mandelbrot.dir/home/mr/.pico-sdk/sdk/2.1.1/src/rp2_common/pico_divider/divider_hardware.S.o (__aeabi_idiv0)
/home/mr/.pico-sdk/toolchain/14_2_Rel1/bin/../lib/gcc/arm-none-eabi/14.2.1/thumb/v6-m/nofp/libgcc.a(_mulsc3.o)
                              CMakeFiles/pico_mandelbrot.dir/ssd1306.c.o (__mulsc3)
/home/mr/.pico-sdk/toolchain/14_2_Rel1/bin/../lib/gcc/arm-none-eabi/14.2.1/../../../../arm-none-eabi/lib/thumb/v6-m/nofp/libg.a(libc_a-calloc.o)
                              CMakeFiles/pico_mandelbrot.dir/home/mr/.pico-sdk/sdk/2.1.1/src/rp2_common/pico_malloc/malloc.c.o (calloc)
/home/mr/.pico-sdk/toolchain/14_2_Rel1/bin/../lib/gcc/arm-none-eabi/14.2.1/../../../../arm-none-eabi/lib/thumb/v6-m/nofp/libg.a(libc_a-callocr.o)
                              /home/mr/.pico-sdk/toolchain/14_2_Rel1/bin/../lib/gcc/arm-none-eabi/14.2.1/../../../../arm-none-eabi/lib/thumb/v6-m/nofp/libg.a(libc_a-calloc.o) (_calloc_r)
/home/mr/.pico-sdk/toolchain/14_2_Rel1/bin/../lib/gcc/arm-none-eabi/14.2.1/../../../../arm-none-eabi/lib/thumb/v6-m/nofp/libg.a(libc_a-malloc.o)
                              CMakeFiles/pico_mandelbrot.dir/home/mr/.pico-sdk/sdk/2.1.1/src/rp2_common/pico_malloc/malloc.c.o (malloc)
/home/mr/.pico-sdk/toolchain/14_2_Rel1/bin/../lib/gcc/arm-none-eabi/14.2.1/../../../../arm-none-eabi/lib/thumb/v6-m/nofp/libg.a(libc_a-mallocr.o)
                              /home/mr/.pico-sdk/toolchain/14_2_Rel1/bin/../lib/gcc/arm-none-eabi/14.2.1/../../../../arm-none-eabi/lib/thumb/v6-m/nofp/libg.a(libc_a-callocr.o) (_malloc_r)
/home/mr/.pico-sdk/toolchain/14_2_Rel1/bin/../lib/gcc/arm-none-eabi/14.2.1/../../../../arm-none-eabi/lib/thumb/v6-m/nofp/libg.a(libc_a-mlock.o)
                              /home/mr/.pico-sdk/toolchain/14_2_Rel1/bin/../lib/gcc/arm-none-eabi/14.2.1/../../../../arm-none-eabi/lib/thumb/v6-m/nofp/libg.a(libc_a-mallocr.o) (__malloc_lock)
/home/mr/.pico-sdk/toolchain/14_2_Rel1/bin/../lib/gcc/arm-none-eabi/14.2.1/../../../../arm-none-eabi/lib/thumb/v6-m/nofp/libg.a(libc_a-realloc.o)
                              CMakeFiles/pico_mandelbrot.dir/home/mr/.pico-sdk/sdk/2.1.1/src/rp2_common/pico_malloc/malloc.c.o (realloc)
/home/mr/.pico-sdk/toolchain/14_2_Rel1/bin/../lib/gcc/arm-none-eabi/14.2.1/../../../../arm-none-eabi/lib/thumb/v6-m/nofp/libg.a(libc_a-reallocr.o)
                              /home/mr/.pico-sdk/toolchain/14_2_Rel1/bin/../lib/gcc/arm-none-eabi/14.2.1/../../../../arm-none-eabi/lib/thumb/v6-m/nofp/libg.a(libc_a-realloc.o) (_realloc_r)
/home/mr/.pico-sdk/toolchain/14_2_Rel1/bin/../lib/gcc/arm-none-eabi/14.2.1/../../../../arm-none-eabi/lib/thumb/v6-m/nofp/libg.a(libc_a-memcmp.o)
                              CMakeFiles/pico_mandelbrot.dir/home/mr/.pico-sdk/sdk/2.1.1/src/rp2_common/pico_atomic/atomic.c.o (memcmp)
/home/mr/.pico-sdk/toolchain/14_2_Rel1/bin/../lib/gcc/arm-none-eabi/14.2.1/../../../../arm-none-eabi/lib/thumb/v6-m/nofp/libg.a(libc_a-memmove.o)
                              /home/mr/.pico-sdk/toolchain/14_2_Rel1/bin/../lib/gcc/arm-none-eabi/14.2.1/../../../../arm-none-eabi/lib/thumb/v6-m/nofp/libg.a(libc_a-reallocr.o) (memmove)
/home/mr/.pico-sdk/toolchain/14_2_Rel1/bin/../lib/gcc/arm-none-eabi/14.2.1/../../../../arm-none-eabi/lib/thumb/v6-m/nofp/libg.a(libc_a-lcltime_r.o)
                              CMakeFiles/pico_mandelbrot.dir/home/mr/.pico-sdk/sdk/2.1.1/src/common/pico_util/datetime.c.o (localtime_r)
/home/mr/.pico-sdk/toolchain/14_2_Rel1/bin/../lib/gcc/arm-none-eabi/14.2.1/../../../../arm-none-eabi/lib/thumb/v6-m/nofp/libg.a(libc_a-mktime.o)
                              CMakeFiles/pico_mandelbrot.dir/home/mr/.pico-sdk/sdk/2.1.1/src/common/pico_util/datetime.c.o (mktime)
/home/mr/.pico-sdk/toolchain/14_2_Rel1/bin/../lib/gcc/arm-none-eabi/14.2.1/../../../../arm-none-eabi/lib/thumb/v6-m/nofp/libg.a(libc_a-month_lengths.o)
[...]
Memory Configuration

Name             Origin             Length             Attributes
FLASH            0x10000000         0x00200000         xr
RAM              0x20000000         0x00040000         xrw
SCRATCH_X        0x20040000         0x00001000         xrw
SCRATCH_Y        0x20041000         0x00001000         xrw
*default*        0x00000000         0xffffffff

Linker script and memory map

LOAD /home/mr/.pico-sdk/toolchain/14_2_Rel1/bin/../lib/gcc/arm-none-eabi/14.2.1/thumb/v6-m/nofp/crti.o
LOAD /home/mr/.pico-sdk/toolchain/14_2_Rel1/bin/../lib/gcc/arm-none-eabi/14.2.1/thumb/v6-m/nofp/crtbegin.o
LOAD /home/mr/.pico-sdk/toolchain/14_2_Rel1/bin/../lib/gcc/arm-none-eabi/14.2.1/../../../../arm-none-eabi/lib/thumb/v6-m/nofp/crt0.o

.flash_begin    0x10000000        0x0
                0x10000000                        __flash_binary_start = .

.boot2          0x10000000      0x100
                0x10000000                        __boot2_start__ = .
 *(.boot2)
 .boot2         0x10000000      0x100 pico-sdk/src/rp2040/boot_stage2/CMakeFiles/bs2_default_library.dir/./bs2_default_padded_checksummed.S.o
                0x10000100                        __boot2_end__ = .
                0x00000001                        ASSERT (((__boot2_end__ - __boot2_start__) == 0x100), ERROR: Pico second stage bootloader must be 256 bytes in size)

.text           0x10000100     0x8d3c
                0x10000100                        __logical_binary_start = .
 *(.vectors)
 .vectors       0x10000100       0xd4 CMakeFiles/pico_mandelbrot.dir/home/mr/.pico-sdk/sdk/2.1.1/src/rp2_common/pico_crt0/crt0.S.o
                0x10000100                __vectors
                0x10000100                __VECTOR_TABLE
                0x100001c0                isr_invalid
                0x100001c0                __default_isrs_start
                0x100001c2                isr_nmi
                0x100001c4                isr_hardfault
                0x100001c6                isr_svcall
                0x100001c8                isr_pendsv
                0x100001ca                isr_systick
                0x100001cc                isr_irq30
                0x100001cc                __unhandled_user_irq
                0x100001cc                isr_irq13
                0x100001cc                isr_irq27
                0x100001cc                isr_irq31
                0x100001cc                isr_irq5
                0x100001cc                isr_irq11
                0x100001cc                isr_irq23
                0x100001cc                isr_irq18
                0x100001cc                isr_irq28
                0x100001cc                isr_irq19
                0x100001cc                isr_irq0
                0x100001cc                isr_irq6
                0x100001cc                isr_irq22
                0x100001cc                isr_irq17
                0x100001cc                isr_irq14
                0x100001cc                isr_irq2
                0x100001cc                isr_irq10
                0x100001cc                isr_irq8
                0x100001cc                isr_irq24
                0x100001cc                isr_irq1
                0x100001cc                isr_irq7
                0x100001cc                isr_irq21
                0x100001cc                isr_irq20
                0x100001cc                isr_irq15
                0x100001cc                isr_irq25
                0x100001cc                isr_irq4
                0x100001cc                isr_irq16
                0x100001cc                isr_irq29
                0x100001cc                isr_irq26
                0x100001cc                __default_isrs_end
                0x100001cc                isr_irq3
                0x100001cc                isr_irq12
                0x100001cc                isr_irq9
                0x100001d2                unhandled_user_irq_num_in_r0
 *(.binary_info_header)
 .binary_info_header
                0x100001d4       0x14 CMakeFiles/pico_mandelbrot.dir/home/mr/.pico-sdk/sdk/2.1.1/src/rp2_common/pico_crt0/crt0.S.o
                0x100001e8                        __binary_info_header_end = .
 *(.embedded_block)
                0x100001e8                        __embedded_block_end = .
 *(.reset)
 .reset         0x100001e8       0x9c CMakeFiles/pico_mandelbrot.dir/home/mr/.pico-sdk/sdk/2.1.1/src/rp2_common/pico_crt0/crt0.S.o
                0x100001e8                _entry_point
 *(.init)
 .init          0x10000284        0x4 /home/mr/.pico-sdk/toolchain/14_2_Rel1/bin/../lib/gcc/arm-none-eabi/14.2.1/thumb/v6-m/nofp/crti.o
                0x10000284                _init
 *(EXCLUDE_FILE(*libm.a: *libc.a:*lib_a-mem*.o *libgcc.a:) .text*)
 .text.register_tm_clones
                0x10000288       0x28 /home/mr/.pico-sdk/toolchain/14_2_Rel1/bin/../lib/gcc/arm-none-eabi/14.2.1/thumb/v6-m/nofp/crtbegin.o
 .text.frame_dummy
                0x100002b0       0x24 /home/mr/.pico-sdk/toolchain/14_2_Rel1/bin/../lib/gcc/arm-none-eabi/14.2.1/thumb/v6-m/nofp/crtbegin.o
 .text.undo_zoom_in.part.0
                0x100002d4       0x70 CMakeFiles/pico_mandelbrot.dir/pico_mandelbrot.c.o
 .text.controller
                0x10000344      0x1b8 CMakeFiles/pico_mandelbrot.dir/pico_mandelbrot.c.o
                0x10000344                controller
 .text.controller_repeating_timer_callback
                0x100004fc      0x13c CMakeFiles/pico_mandelbrot.dir/pico_mandelbrot.c.o
                0x100004fc                controller_repeating_timer_callback
 .text.zoom_in  0x10000638      0x104 CMakeFiles/pico_mandelbrot.dir/pico_mandelbrot.c.o
                0x10000638                zoom_in
 .text.button_interruption_gpio_irq_handler
                0x1000073c      0x148 CMakeFiles/pico_mandelbrot.dir/pico_mandelbrot.c.o
                0x1000073c                button_interruption_gpio_irq_handler
 .text.startup.main
                0x10000884       0xb4 CMakeFiles/pico_mandelbrot.dir/pico_mandelbrot.c.o
                0x10000884                main
 .text.calc_render_area_buflen
                0x10000938       0x18 CMakeFiles/pico_mandelbrot.dir/ssd1306.c.o
                0x10000938                calc_render_area_buflen
 .text.SSD1306_init
                0x10000950       0x58 CMakeFiles/pico_mandelbrot.dir/ssd1306.c.o
                0x10000950                SSD1306_init
 .text.render   0x100009a8       0x98 CMakeFiles/pico_mandelbrot.dir/ssd1306.c.o
                0x100009a8                render
 .text.draw_cursor
                0x10000a40      0x170 CMakeFiles/pico_mandelbrot.dir/ssd1306.c.o
                0x10000a40                draw_cursor
 .text.draw_mandelbrot
                0x10000bb0      0x23c CMakeFiles/pico_mandelbrot.dir/ssd1306.c.o
                0x10000bb0                draw_mandelbrot
 .text.setup_general
                0x10000dec       0x40 CMakeFiles/pico_mandelbrot.dir/setup.c.o
                0x10000dec                setup_general
 .text.setup_i2c
                0x10000e2c       0x3c CMakeFiles/pico_mandelbrot.dir/setup.c.o
                0x10000e2c                setup_i2c
 .text.setup_joystick
                0x10000e68       0x58 CMakeFiles/pico_mandelbrot.dir/setup.c.o
                0x10000e68                setup_joystick
 .text.gpio_default_irq_handler
                0x10000ec0      0x2c8 CMakeFiles/pico_mandelbrot.dir/home/mr/.pico-sdk/sdk/2.1.1/src/rp2_common/hardware_gpio/gpio.c.o
 .text.gpio_set_function
                0x10001188       0x34 CMakeFiles/pico_mandelbrot.dir/home/mr/.pico-sdk/sdk/2.1.1/src/rp2_common/hardware_gpio/gpio.c.o
                0x10001188                gpio_set_function
 .text.gpio_set_pulls
                0x100011bc       0x28 CMakeFiles/pico_mandelbrot.dir/home/mr/.pico-sdk/sdk/2.1.1/src/rp2_common/hardware_gpio/gpio.c.o
                0x100011bc                gpio_set_pulls
 .text.gpio_set_irq_enabled_with_callback
                0x100011e4       0xd0 CMakeFiles/pico_mandelbrot.dir/home/mr/.pico-sdk/sdk/2.1.1/src/rp2_common/hardware_gpio/gpio.c.o
                0x100011e4                gpio_set_irq_enabled_with_callback
 .text.gpio_acknowledge_irq
                0x100012b4       0x1c CMakeFiles/pico_mandelbrot.dir/home/mr/.pico-sdk/sdk/2.1.1/src/rp2_common/hardware_gpio/gpio.c.o
                0x100012b4                gpio_acknowledge_irq
 .text.gpio_set_input_enabled
                0x100012d0       0x28 CMakeFiles/pico_mandelbrot.dir/home/mr/.pico-sdk/sdk/2.1.1/src/rp2_common/hardware_gpio/gpio.c.o
                0x100012d0                gpio_set_input_enabled
 .text.gpio_init
                0x100012f8       0x40 CMakeFiles/pico_mandelbrot.dir/home/mr/.pico-sdk/sdk/2.1.1/src/rp2_common/hardware_gpio/gpio.c.o
                0x100012f8                gpio_init
 .text.rp2040_chip_version
                0x10001338        0xc CMakeFiles/pico_mandelbrot.dir/home/mr/.pico-sdk/sdk/2.1.1/src/rp2040/pico_platform/platform.c.o
                0x10001338                rp2040_chip_version
 .text.panic    0x10001344       0x30 CMakeFiles/pico_mandelbrot.dir/home/mr/.pico-sdk/sdk/2.1.1/src/rp2_common/pico_platform_panic/panic.c.o
                0x10001344                panic
 .text.hw_claim_or_assert
                0x10001374       0x44 CMakeFiles/pico_mandelbrot.dir/home/mr/.pico-sdk/sdk/2.1.1/src/common/hardware_claim/claim.c.o
                0x10001374                hw_claim_or_assert
 .text.hw_claim_unused_from_range
                0x100013b8       0x88 CMakeFiles/pico_mandelbrot.dir/home/mr/.pico-sdk/sdk/2.1.1/src/common/hardware_claim/claim.c.o
                0x100013b8                hw_claim_unused_from_range
 .text.next_striped_spin_lock_num
                0x10001440       0x18 CMakeFiles/pico_mandelbrot.dir/home/mr/.pico-sdk/sdk/2.1.1/src/rp2_common/hardware_sync/sync.c.o
                0x10001440                next_striped_spin_lock_num
 .text.spin_lock_claim_unused
                0x10001458       0x24 CMakeFiles/pico_mandelbrot.dir/home/mr/.pico-sdk/sdk/2.1.1/src/rp2_common/hardware_sync/sync.c.o
                0x10001458                spin_lock_claim_unused
 .text.spin_locks_reset
                0x1000147c       0x1c CMakeFiles/pico_mandelbrot.dir/home/mr/.pico-sdk/sdk/2.1.1/src/rp2_common/hardware_sync_spin_lock/sync_spin_lock.c.o
                0x1000147c                spin_locks_reset
 .text.runtime_init_per_core_irq_priorities
                0x10001498       0x24 CMakeFiles/pico_mandelbrot.dir/home/mr/.pico-sdk/sdk/2.1.1/src/rp2_common/hardware_irq/irq.c.o
                0x10001498                runtime_init_per_core_irq_priorities
 .text.irq_set_enabled
                0x100014bc       0x24 CMakeFiles/pico_mandelbrot.dir/home/mr/.pico-sdk/sdk/2.1.1/src/rp2_common/hardware_irq/irq.c.o
                0x100014bc                irq_set_enabled
 .text.irq_is_enabled
                0x100014e0       0x18 CMakeFiles/pico_mandelbrot.dir/home/mr/.pico-sdk/sdk/2.1.1/src/rp2_common/hardware_irq/irq.c.o
                0x100014e0                irq_is_enabled
 .text.irq_set_pending
                0x100014f8       0x10 CMakeFiles/pico_mandelbrot.dir/home/mr/.pico-sdk/sdk/2.1.1/src/rp2_common/hardware_irq/irq.c.o
                0x100014f8                irq_set_pending
 .text.irq_has_shared_handler
                0x10001508       0x24 CMakeFiles/pico_mandelbrot.dir/home/mr/.pico-sdk/sdk/2.1.1/src/rp2_common/hardware_irq/irq.c.o
                0x10001508                irq_has_shared_handler
 .text.irq_set_exclusive_handler
                0x1000152c       0x54 CMakeFiles/pico_mandelbrot.dir/home/mr/.pico-sdk/sdk/2.1.1/src/rp2_common/hardware_irq/irq.c.o
                0x1000152c                irq_set_exclusive_handler
 .text.irq_add_shared_handler
                0x10001580      0x1f4 CMakeFiles/pico_mandelbrot.dir/home/mr/.pico-sdk/sdk/2.1.1/src/rp2_common/hardware_irq/irq.c.o
                0x10001580                irq_add_shared_handler
 .text.irq_remove_handler
                0x10001774      0x1d4 CMakeFiles/pico_mandelbrot.dir/home/mr/.pico-sdk/sdk/2.1.1/src/rp2_common/hardware_irq/irq.c.o
                0x10001774                irq_remove_handler
 .text.irq_add_tail_to_free_list
                0x10001948       0xb4 CMakeFiles/pico_mandelbrot.dir/home/mr/.pico-sdk/sdk/2.1.1/src/rp2_common/hardware_irq/irq.c.o
                0x10001948                irq_add_tail_to_free_list
 .text.user_irq_claim_unused
                0x100019fc       0x2c CMakeFiles/pico_mandelbrot.dir/home/mr/.pico-sdk/sdk/2.1.1/src/rp2_common/hardware_irq/irq.c.o
                0x100019fc                user_irq_claim_unused
 .text.lock_init
                0x10001a28       0x10 CMakeFiles/pico_mandelbrot.dir/home/mr/.pico-sdk/sdk/2.1.1/src/common/pico_sync/lock_core.c.o
                0x10001a28                lock_init
 .text.runtime_init_mutex
                0x10001a38       0x50 CMakeFiles/pico_mandelbrot.dir/home/mr/.pico-sdk/sdk/2.1.1/src/common/pico_sync/mutex.c.o
                0x10001a38                runtime_init_mutex
 .text.mutex_init
                0x10001a88       0x1c CMakeFiles/pico_mandelbrot.dir/home/mr/.pico-sdk/sdk/2.1.1/src/common/pico_sync/mutex.c.o
                0x10001a88                mutex_init
 .text.critical_section_init
                0x10001aa4       0x1c CMakeFiles/pico_mandelbrot.dir/home/mr/.pico-sdk/sdk/2.1.1/src/common/pico_sync/critical_section.c.o
                0x10001aa4                critical_section_init
 .text.critical_section_init_with_lock_num
                0x10001ac0       0x14 CMakeFiles/pico_mandelbrot.dir/home/mr/.pico-sdk/sdk/2.1.1/src/common/pico_sync/critical_section.c.o
                0x10001ac0                critical_section_init_with_lock_num
 .text.sleep_until_callback
                0x10001ad4       0x30 CMakeFiles/pico_mandelbrot.dir/home/mr/.pico-sdk/sdk/2.1.1/src/common/pico_time/time.c.o
 .text.alarm_pool_irq_handler
                0x10001b04      0x300 CMakeFiles/pico_mandelbrot.dir/home/mr/.pico-sdk/sdk/2.1.1/src/common/pico_time/time.c.o
 .text.runtime_init_default_alarm_pool
                0x10001e04       0xdc CMakeFiles/pico_mandelbrot.dir/home/mr/.pico-sdk/sdk/2.1.1/src/common/pico_time/time.c.o
                0x10001e04                runtime_init_default_alarm_pool
 .text.alarm_pool_get_default
                0x10001ee0        0x8 CMakeFiles/pico_mandelbrot.dir/home/mr/.pico-sdk/sdk/2.1.1/src/common/pico_time/time.c.o
                0x10001ee0                alarm_pool_get_default
 .text.alarm_pool_add_alarm_at
                0x10001ee8       0xd0 CMakeFiles/pico_mandelbrot.dir/home/mr/.pico-sdk/sdk/2.1.1/src/common/pico_time/time.c.o
                0x10001ee8                alarm_pool_add_alarm_at
 .text.alarm_pool_add_alarm_at_force_in_context
                0x10001fb8       0xb0 CMakeFiles/pico_mandelbrot.dir/home/mr/.pico-sdk/sdk/2.1.1/src/common/pico_time/time.c.o
                0x10001fb8                alarm_pool_add_alarm_at_force_in_context
 .text.alarm_pool_cancel_alarm
                0x10002068       0x74 CMakeFiles/pico_mandelbrot.dir/home/mr/.pico-sdk/sdk/2.1.1/src/common/pico_time/time.c.o
                0x10002068                alarm_pool_cancel_alarm
 .text.alarm_pool_core_num
                0x100020dc        0x4 CMakeFiles/pico_mandelbrot.dir/home/mr/.pico-sdk/sdk/2.1.1/src/common/pico_time/time.c.o
                0x100020dc                alarm_pool_core_num
 .text.sleep_us
                0x100020e0       0xec CMakeFiles/pico_mandelbrot.dir/home/mr/.pico-sdk/sdk/2.1.1/src/common/pico_time/time.c.o
                0x100020e0                sleep_us
 .text.best_effort_wfe_or_timeout
                0x100021cc      0x10c CMakeFiles/pico_mandelbrot.dir/home/mr/.pico-sdk/sdk/2.1.1/src/common/pico_time/time.c.o
                0x100021cc                best_effort_wfe_or_timeout
 .text.alarm_pool_add_repeating_timer_us
                0x100022d8      0x124 CMakeFiles/pico_mandelbrot.dir/home/mr/.pico-sdk/sdk/2.1.1/src/common/pico_time/time.c.o
                0x100022d8                alarm_pool_add_repeating_timer_us
 .text.timer_hardware_alarm_claim
                0x100023fc       0x14 CMakeFiles/pico_mandelbrot.dir/home/mr/.pico-sdk/sdk/2.1.1/src/rp2_common/hardware_timer/timer.c.o
                0x100023fc                timer_hardware_alarm_claim
 .text.timer_time_us_64
                0x10002410       0x10 CMakeFiles/pico_mandelbrot.dir/home/mr/.pico-sdk/sdk/2.1.1/src/rp2_common/hardware_timer/timer.c.o
                0x10002410                timer_time_us_64
 .text.time_us_64
                0x10002420       0x14 CMakeFiles/pico_mandelbrot.dir/home/mr/.pico-sdk/sdk/2.1.1/src/rp2_common/hardware_timer/timer.c.o
                0x10002420                time_us_64
 .text.busy_wait_us
                0x10002434       0x68 CMakeFiles/pico_mandelbrot.dir/home/mr/.pico-sdk/sdk/2.1.1/src/rp2_common/hardware_timer/timer.c.o
                0x10002434                busy_wait_us
 .text.busy_wait_until
                0x1000249c       0x20 CMakeFiles/pico_mandelbrot.dir/home/mr/.pico-sdk/sdk/2.1.1/src/rp2_common/hardware_timer/timer.c.o
                0x1000249c                busy_wait_until
 .text.uart_init
                0x100024bc      0x120 CMakeFiles/pico_mandelbrot.dir/home/mr/.pico-sdk/sdk/2.1.1/src/rp2_common/hardware_uart/uart.c.o
                0x100024bc                uart_init
 .text.clock_configure_int_divider
                0x100025dc       0xf4 CMakeFiles/pico_mandelbrot.dir/home/mr/.pico-sdk/sdk/2.1.1/src/rp2_common/hardware_clocks/clocks.c.o
                0x100025dc                clock_configure_int_divider
 .text.clock_configure_undivided
                0x100026d0       0xe8 CMakeFiles/pico_mandelbrot.dir/home/mr/.pico-sdk/sdk/2.1.1/src/rp2_common/hardware_clocks/clocks.c.o
                0x100026d0                clock_configure_undivided
 .text.clock_get_hz
                0x100027b8        0xc CMakeFiles/pico_mandelbrot.dir/home/mr/.pico-sdk/sdk/2.1.1/src/rp2_common/hardware_clocks/clocks.c.o
                0x100027b8                clock_get_hz
 .text.pll_init
                0x100027c4       0xa4 CMakeFiles/pico_mandelbrot.dir/home/mr/.pico-sdk/sdk/2.1.1/src/rp2_common/hardware_pll/pll.c.o
                0x100027c4                pll_init
 .text.watchdog_reboot
                0x10002868       0x9c CMakeFiles/pico_mandelbrot.dir/home/mr/.pico-sdk/sdk/2.1.1/src/rp2_common/hardware_watchdog/watchdog.c.o
                0x10002868                watchdog_reboot
 .text.tick_start
                0x10002904       0x10 CMakeFiles/pico_mandelbrot.dir/home/mr/.pico-sdk/sdk/2.1.1/src/rp2_common/hardware_ticks/ticks.c.o
                0x10002904                tick_start
 .text.rom_func_lookup
                0x10002914       0x10 CMakeFiles/pico_mandelbrot.dir/home/mr/.pico-sdk/sdk/2.1.1/src/rp2_common/pico_bootrom/bootrom.c.o
                0x10002914                rom_func_lookup
 .text.rom_data_lookup
                0x10002924       0x10 CMakeFiles/pico_mandelbrot.dir/home/mr/.pico-sdk/sdk/2.1.1/src/rp2_common/pico_bootrom/bootrom.c.o
                0x10002924                rom_data_lookup
 .text.rom_funcs_lookup
                0x10002934       0x44 CMakeFiles/pico_mandelbrot.dir/home/mr/.pico-sdk/sdk/2.1.1/src/rp2_common/pico_bootrom/bootrom.c.o
                0x10002934                rom_funcs_lookup
 .text.rom_reset_usb_boot_extra
                0x10002978       0x24 CMakeFiles/pico_mandelbrot.dir/home/mr/.pico-sdk/sdk/2.1.1/src/rp2_common/pico_bootrom/bootrom.c.o
                0x10002978                rom_reset_usb_boot_extra
 .text.xosc_init
                0x1000299c       0x28 CMakeFiles/pico_mandelbrot.dir/home/mr/.pico-sdk/sdk/2.1.1/src/rp2_common/hardware_xosc/xosc.c.o
                0x1000299c                xosc_init
 .text.first_per_core_initializer
                0x100029c4        0x4 CMakeFiles/pico_mandelbrot.dir/home/mr/.pico-sdk/sdk/2.1.1/src/rp2_common/pico_runtime/runtime.c.o
 .text.hard_assertion_failure
                0x100029c8        0xc CMakeFiles/pico_mandelbrot.dir/home/mr/.pico-sdk/sdk/2.1.1/src/rp2_common/pico_runtime/runtime.c.o
                0x100029c8                hard_assertion_failure
 .text.runtime_run_initializers
                0x100029d4       0x28 CMakeFiles/pico_mandelbrot.dir/home/mr/.pico-sdk/sdk/2.1.1/src/rp2_common/pico_runtime/runtime.c.o
                0x100029d4                runtime_run_initializers
 .text.runtime_init_early_resets
                0x100029fc       0x2c CMakeFiles/pico_mandelbrot.dir/home/mr/.pico-sdk/sdk/2.1.1/src/rp2_common/pico_runtime_init/runtime_init.c.o
                0x100029fc                runtime_init_early_resets
 .text.runtime_init_usb_power_down
                0x10002a28       0x1c CMakeFiles/pico_mandelbrot.dir/home/mr/.pico-sdk/sdk/2.1.1/src/rp2_common/pico_runtime_init/runtime_init.c.o
                0x10002a28                runtime_init_usb_power_down
 .text.runtime_init_post_clock_resets
                0x10002a44       0x20 CMakeFiles/pico_mandelbrot.dir/home/mr/.pico-sdk/sdk/2.1.1/src/rp2_common/pico_runtime_init/runtime_init.c.o
                0x10002a44                runtime_init_post_clock_resets
 .text.runtime_init_rp2040_gpio_ie_disable
                0x10002a64       0x14 CMakeFiles/pico_mandelbrot.dir/home/mr/.pico-sdk/sdk/2.1.1/src/rp2_common/pico_runtime_init/runtime_init.c.o
                0x10002a64                runtime_init_rp2040_gpio_ie_disable
 .text.runtime_init_spin_locks_reset
                0x10002a78        0x8 CMakeFiles/pico_mandelbrot.dir/home/mr/.pico-sdk/sdk/2.1.1/src/rp2_common/pico_runtime_init/runtime_init.c.o
                0x10002a78                runtime_init_spin_locks_reset
 .text.runtime_init_install_ram_vector_table
                0x10002a80       0x1c CMakeFiles/pico_mandelbrot.dir/home/mr/.pico-sdk/sdk/2.1.1/src/rp2_common/pico_runtime_init/runtime_init.c.o
                0x10002a80                runtime_init_install_ram_vector_table
 .text.runtime_init_clocks
                0x10002a9c       0xd8 CMakeFiles/pico_mandelbrot.dir/home/mr/.pico-sdk/sdk/2.1.1/src/rp2_common/pico_runtime_init/runtime_init_clocks.c.o
                0x10002a9c                runtime_init_clocks
 .text          0x10002b74       0x10 CMakeFiles/pico_mandelbrot.dir/home/mr/.pico-sdk/sdk/2.1.1/src/rp2_common/pico_bit_ops/bit_ops_aeabi.S.o
 .text.__wrap___aeabi_idiv
                0x10002b84       0x50 CMakeFiles/pico_mandelbrot.dir/home/mr/.pico-sdk/sdk/2.1.1/src/rp2_common/pico_divider/divider_hardware.S.o
                0x10002b84                __wrap___aeabi_idivmod
                0x10002b84                divmod_s32s32
                0x10002b84                div_s32s32
                0x10002b84                __wrap___aeabi_idiv
                0x10002b8c                divmod_s32s32_unsafe
                0x10002bb8                divmod_s32s32_savestate
 .text.__wrap___aeabi_uidiv
                0x10002bd4       0x4c CMakeFiles/pico_mandelbrot.dir/home/mr/.pico-sdk/sdk/2.1.1/src/rp2_common/pico_divider/divider_hardware.S.o
                0x10002bd4                __wrap___aeabi_uidiv
                0x10002bd4                __wrap___aeabi_uidivmod
                0x10002bd4                div_u32u32
                0x10002bd4                divmod_u32u32
                0x10002bdc                divmod_u32u32_unsafe
                0x10002c04                divmod_u32u32_savestate
 .text.__wrap___aeabi_ldiv
                0x10002c20      0x424 CMakeFiles/pico_mandelbrot.dir/home/mr/.pico-sdk/sdk/2.1.1/src/rp2_common/pico_divider/divider_hardware.S.o
                0x10002c20                div_s64s64
                0x10002c20                divmod_s64s64
                0x10002c20                __wrap___aeabi_ldivmod
                0x10002c50                div_u64u64
                0x10002c50                divmod_u64u64
                0x10002c50                __wrap___aeabi_uldivmod
                0x10002c60                divmod_u64u64_savestate
                0x10002c80                divmod_s64s64_unsafe
                0x10002d08                divmod_u64u64_unsafe
 .text.__wrap___aeabi_darithmetic
                0x10003044       0x60 CMakeFiles/pico_mandelbrot.dir/home/mr/.pico-sdk/sdk/2.1.1/src/rp2_common/pico_double/double_aeabi_rp2040.S.o
                0x10003044                __wrap___aeabi_drsub
                0x1000304a                __wrap___aeabi_dsub
                0x10003054                __wrap___aeabi_dadd
                0x1000305e                __wrap___aeabi_ddiv
                0x10003092                __wrap___aeabi_dmul
 .text.__wrap___aeabi_cdcmple
                0x100030a4       0x6c CMakeFiles/pico_mandelbrot.dir/home/mr/.pico-sdk/sdk/2.1.1/src/rp2_common/pico_double/double_aeabi_rp2040.S.o
                0x100030a4                __wrap___aeabi_cdrcmple
                0x100030b4                __wrap___aeabi_cdcmple
                0x100030b4                __wrap___aeabi_cdcmpeq
 .text.__wrap___aeabi_dcmplt
                0x10003110        0xc CMakeFiles/pico_mandelbrot.dir/home/mr/.pico-sdk/sdk/2.1.1/src/rp2_common/pico_double/double_aeabi_rp2040.S.o
                0x10003110                __wrap___aeabi_dcmplt
 .text.__wrap___aeabi_dcmple
                0x1000311c       0x10 CMakeFiles/pico_mandelbrot.dir/home/mr/.pico-sdk/sdk/2.1.1/src/rp2_common/pico_double/double_aeabi_rp2040.S.o
                0x1000311c                __wrap___aeabi_dcmple
 .text.__wrap___aeabi_dcmpge
                0x1000312c       0x10 CMakeFiles/pico_mandelbrot.dir/home/mr/.pico-sdk/sdk/2.1.1/src/rp2_common/pico_double/double_aeabi_rp2040.S.o
                0x1000312c                __wrap___aeabi_dcmpge
 .text.__wrap___aeabi_dcmpgt
                0x1000313c        0xa CMakeFiles/pico_mandelbrot.dir/home/mr/.pico-sdk/sdk/2.1.1/src/rp2_common/pico_double/double_aeabi_rp2040.S.o
                0x1000313c                __wrap___aeabi_dcmpgt
 .text.__wrap___aeabi_dcmpun
                0x10003146       0x18 CMakeFiles/pico_mandelbrot.dir/home/mr/.pico-sdk/sdk/2.1.1/src/rp2_common/pico_double/double_aeabi_rp2040.S.o
                0x10003146                __wrap___aeabi_dcmpun
 *fill*         0x1000315e        0x2 
 .text.__wrap___aeabi_i2d
                0x10003160       0x38 CMakeFiles/pico_mandelbrot.dir/home/mr/.pico-sdk/sdk/2.1.1/src/rp2_common/pico_double/double_aeabi_rp2040.S.o
                0x10003160                __wrap___aeabi_ui2d
                0x10003160                uint2double
                0x10003168                __wrap___aeabi_i2d
                0x10003168                int2double
 .text.__wrap___aeabi_d2iz
                0x10003198       0x48 CMakeFiles/pico_mandelbrot.dir/home/mr/.pico-sdk/sdk/2.1.1/src/rp2_common/pico_double/double_aeabi_rp2040.S.o
                0x10003198                __wrap___aeabi_d2iz
                0x10003198                double2int_z
 .text.__wrap___aeabi_d2uiz
                0x100031e0       0x10 CMakeFiles/pico_mandelbrot.dir/home/mr/.pico-sdk/sdk/2.1.1/src/rp2_common/pico_double/double_aeabi_rp2040.S.o
                0x100031e0                double2uint_z
                0x100031e0                double2uint
                0x100031e0                __wrap___aeabi_d2uiz
 .text.missing_double_func_shim
                0x100031f0        0xc CMakeFiles/pico_mandelbrot.dir/home/mr/.pico-sdk/sdk/2.1.1/src/rp2_common/pico_double/double_init_rom_rp2040.c.o
 .text.__aeabi_double_init
                0x100031fc       0xa0 CMakeFiles/pico_mandelbrot.dir/home/mr/.pico-sdk/sdk/2.1.1/src/rp2_common/pico_double/double_init_rom_rp2040.c.o
                0x100031fc                __aeabi_double_init
 .text.double_table_shim_on_use_helper
                0x1000329c       0x2c CMakeFiles/pico_mandelbrot.dir/home/mr/.pico-sdk/sdk/2.1.1/src/rp2_common/pico_double/double_v1_rom_shim_rp2040.S.o
                0x1000329c                double_table_shim_on_use_helper
 .text.__aeabi_lmul
                0x100032c8       0x32 CMakeFiles/pico_mandelbrot.dir/home/mr/.pico-sdk/sdk/2.1.1/src/rp2_common/pico_int64_ops/pico_int64_ops_aeabi.S.o
                0x100032c8                __wrap___aeabi_lmul
 *fill*         0x100032fa        0x2 
 .text.__wrap___aeabi_farithmetic
                0x100032fc       0x48 CMakeFiles/pico_mandelbrot.dir/home/mr/.pico-sdk/sdk/2.1.1/src/rp2_common/pico_float/float_aeabi_rp2040.S.o
                0x100032fc                __wrap___aeabi_frsub
                0x10003302                __wrap___aeabi_fsub
                0x10003308                __wrap___aeabi_fadd
                0x1000330e                __wrap___aeabi_fdiv
                0x10003336                __wrap___aeabi_fmul
 .text.__wrap___aeabi_cfcmple
                0x10003344       0x50 CMakeFiles/pico_mandelbrot.dir/home/mr/.pico-sdk/sdk/2.1.1/src/rp2_common/pico_float/float_aeabi_rp2040.S.o
                0x10003344                __wrap___aeabi_cfrcmple
                0x10003350                __wrap___aeabi_cfcmpeq
                0x10003350                __wrap___aeabi_cfcmple
 .text.__wrap___aeabi_fcmpeq
                0x10003394       0x10 CMakeFiles/pico_mandelbrot.dir/home/mr/.pico-sdk/sdk/2.1.1/src/rp2_common/pico_float/float_aeabi_rp2040.S.o
                0x10003394                __wrap___aeabi_fcmpeq
 .text.__wrap___aeabi_fcmple
                0x100033a4       0x10 CMakeFiles/pico_mandelbrot.dir/home/mr/.pico-sdk/sdk/2.1.1/src/rp2_common/pico_float/float_aeabi_rp2040.S.o
                0x100033a4                __wrap___aeabi_fcmple
 .text.__wrap___aeabi_fcmpun
                0x100033b4       0x18 CMakeFiles/pico_mandelbrot.dir/home/mr/.pico-sdk/sdk/2.1.1/src/rp2_common/pico_float/float_aeabi_rp2040.S.o
                0x100033b4                __wrap___aeabi_fcmpun
 .text.__wrap___aeabi_ui2f
                0x100033cc        0xa CMakeFiles/pico_mandelbrot.dir/home/mr/.pico-sdk/sdk/2.1.1/src/rp2_common/pico_float/float_aeabi_rp2040.S.o
                0x100033cc                uint2float
                0x100033cc                __wrap___aeabi_ui2f
 *fill*         0x100033d6        0x2 
 .text.__wrap___aeabi_i2f
                0x100033d8       0x44 CMakeFiles/pico_mandelbrot.dir/home/mr/.pico-sdk/sdk/2.1.1/src/rp2_common/pico_float/float_aeabi_rp2040.S.o
                0x100033d8                int2float
                0x100033d8                __wrap___aeabi_i2f
 .text.__wrap___aeabi_f2d
                0x1000341c        0xc CMakeFiles/pico_mandelbrot.dir/home/mr/.pico-sdk/sdk/2.1.1/src/rp2_common/pico_float/float_aeabi_rp2040.S.o
                0x1000341c                __wrap___aeabi_f2d
 .text.__wrap_sqrtf
                0x10003428        0xc CMakeFiles/pico_mandelbrot.dir/home/mr/.pico-sdk/sdk/2.1.1/src/rp2_common/pico_float/float_aeabi_rp2040.S.o
                0x10003428                __wrap_sqrtf
 .text.missing_float_func_shim
                0x10003434        0xc CMakeFiles/pico_mandelbrot.dir/home/mr/.pico-sdk/sdk/2.1.1/src/rp2_common/pico_float/float_init_rom_rp2040.c.o
 .text.__aeabi_float_init
                0x10003440       0x5c CMakeFiles/pico_mandelbrot.dir/home/mr/.pico-sdk/sdk/2.1.1/src/rp2_common/pico_float/float_init_rom_rp2040.c.o
                0x10003440                __aeabi_float_init
 .text.__wrap_hypotf
                0x1000349c      0x110 CMakeFiles/pico_mandelbrot.dir/home/mr/.pico-sdk/sdk/2.1.1/src/rp2_common/pico_float/float_math.c.o
                0x1000349c                __wrap_hypotf
 .text.__wrap_malloc
                0x100035ac       0x24 CMakeFiles/pico_mandelbrot.dir/home/mr/.pico-sdk/sdk/2.1.1/src/rp2_common/pico_malloc/malloc.c.o
                0x100035ac                __wrap_malloc
 .text.__wrap_realloc
                0x100035d0       0x24 CMakeFiles/pico_mandelbrot.dir/home/mr/.pico-sdk/sdk/2.1.1/src/rp2_common/pico_malloc/malloc.c.o
                0x100035d0                __wrap_realloc
 .text.__wrap_free
                0x100035f4        0x8 CMakeFiles/pico_mandelbrot.dir/home/mr/.pico-sdk/sdk/2.1.1/src/rp2_common/pico_malloc/malloc.c.o
                0x100035f4                __wrap_free
 .text          0x100035fc       0x10 CMakeFiles/pico_mandelbrot.dir/home/mr/.pico-sdk/sdk/2.1.1/src/rp2_common/pico_mem_ops/mem_ops_aeabi.S.o
                0x100035fc                __aeabi_mem_init
 .text.memset   0x1000360c        0xc CMakeFiles/pico_mandelbrot.dir/home/mr/.pico-sdk/sdk/2.1.1/src/rp2_common/pico_mem_ops/mem_ops_aeabi.S.o
                0x1000360c                __wrap_memset
 .text.memcpy   0x10003618        0xc CMakeFiles/pico_mandelbrot.dir/home/mr/.pico-sdk/sdk/2.1.1/src/rp2_common/pico_mem_ops/mem_ops_aeabi.S.o
                0x10003618                __wrap___aeabi_memcpy
                0x10003618                __wrap_memcpy
 .text._out_null
                0x10003624        0x4 CMakeFiles/pico_mandelbrot.dir/home/mr/.pico-sdk/sdk/2.1.1/src/rp2_common/pico_printf/printf.c.o
 .text._out_rev
                0x10003628       0xac CMakeFiles/pico_mandelbrot.dir/home/mr/.pico-sdk/sdk/2.1.1/src/rp2_common/pico_printf/printf.c.o
 .text._ntoa_format
                0x100036d4      0x1cc CMakeFiles/pico_mandelbrot.dir/home/mr/.pico-sdk/sdk/2.1.1/src/rp2_common/pico_printf/printf.c.o
 .text._out_char
                0x100038a0       0x10 CMakeFiles/pico_mandelbrot.dir/home/mr/.pico-sdk/sdk/2.1.1/src/rp2_common/pico_printf/printf.c.o
 .text._out_fct
                0x100038b0       0x10 CMakeFiles/pico_mandelbrot.dir/home/mr/.pico-sdk/sdk/2.1.1/src/rp2_common/pico_printf/printf.c.o
 .text._ftoa    0x100038c0      0x4a8 CMakeFiles/pico_mandelbrot.dir/home/mr/.pico-sdk/sdk/2.1.1/src/rp2_common/pico_printf/printf.c.o
 .text._etoa    0x10003d68      0x57c CMakeFiles/pico_mandelbrot.dir/home/mr/.pico-sdk/sdk/2.1.1/src/rp2_common/pico_printf/printf.c.o
 .text._vsnprintf
                0x100042e4      0xbe0 CMakeFiles/pico_mandelbrot.dir/home/mr/.pico-sdk/sdk/2.1.1/src/rp2_common/pico_printf/printf.c.o
 .text.vfctprintf
                0x10004ec4       0x24 CMakeFiles/pico_mandelbrot.dir/home/mr/.pico-sdk/sdk/2.1.1/src/rp2_common/pico_printf/printf.c.o
                0x10004ec4                vfctprintf
 .text.weak_raw_vprintf
                0x10004ee8       0x30 CMakeFiles/pico_mandelbrot.dir/home/mr/.pico-sdk/sdk/2.1.1/src/rp2_common/pico_printf/printf.c.o
                0x10004ee8                weak_raw_vprintf
 .text._exit    0x10004f18        0x4 CMakeFiles/pico_mandelbrot.dir/home/mr/.pico-sdk/sdk/2.1.1/src/rp2_common/pico_clib_interface/newlib_interface.c.o
                0x10004f18                _exit
 .text._sbrk    0x10004f1c       0x34 CMakeFiles/pico_mandelbrot.dir/home/mr/.pico-sdk/sdk/2.1.1/src/rp2_common/pico_clib_interface/newlib_interface.c.o
                0x10004f1c                _sbrk
 .text.exit     0x10004f50        0x8 CMakeFiles/pico_mandelbrot.dir/home/mr/.pico-sdk/sdk/2.1.1/src/rp2_common/pico_clib_interface/newlib_interface.c.o
                0x10004f50                exit
 .text.runtime_init
                0x10004f58       0x2c CMakeFiles/pico_mandelbrot.dir/home/mr/.pico-sdk/sdk/2.1.1/src/rp2_common/pico_clib_interface/newlib_interface.c.o
                0x10004f58                runtime_init
 .text.stdio_out_chars_no_crlf
                0x10004f84       0x10 CMakeFiles/pico_mandelbrot.dir/home/mr/.pico-sdk/sdk/2.1.1/src/rp2_common/pico_stdio/stdio.c.o
 .text.stdio_out_chars_crlf
                0x10004f94       0xb0 CMakeFiles/pico_mandelbrot.dir/home/mr/.pico-sdk/sdk/2.1.1/src/rp2_common/pico_stdio/stdio.c.o
 .text.stdio_buffered_printer
                0x10005044       0x64 CMakeFiles/pico_mandelbrot.dir/home/mr/.pico-sdk/sdk/2.1.1/src/rp2_common/pico_stdio/stdio.c.o
 .text.stdio_put_string
                0x100050a8       0xfc CMakeFiles/pico_mandelbrot.dir/home/mr/.pico-sdk/sdk/2.1.1/src/rp2_common/pico_stdio/stdio.c.o
                0x100050a8                stdio_put_string
 .text.stdio_set_driver_enabled
                0x100051a4       0x30 CMakeFiles/pico_mandelbrot.dir/home/mr/.pico-sdk/sdk/2.1.1/src/rp2_common/pico_stdio/stdio.c.o
                0x100051a4                stdio_set_driver_enabled
 .text.stdio_init_all
                0x100051d4       0x10 CMakeFiles/pico_mandelbrot.dir/home/mr/.pico-sdk/sdk/2.1.1/src/rp2_common/pico_stdio/stdio.c.o
                0x100051d4                stdio_init_all
 .text.__wrap_putchar
                0x100051e4       0x94 CMakeFiles/pico_mandelbrot.dir/home/mr/.pico-sdk/sdk/2.1.1/src/rp2_common/pico_stdio/stdio.c.o
                0x100051e4                stdio_putchar
                0x100051e4                __wrap_putchar
 .text.__wrap_puts
                0x10005278       0x3c CMakeFiles/pico_mandelbrot.dir/home/mr/.pico-sdk/sdk/2.1.1/src/rp2_common/pico_stdio/stdio.c.o
                0x10005278                __wrap_puts
                0x10005278                stdio_puts
 .text.__wrap_vprintf
                0x100052b4       0xcc CMakeFiles/pico_mandelbrot.dir/home/mr/.pico-sdk/sdk/2.1.1/src/rp2_common/pico_stdio/stdio.c.o
                0x100052b4                __wrap_vprintf
                0x100052b4                stdio_vprintf
 .text.__wrap_printf
                0x10005380       0x18 CMakeFiles/pico_mandelbrot.dir/home/mr/.pico-sdk/sdk/2.1.1/src/rp2_common/pico_stdio/stdio.c.o
                0x10005380                stdio_printf
                0x10005380                __wrap_printf
 .text.stdio_uart_out_chars
                0x10005398       0x4c CMakeFiles/pico_mandelbrot.dir/home/mr/.pico-sdk/sdk/2.1.1/src/rp2_common/pico_stdio_uart/stdio_uart.c.o
 .text.stdio_uart_in_chars
                0x100053e4       0x90 CMakeFiles/pico_mandelbrot.dir/home/mr/.pico-sdk/sdk/2.1.1/src/rp2_common/pico_stdio_uart/stdio_uart.c.o
                0x100053e4                stdio_uart_in_chars
 .text.on_uart_rx
                0x10005474       0x28 CMakeFiles/pico_mandelbrot.dir/home/mr/.pico-sdk/sdk/2.1.1/src/rp2_common/pico_stdio_uart/stdio_uart.c.o
 .text.stdio_uart_out_flush
                0x1000549c       0x14 CMakeFiles/pico_mandelbrot.dir/home/mr/.pico-sdk/sdk/2.1.1/src/rp2_common/pico_stdio_uart/stdio_uart.c.o
 .text.stdio_uart_set_chars_available_callback
                0x100054b0       0x84 CMakeFiles/pico_mandelbrot.dir/home/mr/.pico-sdk/sdk/2.1.1/src/rp2_common/pico_stdio_uart/stdio_uart.c.o
 .text.stdio_uart_init
                0x10005534       0x50 CMakeFiles/pico_mandelbrot.dir/home/mr/.pico-sdk/sdk/2.1.1/src/rp2_common/pico_stdio_uart/stdio_uart.c.o
                0x10005534                stdio_uart_init
 .text.resetd_init
                0x10005584        0x4 CMakeFiles/pico_mandelbrot.dir/home/mr/.pico-sdk/sdk/2.1.1/src/rp2_common/pico_stdio_usb/reset_interface.c.o
 .text.resetd_reset
                0x10005588        0xc CMakeFiles/pico_mandelbrot.dir/home/mr/.pico-sdk/sdk/2.1.1/src/rp2_common/pico_stdio_usb/reset_interface.c.o
 .text.resetd_open
                0x10005594       0x28 CMakeFiles/pico_mandelbrot.dir/home/mr/.pico-sdk/sdk/2.1.1/src/rp2_common/pico_stdio_usb/reset_interface.c.o
 .text.resetd_xfer_cb
                0x100055bc        0x4 CMakeFiles/pico_mandelbrot.dir/home/mr/.pico-sdk/sdk/2.1.1/src/rp2_common/pico_stdio_usb/reset_interface.c.o
 .text.resetd_control_xfer_cb
                0x100055c0       0x54 CMakeFiles/pico_mandelbrot.dir/home/mr/.pico-sdk/sdk/2.1.1/src/rp2_common/pico_stdio_usb/reset_interface.c.o
 .text.tud_descriptor_bos_cb
                0x10005614        0x8 CMakeFiles/pico_mandelbrot.dir/home/mr/.pico-sdk/sdk/2.1.1/src/rp2_common/pico_stdio_usb/reset_interface.c.o
                0x10005614                tud_descriptor_bos_cb
 .text.tud_vendor_control_xfer_cb
                0x1000561c       0x34 CMakeFiles/pico_mandelbrot.dir/home/mr/.pico-sdk/sdk/2.1.1/src/rp2_common/pico_stdio_usb/reset_interface.c.o
                0x1000561c                tud_vendor_control_xfer_cb
 .text.usbd_app_driver_get_cb
                0x10005650        0xc CMakeFiles/pico_mandelbrot.dir/home/mr/.pico-sdk/sdk/2.1.1/src/rp2_common/pico_stdio_usb/reset_interface.c.o
                0x10005650                usbd_app_driver_get_cb
 .text.tud_cdc_line_coding_cb
                0x1000565c       0x2c CMakeFiles/pico_mandelbrot.dir/home/mr/.pico-sdk/sdk/2.1.1/src/rp2_common/pico_stdio_usb/reset_interface.c.o
                0x1000565c                tud_cdc_line_coding_cb
 .text.stdio_usb_set_chars_available_callback
                0x10005688       0x14 CMakeFiles/pico_mandelbrot.dir/home/mr/.pico-sdk/sdk/2.1.1/src/rp2_common/pico_stdio_usb/stdio_usb.c.o
                0x10005688                stdio_usb_set_chars_available_callback
 .text.usb_irq  0x1000569c       0x10 CMakeFiles/pico_mandelbrot.dir/home/mr/.pico-sdk/sdk/2.1.1/src/rp2_common/pico_stdio_usb/stdio_usb.c.o
 .text.timer_task
                0x100056ac       0x64 CMakeFiles/pico_mandelbrot.dir/home/mr/.pico-sdk/sdk/2.1.1/src/rp2_common/pico_stdio_usb/stdio_usb.c.o
 .text.stdio_usb_in_chars
                0x10005710       0x8c CMakeFiles/pico_mandelbrot.dir/home/mr/.pico-sdk/sdk/2.1.1/src/rp2_common/pico_stdio_usb/stdio_usb.c.o
                0x10005710                stdio_usb_in_chars
 .text.stdio_usb_out_flush
                0x1000579c       0x4c CMakeFiles/pico_mandelbrot.dir/home/mr/.pico-sdk/sdk/2.1.1/src/rp2_common/pico_stdio_usb/stdio_usb.c.o
 .text.stdio_usb_out_chars
                0x100057e8      0x100 CMakeFiles/pico_mandelbrot.dir/home/mr/.pico-sdk/sdk/2.1.1/src/rp2_common/pico_stdio_usb/stdio_usb.c.o
 .text.low_priority_worker_irq
                0x100058e8       0xc8 CMakeFiles/pico_mandelbrot.dir/home/mr/.pico-sdk/sdk/2.1.1/src/rp2_common/pico_stdio_usb/stdio_usb.c.o
 .text.stdio_usb_init
                0x100059b0       0xe8 CMakeFiles/pico_mandelbrot.dir/home/mr/.pico-sdk/sdk/2.1.1/src/rp2_common/pico_stdio_usb/stdio_usb.c.o
                0x100059b0                stdio_usb_init
 .text.tud_descriptor_device_cb
                0x10005a98        0x8 CMakeFiles/pico_mandelbrot.dir/home/mr/.pico-sdk/sdk/2.1.1/src/rp2_common/pico_stdio_usb/stdio_usb_descriptors.c.o
                0x10005a98                tud_descriptor_device_cb
 .text.tud_descriptor_configuration_cb
                0x10005aa0        0x8 CMakeFiles/pico_mandelbrot.dir/home/mr/.pico-sdk/sdk/2.1.1/src/rp2_common/pico_stdio_usb/stdio_usb_descriptors.c.o
                0x10005aa0                tud_descriptor_configuration_cb
 .text.tud_descriptor_string_cb
                0x10005aa8       0x78 CMakeFiles/pico_mandelbrot.dir/home/mr/.pico-sdk/sdk/2.1.1/src/rp2_common/pico_stdio_usb/stdio_usb_descriptors.c.o
                0x10005aa8                tud_descriptor_string_cb
 .text.startup._retrieve_unique_id_on_boot
                0x10005b20       0x10 CMakeFiles/pico_mandelbrot.dir/home/mr/.pico-sdk/sdk/2.1.1/src/rp2_common/pico_unique_id/unique_id.c.o
 .text.pico_get_unique_board_id_string
                0x10005b30      0x1a8 CMakeFiles/pico_mandelbrot.dir/home/mr/.pico-sdk/sdk/2.1.1/src/rp2_common/pico_unique_id/unique_id.c.o
                0x10005b30                pico_get_unique_board_id_string
 .text.flash_get_unique_id
                0x10005cd8       0x3c CMakeFiles/pico_mandelbrot.dir/home/mr/.pico-sdk/sdk/2.1.1/src/rp2_common/hardware_flash/flash.c.o
                0x10005cd8                flash_get_unique_id
 .text.dcd_init
                0x10005d14       0x90 CMakeFiles/pico_mandelbrot.dir/home/mr/.pico-sdk/sdk/2.1.1/lib/tinyusb/src/portable/raspberrypi/rp2040/dcd_rp2040.c.o
                0x10005d14                dcd_init
 .text.dcd_int_enable
                0x10005da4        0xc CMakeFiles/pico_mandelbrot.dir/home/mr/.pico-sdk/sdk/2.1.1/lib/tinyusb/src/portable/raspberrypi/rp2040/dcd_rp2040.c.o
                0x10005da4                dcd_int_enable
 .text.dcd_set_address
                0x10005db0       0x14 CMakeFiles/pico_mandelbrot.dir/home/mr/.pico-sdk/sdk/2.1.1/lib/tinyusb/src/portable/raspberrypi/rp2040/dcd_rp2040.c.o
                0x10005db0                dcd_set_address
 .text.dcd_sof_enable
                0x10005dc4       0x1c CMakeFiles/pico_mandelbrot.dir/home/mr/.pico-sdk/sdk/2.1.1/lib/tinyusb/src/portable/raspberrypi/rp2040/dcd_rp2040.c.o
                0x10005dc4                dcd_sof_enable
 .text.dcd_edpt0_status_complete
                0x10005de0       0x1c CMakeFiles/pico_mandelbrot.dir/home/mr/.pico-sdk/sdk/2.1.1/lib/tinyusb/src/portable/raspberrypi/rp2040/dcd_rp2040.c.o
                0x10005de0                dcd_edpt0_status_complete
 .text.dcd_edpt_open
                0x10005dfc      0x114 CMakeFiles/pico_mandelbrot.dir/home/mr/.pico-sdk/sdk/2.1.1/lib/tinyusb/src/portable/raspberrypi/rp2040/dcd_rp2040.c.o
                0x10005dfc                dcd_edpt_open
 .text.dcd_edpt_close_all
                0x10005f10        0x8 CMakeFiles/pico_mandelbrot.dir/home/mr/.pico-sdk/sdk/2.1.1/lib/tinyusb/src/portable/raspberrypi/rp2040/dcd_rp2040.c.o
                0x10005f10                dcd_edpt_close_all
 .text.dcd_edpt_xfer
                0x10005f18       0x24 CMakeFiles/pico_mandelbrot.dir/home/mr/.pico-sdk/sdk/2.1.1/lib/tinyusb/src/portable/raspberrypi/rp2040/dcd_rp2040.c.o
                0x10005f18                dcd_edpt_xfer
 .text.dcd_edpt_stall
                0x10005f3c       0x3c CMakeFiles/pico_mandelbrot.dir/home/mr/.pico-sdk/sdk/2.1.1/lib/tinyusb/src/portable/raspberrypi/rp2040/dcd_rp2040.c.o
                0x10005f3c                dcd_edpt_stall
 .text.dcd_edpt_clear_stall
                0x10005f78       0x30 CMakeFiles/pico_mandelbrot.dir/home/mr/.pico-sdk/sdk/2.1.1/lib/tinyusb/src/portable/raspberrypi/rp2040/dcd_rp2040.c.o
                0x10005f78                dcd_edpt_clear_stall
 .text.rp2040_usb_init
                0x10005fa8       0x40 CMakeFiles/pico_mandelbrot.dir/home/mr/.pico-sdk/sdk/2.1.1/lib/tinyusb/src/portable/raspberrypi/rp2040/rp2040_usb.c.o
                0x10005fa8                rp2040_usb_init
 .text.hw_endpoint_xfer_start
                0x10005fe8       0x40 CMakeFiles/pico_mandelbrot.dir/home/mr/.pico-sdk/sdk/2.1.1/lib/tinyusb/src/portable/raspberrypi/rp2040/rp2040_usb.c.o
                0x10005fe8                hw_endpoint_xfer_start
 .text.tud_event_hook_cb
                0x10006028        0x4 CMakeFiles/pico_mandelbrot.dir/home/mr/.pico-sdk/sdk/2.1.1/lib/tinyusb/src/device/usbd.c.o
                0x10006028                tud_event_hook_cb
 .text.tud_sof_cb
                0x1000602c        0x4 CMakeFiles/pico_mandelbrot.dir/home/mr/.pico-sdk/sdk/2.1.1/lib/tinyusb/src/device/usbd.c.o
                0x1000602c                tud_sof_cb
 .text.tud_descriptor_device_qualifier_cb
                0x10006030        0x4 CMakeFiles/pico_mandelbrot.dir/home/mr/.pico-sdk/sdk/2.1.1/lib/tinyusb/src/device/usbd.c.o
                0x10006030                tud_descriptor_device_qualifier_cb
 .text.tud_descriptor_other_speed_configuration_cb
                0x10006034        0x4 CMakeFiles/pico_mandelbrot.dir/home/mr/.pico-sdk/sdk/2.1.1/lib/tinyusb/src/device/usbd.c.o
                0x10006034                tud_descriptor_other_speed_configuration_cb
 .text.tud_mount_cb
                0x10006038        0x4 CMakeFiles/pico_mandelbrot.dir/home/mr/.pico-sdk/sdk/2.1.1/lib/tinyusb/src/device/usbd.c.o
                0x10006038                tud_mount_cb
 .text.tud_umount_cb
                0x1000603c        0x4 CMakeFiles/pico_mandelbrot.dir/home/mr/.pico-sdk/sdk/2.1.1/lib/tinyusb/src/device/usbd.c.o
                0x1000603c                tud_umount_cb
 .text.tud_suspend_cb
                0x10006040        0x4 CMakeFiles/pico_mandelbrot.dir/home/mr/.pico-sdk/sdk/2.1.1/lib/tinyusb/src/device/usbd.c.o
                0x10006040                tud_suspend_cb
 .text.tud_resume_cb
                0x10006044        0x4 CMakeFiles/pico_mandelbrot.dir/home/mr/.pico-sdk/sdk/2.1.1/lib/tinyusb/src/device/usbd.c.o
                0x10006044                tud_resume_cb
 .text.tud_mounted
                0x10006048       0x10 CMakeFiles/pico_mandelbrot.dir/home/mr/.pico-sdk/sdk/2.1.1/lib/tinyusb/src/device/usbd.c.o
                0x10006048                tud_mounted
 .text.tud_suspended
                0x10006058       0x10 CMakeFiles/pico_mandelbrot.dir/home/mr/.pico-sdk/sdk/2.1.1/lib/tinyusb/src/device/usbd.c.o
                0x10006058                tud_suspended
 .text.tud_rhport_init
                0x10006068       0xf4 CMakeFiles/pico_mandelbrot.dir/home/mr/.pico-sdk/sdk/2.1.1/lib/tinyusb/src/device/usbd.c.o
                0x10006068                tud_rhport_init
 .text.tud_task_ext
                0x1000615c      0x800 CMakeFiles/pico_mandelbrot.dir/home/mr/.pico-sdk/sdk/2.1.1/lib/tinyusb/src/device/usbd.c.o
                0x1000615c                tud_task_ext
 .text.usbd_open_edpt_pair
                0x1000695c       0x9c CMakeFiles/pico_mandelbrot.dir/home/mr/.pico-sdk/sdk/2.1.1/lib/tinyusb/src/device/usbd.c.o
                0x1000695c                usbd_open_edpt_pair
 .text.usbd_edpt_open
                0x100069f8       0x34 CMakeFiles/pico_mandelbrot.dir/home/mr/.pico-sdk/sdk/2.1.1/lib/tinyusb/src/device/usbd.c.o
                0x100069f8                usbd_edpt_open
 .text.usbd_edpt_claim
                0x10006a2c       0x28 CMakeFiles/pico_mandelbrot.dir/home/mr/.pico-sdk/sdk/2.1.1/lib/tinyusb/src/device/usbd.c.o
                0x10006a2c                usbd_edpt_claim
 .text.usbd_edpt_release
                0x10006a54       0x28 CMakeFiles/pico_mandelbrot.dir/home/mr/.pico-sdk/sdk/2.1.1/lib/tinyusb/src/device/usbd.c.o
                0x10006a54                usbd_edpt_release
 .text.usbd_edpt_xfer
                0x10006a7c       0x4c CMakeFiles/pico_mandelbrot.dir/home/mr/.pico-sdk/sdk/2.1.1/lib/tinyusb/src/device/usbd.c.o
                0x10006a7c                usbd_edpt_xfer
 .text.tud_control_status
                0x10006ac8       0x2c CMakeFiles/pico_mandelbrot.dir/home/mr/.pico-sdk/sdk/2.1.1/lib/tinyusb/src/device/usbd_control.c.o
                0x10006ac8                tud_control_status
 .text.tud_control_xfer
                0x10006af4       0xa8 CMakeFiles/pico_mandelbrot.dir/home/mr/.pico-sdk/sdk/2.1.1/lib/tinyusb/src/device/usbd_control.c.o
                0x10006af4                tud_control_xfer
 .text.usbd_control_reset
                0x10006b9c       0x14 CMakeFiles/pico_mandelbrot.dir/home/mr/.pico-sdk/sdk/2.1.1/lib/tinyusb/src/device/usbd_control.c.o
                0x10006b9c                usbd_control_reset
 .text.usbd_control_set_complete_callback
                0x10006bb0        0xc CMakeFiles/pico_mandelbrot.dir/home/mr/.pico-sdk/sdk/2.1.1/lib/tinyusb/src/device/usbd_control.c.o
                0x10006bb0                usbd_control_set_complete_callback
 .text.usbd_control_set_request
                0x10006bbc       0x1c CMakeFiles/pico_mandelbrot.dir/home/mr/.pico-sdk/sdk/2.1.1/lib/tinyusb/src/device/usbd_control.c.o
                0x10006bbc                usbd_control_set_request
 .text.usbd_control_xfer_cb
                0x10006bd8       0xec CMakeFiles/pico_mandelbrot.dir/home/mr/.pico-sdk/sdk/2.1.1/lib/tinyusb/src/device/usbd_control.c.o
                0x10006bd8                usbd_control_xfer_cb
 .text._prep_out_transaction.isra.0
                0x10006cc4       0x6c CMakeFiles/pico_mandelbrot.dir/home/mr/.pico-sdk/sdk/2.1.1/lib/tinyusb/src/class/cdc/cdc_device.c.o
 .text.tud_cdc_n_connected
                0x10006d30       0x2c CMakeFiles/pico_mandelbrot.dir/home/mr/.pico-sdk/sdk/2.1.1/lib/tinyusb/src/class/cdc/cdc_device.c.o
                0x10006d30                tud_cdc_n_connected
 .text.tud_cdc_n_available
                0x10006d5c       0x14 CMakeFiles/pico_mandelbrot.dir/home/mr/.pico-sdk/sdk/2.1.1/lib/tinyusb/src/class/cdc/cdc_device.c.o
                0x10006d5c                tud_cdc_n_available
 .text.tud_cdc_n_read
                0x10006d70       0x88 CMakeFiles/pico_mandelbrot.dir/home/mr/.pico-sdk/sdk/2.1.1/lib/tinyusb/src/class/cdc/cdc_device.c.o
                0x10006d70                tud_cdc_n_read
 .text.tud_cdc_n_write_flush
                0x10006df8       0x74 CMakeFiles/pico_mandelbrot.dir/home/mr/.pico-sdk/sdk/2.1.1/lib/tinyusb/src/class/cdc/cdc_device.c.o
                0x10006df8                tud_cdc_n_write_flush
 .text.tud_cdc_n_write
                0x10006e6c       0x40 CMakeFiles/pico_mandelbrot.dir/home/mr/.pico-sdk/sdk/2.1.1/lib/tinyusb/src/class/cdc/cdc_device.c.o
                0x10006e6c                tud_cdc_n_write
 .text.tud_cdc_n_write_available
                0x10006eac       0x14 CMakeFiles/pico_mandelbrot.dir/home/mr/.pico-sdk/sdk/2.1.1/lib/tinyusb/src/class/cdc/cdc_device.c.o
                0x10006eac                tud_cdc_n_write_available
 .text.cdcd_init
                0x10006ec0       0x70 CMakeFiles/pico_mandelbrot.dir/home/mr/.pico-sdk/sdk/2.1.1/lib/tinyusb/src/class/cdc/cdc_device.c.o
                0x10006ec0                cdcd_init
 .text.cdcd_deinit
                0x10006f30       0x30 CMakeFiles/pico_mandelbrot.dir/home/mr/.pico-sdk/sdk/2.1.1/lib/tinyusb/src/class/cdc/cdc_device.c.o
                0x10006f30                cdcd_deinit
 .text.cdcd_reset
                0x10006f60       0x4c CMakeFiles/pico_mandelbrot.dir/home/mr/.pico-sdk/sdk/2.1.1/lib/tinyusb/src/class/cdc/cdc_device.c.o
                0x10006f60                cdcd_reset
 .text.cdcd_open
                0x10006fac       0xa4 CMakeFiles/pico_mandelbrot.dir/home/mr/.pico-sdk/sdk/2.1.1/lib/tinyusb/src/class/cdc/cdc_device.c.o
                0x10006fac                cdcd_open
 .text.cdcd_control_xfer_cb
                0x10007050       0xe8 CMakeFiles/pico_mandelbrot.dir/home/mr/.pico-sdk/sdk/2.1.1/lib/tinyusb/src/class/cdc/cdc_device.c.o
                0x10007050                cdcd_control_xfer_cb
 .text.cdcd_xfer_cb
                0x10007138      0x100 CMakeFiles/pico_mandelbrot.dir/home/mr/.pico-sdk/sdk/2.1.1/lib/tinyusb/src/class/cdc/cdc_device.c.o
                0x10007138                cdcd_xfer_cb
 .text.vendord_init
                0x10007238       0x5c CMakeFiles/pico_mandelbrot.dir/home/mr/.pico-sdk/sdk/2.1.1/lib/tinyusb/src/class/vendor/vendor_device.c.o
                0x10007238                vendord_init
 .text.vendord_deinit
                0x10007294       0x1c CMakeFiles/pico_mandelbrot.dir/home/mr/.pico-sdk/sdk/2.1.1/lib/tinyusb/src/class/vendor/vendor_device.c.o
                0x10007294                vendord_deinit
 .text.vendord_reset
                0x100072b0       0x28 CMakeFiles/pico_mandelbrot.dir/home/mr/.pico-sdk/sdk/2.1.1/lib/tinyusb/src/class/vendor/vendor_device.c.o
                0x100072b0                vendord_reset
 .text.vendord_open
                0x100072d8      0x120 CMakeFiles/pico_mandelbrot.dir/home/mr/.pico-sdk/sdk/2.1.1/lib/tinyusb/src/class/vendor/vendor_device.c.o
                0x100072d8                vendord_open
 .text.vendord_xfer_cb
                0x100073f8       0x9c CMakeFiles/pico_mandelbrot.dir/home/mr/.pico-sdk/sdk/2.1.1/lib/tinyusb/src/class/vendor/vendor_device.c.o
                0x100073f8                vendord_xfer_cb
 .text.tusb_rhport_init
                0x10007494       0x4c CMakeFiles/pico_mandelbrot.dir/home/mr/.pico-sdk/sdk/2.1.1/lib/tinyusb/src/tusb.c.o
                0x10007494                tusb_rhport_init
 .text.tu_edpt_claim
                0x100074e0       0x50 CMakeFiles/pico_mandelbrot.dir/home/mr/.pico-sdk/sdk/2.1.1/lib/tinyusb/src/tusb.c.o
                0x100074e0                tu_edpt_claim
 .text.tu_edpt_release
                0x10007530       0x38 CMakeFiles/pico_mandelbrot.dir/home/mr/.pico-sdk/sdk/2.1.1/lib/tinyusb/src/tusb.c.o
                0x10007530                tu_edpt_release
 .text.tu_edpt_validate
                0x10007568       0x7c CMakeFiles/pico_mandelbrot.dir/home/mr/.pico-sdk/sdk/2.1.1/lib/tinyusb/src/tusb.c.o
                0x10007568                tu_edpt_validate
 .text.tu_edpt_bind_driver
                0x100075e4       0x34 CMakeFiles/pico_mandelbrot.dir/home/mr/.pico-sdk/sdk/2.1.1/lib/tinyusb/src/tusb.c.o
                0x100075e4                tu_edpt_bind_driver
 .text.tu_edpt_stream_init
                0x10007618       0x6c CMakeFiles/pico_mandelbrot.dir/home/mr/.pico-sdk/sdk/2.1.1/lib/tinyusb/src/tusb.c.o
                0x10007618                tu_edpt_stream_init
 .text.tu_edpt_stream_deinit
                0x10007684        0x4 CMakeFiles/pico_mandelbrot.dir/home/mr/.pico-sdk/sdk/2.1.1/lib/tinyusb/src/tusb.c.o
                0x10007684                tu_edpt_stream_deinit
 .text.tu_edpt_stream_write_zlp_if_needed
                0x10007688       0x68 CMakeFiles/pico_mandelbrot.dir/home/mr/.pico-sdk/sdk/2.1.1/lib/tinyusb/src/tusb.c.o
                0x10007688                tu_edpt_stream_write_zlp_if_needed
 .text.tu_edpt_stream_write_xfer
                0x100076f0       0x68 CMakeFiles/pico_mandelbrot.dir/home/mr/.pico-sdk/sdk/2.1.1/lib/tinyusb/src/tusb.c.o
                0x100076f0                tu_edpt_stream_write_xfer
 .text.tu_edpt_stream_read_xfer
                0x10007758       0xd8 CMakeFiles/pico_mandelbrot.dir/home/mr/.pico-sdk/sdk/2.1.1/lib/tinyusb/src/tusb.c.o
                0x10007758                tu_edpt_stream_read_xfer
 .text.tu_fifo_config
                0x10007830       0x6c CMakeFiles/pico_mandelbrot.dir/home/mr/.pico-sdk/sdk/2.1.1/lib/tinyusb/src/common/tusb_fifo.c.o
                0x10007830                tu_fifo_config
 .text.tu_fifo_count
                0x1000789c       0x2c CMakeFiles/pico_mandelbrot.dir/home/mr/.pico-sdk/sdk/2.1.1/lib/tinyusb/src/common/tusb_fifo.c.o
                0x1000789c                tu_fifo_count
 .text.tu_fifo_empty
                0x100078c8       0x10 CMakeFiles/pico_mandelbrot.dir/home/mr/.pico-sdk/sdk/2.1.1/lib/tinyusb/src/common/tusb_fifo.c.o
                0x100078c8                tu_fifo_empty
 .text.tu_fifo_remaining
                0x100078d8       0x2c CMakeFiles/pico_mandelbrot.dir/home/mr/.pico-sdk/sdk/2.1.1/lib/tinyusb/src/common/tusb_fifo.c.o
                0x100078d8                tu_fifo_remaining
 .text.tu_fifo_read
                0x10007904       0x9c CMakeFiles/pico_mandelbrot.dir/home/mr/.pico-sdk/sdk/2.1.1/lib/tinyusb/src/common/tusb_fifo.c.o
                0x10007904                tu_fifo_read
 .text.tu_fifo_read_n
                0x100079a0       0xe8 CMakeFiles/pico_mandelbrot.dir/home/mr/.pico-sdk/sdk/2.1.1/lib/tinyusb/src/common/tusb_fifo.c.o
                0x100079a0                tu_fifo_read_n
 .text.tu_fifo_write
                0x10007a88       0xa4 CMakeFiles/pico_mandelbrot.dir/home/mr/.pico-sdk/sdk/2.1.1/lib/tinyusb/src/common/tusb_fifo.c.o
                0x10007a88                tu_fifo_write
 .text.tu_fifo_write_n
                0x10007b2c      0x178 CMakeFiles/pico_mandelbrot.dir/home/mr/.pico-sdk/sdk/2.1.1/lib/tinyusb/src/common/tusb_fifo.c.o
                0x10007b2c                tu_fifo_write_n
 .text.tu_fifo_clear
                0x10007ca4       0x40 CMakeFiles/pico_mandelbrot.dir/home/mr/.pico-sdk/sdk/2.1.1/lib/tinyusb/src/common/tusb_fifo.c.o
                0x10007ca4                tu_fifo_clear
 .text.tu_fifo_set_overwritable
                0x10007ce4       0x48 CMakeFiles/pico_mandelbrot.dir/home/mr/.pico-sdk/sdk/2.1.1/lib/tinyusb/src/common/tusb_fifo.c.o
                0x10007ce4                tu_fifo_set_overwritable
 .text.i2c_write_blocking_internal.constprop.0
                0x10007d2c       0xf8 CMakeFiles/pico_mandelbrot.dir/home/mr/.pico-sdk/sdk/2.1.1/src/rp2_common/hardware_i2c/i2c.c.o
 .text.i2c_set_baudrate
                0x10007e24       0xc0 CMakeFiles/pico_mandelbrot.dir/home/mr/.pico-sdk/sdk/2.1.1/src/rp2_common/hardware_i2c/i2c.c.o
                0x10007e24                i2c_set_baudrate
 .text.i2c_init
                0x10007ee4       0x50 CMakeFiles/pico_mandelbrot.dir/home/mr/.pico-sdk/sdk/2.1.1/src/rp2_common/hardware_i2c/i2c.c.o
                0x10007ee4                i2c_init
 .text.i2c_write_blocking
                0x10007f34       0x14 CMakeFiles/pico_mandelbrot.dir/home/mr/.pico-sdk/sdk/2.1.1/src/rp2_common/hardware_i2c/i2c.c.o
                0x10007f34                i2c_write_blocking
 .text.adc_init
                0x10007f48       0x38 CMakeFiles/pico_mandelbrot.dir/home/mr/.pico-sdk/sdk/2.1.1/src/rp2_common/hardware_adc/adc.c.o
                0x10007f48                adc_init
 .text.malloc   0x10007f80       0x14 /home/mr/.pico-sdk/toolchain/14_2_Rel1/bin/../lib/gcc/arm-none-eabi/14.2.1/../../../../arm-none-eabi/lib/thumb/v6-m/nofp/libg.a(libc_a-malloc.o)
                0x10007f80                malloc
 .text.free     0x10007f94       0x14 /home/mr/.pico-sdk/toolchain/14_2_Rel1/bin/../lib/gcc/arm-none-eabi/14.2.1/../../../../arm-none-eabi/lib/thumb/v6-m/nofp/libg.a(libc_a-malloc.o)
                0x10007f94                free
 .text._malloc_r
                0x10007fa8      0x5cc /home/mr/.pico-sdk/toolchain/14_2_Rel1/bin/../lib/gcc/arm-none-eabi/14.2.1/../../../../arm-none-eabi/lib/thumb/v6-m/nofp/libg.a(libc_a-mallocr.o)
                0x10007fa8                _malloc_r
 .text.__malloc_lock
                0x10008574       0x10 /home/mr/.pico-sdk/toolchain/14_2_Rel1/bin/../lib/gcc/arm-none-eabi/14.2.1/../../../../arm-none-eabi/lib/thumb/v6-m/nofp/libg.a(libc_a-mlock.o)
                0x10008574                __malloc_lock
 .text.__malloc_unlock
                0x10008584       0x10 /home/mr/.pico-sdk/toolchain/14_2_Rel1/bin/../lib/gcc/arm-none-eabi/14.2.1/../../../../arm-none-eabi/lib/thumb/v6-m/nofp/libg.a(libc_a-mlock.o)
                0x10008584                __malloc_unlock
 .text.realloc  0x10008594       0x18 /home/mr/.pico-sdk/toolchain/14_2_Rel1/bin/../lib/gcc/arm-none-eabi/14.2.1/../../../../arm-none-eabi/lib/thumb/v6-m/nofp/libg.a(libc_a-realloc.o)
                0x10008594                realloc
 .text._realloc_r
                0x100085ac      0x350 /home/mr/.pico-sdk/toolchain/14_2_Rel1/bin/../lib/gcc/arm-none-eabi/14.2.1/../../../../arm-none-eabi/lib/thumb/v6-m/nofp/libg.a(libc_a-reallocr.o)
                0x100085ac                _realloc_r
 .text.memmove  0x100088fc       0xc4 /home/mr/.pico-sdk/toolchain/14_2_Rel1/bin/../lib/gcc/arm-none-eabi/14.2.1/../../../../arm-none-eabi/lib/thumb/v6-m/nofp/libg.a(libc_a-memmove.o)
                0x100088fc                memmove
 .text._sbrk_r  0x100089c0       0x24 /home/mr/.pico-sdk/toolchain/14_2_Rel1/bin/../lib/gcc/arm-none-eabi/14.2.1/../../../../arm-none-eabi/lib/thumb/v6-m/nofp/libg.a(libc_a-sbrkr.o)
                0x100089c0                _sbrk_r
 .text.__errno  0x100089e4        0xc /home/mr/.pico-sdk/toolchain/14_2_Rel1/bin/../lib/gcc/arm-none-eabi/14.2.1/../../../../arm-none-eabi/lib/thumb/v6-m/nofp/libg.a(libc_a-errno.o)
                0x100089e4                __errno
 .text.__retarget_lock_acquire_recursive
                0x100089f0        0x4 /home/mr/.pico-sdk/toolchain/14_2_Rel1/bin/../lib/gcc/arm-none-eabi/14.2.1/../../../../arm-none-eabi/lib/thumb/v6-m/nofp/libg.a(libc_a-lock.o)
                0x100089f0                __retarget_lock_acquire_recursive
 .text.__retarget_lock_release_recursive
                0x100089f4        0x4 /home/mr/.pico-sdk/toolchain/14_2_Rel1/bin/../lib/gcc/arm-none-eabi/14.2.1/../../../../arm-none-eabi/lib/thumb/v6-m/nofp/libg.a(libc_a-lock.o)
                0x100089f4                __retarget_lock_release_recursive
 .text.sysconf  0x100089f8       0x1c /home/mr/.pico-sdk/toolchain/14_2_Rel1/bin/../lib/gcc/arm-none-eabi/14.2.1/../../../../arm-none-eabi/lib/thumb/v6-m/nofp/libg.a(libc_a-sysconf.o)
                0x100089f8                sysconf
 .text.strlen   0x10008a14       0x5c /home/mr/.pico-sdk/toolchain/14_2_Rel1/bin/../lib/gcc/arm-none-eabi/14.2.1/../../../../arm-none-eabi/lib/thumb/v6-m/nofp/libg.a(libc_a-strlen-stub.o)
                0x10008a14                strlen
 .text._malloc_trim_r
                0x10008a70       0xb4 /home/mr/.pico-sdk/toolchain/14_2_Rel1/bin/../lib/gcc/arm-none-eabi/14.2.1/../../../../arm-none-eabi/lib/thumb/v6-m/nofp/libg.a(libc_a-freer.o)
                0x10008a70                _malloc_trim_r
 .text._free_r  0x10008b24      0x1f0 /home/mr/.pico-sdk/toolchain/14_2_Rel1/bin/../lib/gcc/arm-none-eabi/14.2.1/../../../../arm-none-eabi/lib/thumb/v6-m/nofp/libg.a(libc_a-freer.o)
                0x10008b24                _free_r
 *(.fini)
 .fini          0x10008d14        0x4 /home/mr/.pico-sdk/toolchain/14_2_Rel1/bin/../lib/gcc/arm-none-eabi/14.2.1/thumb/v6-m/nofp/crti.o
                0x10008d14                _fini
 .fini.__stub   0x10008d18       0xe0 linker stubs
 *crtbegin.o(.ctors)
 *crtbegin?.o(.ctors)
 *(EXCLUDE_FILE(*crtend.o *crtend?.o) .ctors)
 *(SORT_BY_NAME(.ctors.*))
 *(.ctors)
 *crtbegin.o(.dtors)
 *crtbegin?.o(.dtors)
 *(EXCLUDE_FILE(*crtend.o *crtend?.o) .dtors)
 *(SORT_BY_NAME(.dtors.*))
 *(.dtors)
                0x10008df8                        . = ALIGN (0x4)
                0x10008df8                        PROVIDE (__preinit_array_start = .)
 *(SORT_BY_NAME(.preinit_array.*))
 .preinit_array.00100
                0x10008df8        0x4 CMakeFiles/pico_mandelbrot.dir/home/mr/.pico-sdk/sdk/2.1.1/src/rp2_common/pico_runtime_init/runtime_init.c.o
                0x10008df8                __pre_init_runtime_init_early_resets
 .preinit_array.00101
                0x10008dfc        0x4 CMakeFiles/pico_mandelbrot.dir/home/mr/.pico-sdk/sdk/2.1.1/src/rp2_common/pico_runtime_init/runtime_init.c.o
                0x10008dfc                __pre_init_runtime_init_usb_power_down
 .preinit_array.00275
                0x10008e00        0x4 CMakeFiles/pico_mandelbrot.dir/home/mr/.pico-sdk/sdk/2.1.1/src/rp2_common/pico_bit_ops/bit_ops_aeabi.S.o
 .preinit_array.00300
                0x10008e04        0x4 CMakeFiles/pico_mandelbrot.dir/home/mr/.pico-sdk/sdk/2.1.1/src/rp2_common/pico_mem_ops/mem_ops_aeabi.S.o
 .preinit_array.00350
                0x10008e08        0x4 CMakeFiles/pico_mandelbrot.dir/home/mr/.pico-sdk/sdk/2.1.1/src/rp2_common/pico_double/double_aeabi_rp2040.S.o
 .preinit_array.00350
                0x10008e0c        0x4 CMakeFiles/pico_mandelbrot.dir/home/mr/.pico-sdk/sdk/2.1.1/src/rp2_common/pico_float/float_aeabi_rp2040.S.o
 .preinit_array.00500
                0x10008e10        0x4 CMakeFiles/pico_mandelbrot.dir/home/mr/.pico-sdk/sdk/2.1.1/src/rp2_common/pico_runtime_init/runtime_init.c.o
                0x10008e10                __pre_init_runtime_init_clocks
 .preinit_array.00600
                0x10008e14        0x4 CMakeFiles/pico_mandelbrot.dir/home/mr/.pico-sdk/sdk/2.1.1/src/rp2_common/pico_runtime_init/runtime_init.c.o
                0x10008e14                __pre_init_runtime_init_post_clock_resets
 .preinit_array.00700
                0x10008e18        0x4 CMakeFiles/pico_mandelbrot.dir/home/mr/.pico-sdk/sdk/2.1.1/src/rp2_common/pico_runtime_init/runtime_init.c.o
                0x10008e18                __pre_init_runtime_init_rp2040_gpio_ie_disable
 .preinit_array.01000
                0x10008e1c        0x4 CMakeFiles/pico_mandelbrot.dir/home/mr/.pico-sdk/sdk/2.1.1/src/rp2_common/pico_runtime_init/runtime_init.c.o
                0x10008e1c                __pre_init_runtime_init_spin_locks_reset
 .preinit_array.01100
                0x10008e20        0x4 CMakeFiles/pico_mandelbrot.dir/home/mr/.pico-sdk/sdk/2.1.1/src/common/pico_sync/mutex.c.o
                0x10008e20                __pre_init_runtime_init_mutex
 .preinit_array.10080
                0x10008e24        0x4 CMakeFiles/pico_mandelbrot.dir/home/mr/.pico-sdk/sdk/2.1.1/src/rp2_common/pico_runtime_init/runtime_init.c.o
                0x10008e24                __pre_init_runtime_init_install_ram_vector_table
 .preinit_array.11000
                0x10008e28        0x4 CMakeFiles/pico_mandelbrot.dir/home/mr/.pico-sdk/sdk/2.1.1/src/common/pico_time/time.c.o
                0x10008e28                __pre_init_runtime_init_default_alarm_pool
 .preinit_array.YYYYY
                0x10008e2c        0x4 CMakeFiles/pico_mandelbrot.dir/home/mr/.pico-sdk/sdk/2.1.1/src/rp2_common/pico_runtime/runtime.c.o
                0x10008e2c                __pre_init_first_per_core_initializer
 .preinit_array.ZZZZZ.01200
                0x10008e30        0x4 CMakeFiles/pico_mandelbrot.dir/home/mr/.pico-sdk/sdk/2.1.1/src/rp2_common/hardware_irq/irq.c.o
                0x10008e30                __pre_init_runtime_init_per_core_irq_priorities
 *(.preinit_array)
                0x10008e34                        PROVIDE (__preinit_array_end = .)
                0x10008e34                        . = ALIGN (0x4)
                0x10008e34                        PROVIDE (__init_array_start = .)
 *(SORT_BY_NAME(.init_array.*))
 *(.init_array)
 .init_array    0x10008e34        0x4 /home/mr/.pico-sdk/toolchain/14_2_Rel1/bin/../lib/gcc/arm-none-eabi/14.2.1/thumb/v6-m/nofp/crtbegin.o
 .init_array    0x10008e38        0x4 CMakeFiles/pico_mandelbrot.dir/home/mr/.pico-sdk/sdk/2.1.1/src/rp2_common/pico_unique_id/unique_id.c.o
                0x10008e3c                        PROVIDE (__init_array_end = .)
                0x10008e3c                        . = ALIGN (0x4)
                [!provide]                        PROVIDE (__fini_array_start = .)
 *(SORT_BY_NAME(.fini_array.*))
 *(.fini_array)
                [!provide]                        PROVIDE (__fini_array_end = .)
 *(.eh_frame*)
 .eh_frame      0x10008e3c        0x0 /home/mr/.pico-sdk/toolchain/14_2_Rel1/bin/../lib/gcc/arm-none-eabi/14.2.1/thumb/v6-m/nofp/crtbegin.o
                0x10008e3c                        . = ALIGN (0x4)

.glue_7         0x10008e3c        0x0
 .glue_7        0x10008e3c        0x0 linker stubs

.glue_7t        0x10008e3c        0x0
 .glue_7t       0x10008e3c        0x0 linker stubs

.vfp11_veneer   0x10008e3c        0x0
 .vfp11_veneer  0x10008e3c        0x0 linker stubs

.v4_bx          0x10008e3c        0x0
 .v4_bx         0x10008e3c        0x0 linker stubs

.iplt           0x10008e3c        0x0
 .iplt          0x10008e3c        0x0 /home/mr/.pico-sdk/toolchain/14_2_Rel1/bin/../lib/gcc/arm-none-eabi/14.2.1/thumb/v6-m/nofp/crtbegin.o

.rodata         0x10008e40      0x728
 *(EXCLUDE_FILE(*libm.a: *libc.a:*lib_a-mem*.o *libgcc.a:) .rodata*)
 .rodata.undo_zoom_in.part.0.str1.4
                0x10008e40      0x240 CMakeFiles/pico_mandelbrot.dir/pico_mandelbrot.c.o
                                 0x2a (size before relaxing)
 .rodata.button_interruption_gpio_irq_handler.str1.4
                0x10009080        0x4 CMakeFiles/pico_mandelbrot.dir/pico_mandelbrot.c.o
 .rodata.main.str1.4
                0x10009080       0x44 CMakeFiles/pico_mandelbrot.dir/pico_mandelbrot.c.o
 .rodata        0x10009080       0x1a CMakeFiles/pico_mandelbrot.dir/ssd1306.c.o
 .rodata.panic.str1.4
                0x1000909a       0x12 CMakeFiles/pico_mandelbrot.dir/home/mr/.pico-sdk/sdk/2.1.1/src/rp2_common/pico_platform_panic/panic.c.o
 .rodata.spin_lock_claim_unused.str1.4
                0x1000909a       0x1b CMakeFiles/pico_mandelbrot.dir/home/mr/.pico-sdk/sdk/2.1.1/src/rp2_common/hardware_sync/sync.c.o
 .rodata.user_irq_claim_unused.str1.4
                0x1000909a       0x1b CMakeFiles/pico_mandelbrot.dir/home/mr/.pico-sdk/sdk/2.1.1/src/rp2_common/hardware_irq/irq.c.o
 .rodata.timer_hardware_alarm_claim.str1.4
                0x1000909a       0x22 CMakeFiles/pico_mandelbrot.dir/home/mr/.pico-sdk/sdk/2.1.1/src/rp2_common/hardware_timer/timer.c.o
 .rodata.hard_assertion_failure.str1.4
                0x1000909a        0xc CMakeFiles/pico_mandelbrot.dir/home/mr/.pico-sdk/sdk/2.1.1/src/rp2_common/pico_runtime/runtime.c.o
 .rodata.missing_double_func_shim.str1.4
                0x1000909a       0x18 CMakeFiles/pico_mandelbrot.dir/home/mr/.pico-sdk/sdk/2.1.1/src/rp2_common/pico_double/double_init_rom_rp2040.c.o
 .rodata.missing_float_func_shim.str1.4
                0x1000909a        0x1 CMakeFiles/pico_mandelbrot.dir/home/mr/.pico-sdk/sdk/2.1.1/src/rp2_common/pico_float/float_init_rom_rp2040.c.o
 .rodata.__wrap_malloc.str1.4
                0x1000909a        0xe CMakeFiles/pico_mandelbrot.dir/home/mr/.pico-sdk/sdk/2.1.1/src/rp2_common/pico_malloc/malloc.c.o
 .rodata.str1.4
                0x1000909a       0x48 CMakeFiles/pico_mandelbrot.dir/home/mr/.pico-sdk/sdk/2.1.1/src/rp2_common/pico_standard_binary_info/standard_binary_info.c.o
 *fill*         0x1000909a        0x2 
 .rodata.__bi_84
                0x1000909c        0xc CMakeFiles/pico_mandelbrot.dir/home/mr/.pico-sdk/sdk/2.1.1/src/rp2_common/pico_standard_binary_info/standard_binary_info.c.o
 .rodata.__bi_78
                0x100090a8        0xc CMakeFiles/pico_mandelbrot.dir/home/mr/.pico-sdk/sdk/2.1.1/src/rp2_common/pico_standard_binary_info/standard_binary_info.c.o
 .rodata.__bi_60
                0x100090b4        0xc CMakeFiles/pico_mandelbrot.dir/home/mr/.pico-sdk/sdk/2.1.1/src/rp2_common/pico_standard_binary_info/standard_binary_info.c.o
 .rodata.__bi_54
                0x100090c0        0xc CMakeFiles/pico_mandelbrot.dir/home/mr/.pico-sdk/sdk/2.1.1/src/rp2_common/pico_standard_binary_info/standard_binary_info.c.o
 .rodata.__bi_48
                0x100090cc        0xc CMakeFiles/pico_mandelbrot.dir/home/mr/.pico-sdk/sdk/2.1.1/src/rp2_common/pico_standard_binary_info/standard_binary_info.c.o
 .rodata.__bi_42
                0x100090d8        0xc CMakeFiles/pico_mandelbrot.dir/home/mr/.pico-sdk/sdk/2.1.1/src/rp2_common/pico_standard_binary_info/standard_binary_info.c.o
 .rodata.__bi_34
                0x100090e4        0xc CMakeFiles/pico_mandelbrot.dir/home/mr/.pico-sdk/sdk/2.1.1/src/rp2_common/pico_standard_binary_info/standard_binary_info.c.o
 .rodata.__bi_26
                0x100090f0        0xc CMakeFiles/pico_mandelbrot.dir/home/mr/.pico-sdk/sdk/2.1.1/src/rp2_common/pico_standard_binary_info/standard_binary_info.c.o
 .rodata._ftoa.str1.4
                0x100090fc       0x15 CMakeFiles/pico_mandelbrot.dir/home/mr/.pico-sdk/sdk/2.1.1/src/rp2_common/pico_printf/printf.c.o
 .rodata._vsnprintf
                0x100090fc      0x19c CMakeFiles/pico_mandelbrot.dir/home/mr/.pico-sdk/sdk/2.1.1/src/rp2_common/pico_printf/printf.c.o
 .rodata.pow10.0
                0x10009298       0x50 CMakeFiles/pico_mandelbrot.dir/home/mr/.pico-sdk/sdk/2.1.1/src/rp2_common/pico_printf/printf.c.o
 .rodata.crlf_str.0
                0x100092e8        0x2 CMakeFiles/pico_mandelbrot.dir/home/mr/.pico-sdk/sdk/2.1.1/src/rp2_common/pico_stdio/stdio.c.o
 .rodata.str1.4
                0x100092ea       0x2c CMakeFiles/pico_mandelbrot.dir/home/mr/.pico-sdk/sdk/2.1.1/src/rp2_common/pico_stdio_uart/stdio_uart.c.o
 *fill*         0x100092ea        0x2 
 .rodata.__bi_45.4
                0x100092ec        0xc CMakeFiles/pico_mandelbrot.dir/home/mr/.pico-sdk/sdk/2.1.1/src/rp2_common/pico_stdio_uart/stdio_uart.c.o
 .rodata.__bi_49.5
                0x100092f8        0x8 CMakeFiles/pico_mandelbrot.dir/home/mr/.pico-sdk/sdk/2.1.1/src/rp2_common/pico_stdio_uart/stdio_uart.c.o
 .rodata.__bi_50.6
                0x10009300        0x8 CMakeFiles/pico_mandelbrot.dir/home/mr/.pico-sdk/sdk/2.1.1/src/rp2_common/pico_stdio_uart/stdio_uart.c.o
 .rodata._resetd_driver
                0x10009308       0x20 CMakeFiles/pico_mandelbrot.dir/home/mr/.pico-sdk/sdk/2.1.1/src/rp2_common/pico_stdio_usb/reset_interface.c.o
 .rodata.desc_ms_os_20
                0x10009328       0xa6 CMakeFiles/pico_mandelbrot.dir/home/mr/.pico-sdk/sdk/2.1.1/src/rp2_common/pico_stdio_usb/reset_interface.c.o
 *fill*         0x100093ce        0x2 
 .rodata.desc_bos
                0x100093d0       0x21 CMakeFiles/pico_mandelbrot.dir/home/mr/.pico-sdk/sdk/2.1.1/src/rp2_common/pico_stdio_usb/reset_interface.c.o
                0x100093d0                desc_bos
 .rodata.str1.4
                0x100093f1       0x13 CMakeFiles/pico_mandelbrot.dir/home/mr/.pico-sdk/sdk/2.1.1/src/rp2_common/pico_stdio_usb/stdio_usb.c.o
 *fill*         0x100093f1        0x3 
 .rodata.__bi_197.0
                0x100093f4        0xc CMakeFiles/pico_mandelbrot.dir/home/mr/.pico-sdk/sdk/2.1.1/src/rp2_common/pico_stdio_usb/stdio_usb.c.o
 .rodata.str1.4
                0x10009400       0x2a CMakeFiles/pico_mandelbrot.dir/home/mr/.pico-sdk/sdk/2.1.1/src/rp2_common/pico_stdio_usb/stdio_usb_descriptors.c.o
 .rodata.usbd_desc_str
                0x10009400       0x18 CMakeFiles/pico_mandelbrot.dir/home/mr/.pico-sdk/sdk/2.1.1/src/rp2_common/pico_stdio_usb/stdio_usb_descriptors.c.o
 .rodata.usbd_desc_cfg
                0x10009418       0x54 CMakeFiles/pico_mandelbrot.dir/home/mr/.pico-sdk/sdk/2.1.1/src/rp2_common/pico_stdio_usb/stdio_usb_descriptors.c.o
 .rodata.usbd_desc_device
                0x1000946c       0x12 CMakeFiles/pico_mandelbrot.dir/home/mr/.pico-sdk/sdk/2.1.1/src/rp2_common/pico_stdio_usb/stdio_usb_descriptors.c.o
 .rodata.str1.4
                0x1000947e       0x14 CMakeFiles/pico_mandelbrot.dir/home/mr/.pico-sdk/sdk/2.1.1/lib/tinyusb/src/portable/raspberrypi/rp2040/dcd_rp2040.c.o
 .rodata.str1.4
                0x1000947e       0x48 CMakeFiles/pico_mandelbrot.dir/home/mr/.pico-sdk/sdk/2.1.1/lib/tinyusb/src/portable/raspberrypi/rp2040/rp2040_usb.c.o
 *fill*         0x1000947e        0x2 
 .rodata.tud_task_ext
                0x10009480       0x8c CMakeFiles/pico_mandelbrot.dir/home/mr/.pico-sdk/sdk/2.1.1/lib/tinyusb/src/device/usbd.c.o
 .rodata        0x1000950c       0x1c CMakeFiles/pico_mandelbrot.dir/home/mr/.pico-sdk/sdk/2.1.1/lib/tinyusb/src/device/usbd.c.o
 .rodata._usbd_driver
                0x10009528       0x40 CMakeFiles/pico_mandelbrot.dir/home/mr/.pico-sdk/sdk/2.1.1/lib/tinyusb/src/device/usbd.c.o
                0x10009568                        . = ALIGN (0x4)
 *(SORT_BY_ALIGNMENT(SORT_BY_NAME(.flashdata*)))
                0x10009568                        . = ALIGN (0x4)

.ARM.extab
 *(.ARM.extab* .gnu.linkonce.armextab.*)
                0x10009568                        __exidx_start = .

.ARM.exidx
 *(.ARM.exidx* .gnu.linkonce.armexidx.*)
                0x10009568                        __exidx_end = .
                0x10009568                        . = ALIGN (0x4)
                0x10009568                        __binary_info_start = .

.binary_info    0x10009568       0x30
 *(.binary_info.keep.*)
 .binary_info.keep.__bi_ptr84
                0x10009568        0x4 CMakeFiles/pico_mandelbrot.dir/home/mr/.pico-sdk/sdk/2.1.1/src/rp2_common/pico_standard_binary_info/standard_binary_info.c.o
 .binary_info.keep.__bi_ptr78
                0x1000956c        0x4 CMakeFiles/pico_mandelbrot.dir/home/mr/.pico-sdk/sdk/2.1.1/src/rp2_common/pico_standard_binary_info/standard_binary_info.c.o
 .binary_info.keep.__bi_ptr60
                0x10009570        0x4 CMakeFiles/pico_mandelbrot.dir/home/mr/.pico-sdk/sdk/2.1.1/src/rp2_common/pico_standard_binary_info/standard_binary_info.c.o
 .binary_info.keep.__bi_ptr54
                0x10009574        0x4 CMakeFiles/pico_mandelbrot.dir/home/mr/.pico-sdk/sdk/2.1.1/src/rp2_common/pico_standard_binary_info/standard_binary_info.c.o
 .binary_info.keep.__bi_ptr48
                0x10009578        0x4 CMakeFiles/pico_mandelbrot.dir/home/mr/.pico-sdk/sdk/2.1.1/src/rp2_common/pico_standard_binary_info/standard_binary_info.c.o
 .binary_info.keep.__bi_ptr42
                0x1000957c        0x4 CMakeFiles/pico_mandelbrot.dir/home/mr/.pico-sdk/sdk/2.1.1/src/rp2_common/pico_standard_binary_info/standard_binary_info.c.o
 .binary_info.keep.__bi_ptr34
                0x10009580        0x4 CMakeFiles/pico_mandelbrot.dir/home/mr/.pico-sdk/sdk/2.1.1/src/rp2_common/pico_standard_binary_info/standard_binary_info.c.o
 .binary_info.keep.__bi_ptr26
                0x10009584        0x4 CMakeFiles/pico_mandelbrot.dir/home/mr/.pico-sdk/sdk/2.1.1/src/rp2_common/pico_standard_binary_info/standard_binary_info.c.o
 *(.binary_info.*)
 .binary_info.__bi_ptr50
                0x10009588        0x4 CMakeFiles/pico_mandelbrot.dir/home/mr/.pico-sdk/sdk/2.1.1/src/rp2_common/pico_stdio_uart/stdio_uart.c.o
 .binary_info.__bi_ptr49
                0x1000958c        0x4 CMakeFiles/pico_mandelbrot.dir/home/mr/.pico-sdk/sdk/2.1.1/src/rp2_common/pico_stdio_uart/stdio_uart.c.o
 .binary_info.__bi_ptr45
                0x10009590        0x4 CMakeFiles/pico_mandelbrot.dir/home/mr/.pico-sdk/sdk/2.1.1/src/rp2_common/pico_stdio_uart/stdio_uart.c.o
 .binary_info.__bi_ptr197
                0x10009594        0x4 CMakeFiles/pico_mandelbrot.dir/home/mr/.pico-sdk/sdk/2.1.1/src/rp2_common/pico_stdio_usb/stdio_usb.c.o
                0x10009598                        __binary_info_end = .

.rel.dyn        0x10009598        0x0
 .rel.iplt      0x10009598        0x0 /home/mr/.pico-sdk/toolchain/14_2_Rel1/bin/../lib/gcc/arm-none-eabi/14.2.1/thumb/v6-m/nofp/crtbegin.o
                0x10009598                        . = ALIGN (0x4)

.ram_vector_table
                0x20000000       0xc0
 *(.ram_vector_table)
 .ram_vector_table
                0x20000000       0xc0 CMakeFiles/pico_mandelbrot.dir/home/mr/.pico-sdk/sdk/2.1.1/src/rp2_common/pico_runtime_init/runtime_init.c.o
                0x20000000                ram_vector_table

.uninitialized_data
                0x200000c0        0x0
                0x200000c0                        . = ALIGN (0x4)
 *(.uninitialized_data*)

.data           0x200000c0     0x19c0 load address 0x10009598
                0x200000c0                        __data_start__ = .
 *(vtable)
 *(.time_critical*)
 .time_critical.mutex_try_enter
                0x200000c0       0x40 CMakeFiles/pico_mandelbrot.dir/home/mr/.pico-sdk/sdk/2.1.1/src/common/pico_sync/mutex.c.o
                0x200000c0                mutex_try_enter
 .time_critical.mutex_try_enter_block_until
                0x20000100       0x98 CMakeFiles/pico_mandelbrot.dir/home/mr/.pico-sdk/sdk/2.1.1/src/common/pico_sync/mutex.c.o
                0x20000100                mutex_try_enter_block_until
 .time_critical.mutex_enter_timeout_ms
                0x20000198       0x8c CMakeFiles/pico_mandelbrot.dir/home/mr/.pico-sdk/sdk/2.1.1/src/common/pico_sync/mutex.c.o
                0x20000198                mutex_enter_timeout_ms
 .time_critical.mutex_exit
                0x20000224       0x28 CMakeFiles/pico_mandelbrot.dir/home/mr/.pico-sdk/sdk/2.1.1/src/common/pico_sync/mutex.c.o
                0x20000224                mutex_exit
 .time_critical.flash_init_boot2_copyout
                0x2000024c       0x30 CMakeFiles/pico_mandelbrot.dir/home/mr/.pico-sdk/sdk/2.1.1/src/rp2_common/hardware_flash/flash.c.o
 .time_critical.flash_enable_xip_via_boot2
                0x2000027c        0xc CMakeFiles/pico_mandelbrot.dir/home/mr/.pico-sdk/sdk/2.1.1/src/rp2_common/hardware_flash/flash.c.o
 .time_critical.flash_cs_force
                0x20000288       0x38 CMakeFiles/pico_mandelbrot.dir/home/mr/.pico-sdk/sdk/2.1.1/src/rp2_common/hardware_flash/flash.c.o
 .time_critical.flash_do_cmd
                0x200002c0      0x130 CMakeFiles/pico_mandelbrot.dir/home/mr/.pico-sdk/sdk/2.1.1/src/rp2_common/hardware_flash/flash.c.o
                0x200002c0                flash_do_cmd
 .time_critical.reset_non_control_endpoints
                0x200003f0       0x68 CMakeFiles/pico_mandelbrot.dir/home/mr/.pico-sdk/sdk/2.1.1/lib/tinyusb/src/portable/raspberrypi/rp2040/dcd_rp2040.c.o
 .time_critical.hw_handle_buff_status
                0x20000458       0xa0 CMakeFiles/pico_mandelbrot.dir/home/mr/.pico-sdk/sdk/2.1.1/lib/tinyusb/src/portable/raspberrypi/rp2040/dcd_rp2040.c.o
 .time_critical.dcd_rp2040_irq
                0x200004f8      0x548 CMakeFiles/pico_mandelbrot.dir/home/mr/.pico-sdk/sdk/2.1.1/lib/tinyusb/src/portable/raspberrypi/rp2040/dcd_rp2040.c.o
 .time_critical.prepare_ep_buffer
                0x20000a40       0xc8 CMakeFiles/pico_mandelbrot.dir/home/mr/.pico-sdk/sdk/2.1.1/lib/tinyusb/src/portable/raspberrypi/rp2040/rp2040_usb.c.o
 .time_critical.sync_ep_buffer
                0x20000b08       0x9c CMakeFiles/pico_mandelbrot.dir/home/mr/.pico-sdk/sdk/2.1.1/lib/tinyusb/src/portable/raspberrypi/rp2040/rp2040_usb.c.o
 .time_critical._hw_endpoint_xfer_sync
                0x20000ba4       0x28 CMakeFiles/pico_mandelbrot.dir/home/mr/.pico-sdk/sdk/2.1.1/lib/tinyusb/src/portable/raspberrypi/rp2040/rp2040_usb.c.o
 .time_critical.e15_is_bulkin_ep
                0x20000bcc       0x28 CMakeFiles/pico_mandelbrot.dir/home/mr/.pico-sdk/sdk/2.1.1/lib/tinyusb/src/portable/raspberrypi/rp2040/rp2040_usb.c.o
 .time_critical.e15_is_critical_frame_period
                0x20000bf4       0x34 CMakeFiles/pico_mandelbrot.dir/home/mr/.pico-sdk/sdk/2.1.1/lib/tinyusb/src/portable/raspberrypi/rp2040/rp2040_usb.c.o
 .time_critical.hw_endpoint_reset_transfer
                0x20000c28        0xc CMakeFiles/pico_mandelbrot.dir/home/mr/.pico-sdk/sdk/2.1.1/lib/tinyusb/src/portable/raspberrypi/rp2040/rp2040_usb.c.o
                0x20000c28                hw_endpoint_reset_transfer
 .time_critical._hw_endpoint_buffer_control_update32
                0x20000c34       0x50 CMakeFiles/pico_mandelbrot.dir/home/mr/.pico-sdk/sdk/2.1.1/lib/tinyusb/src/portable/raspberrypi/rp2040/rp2040_usb.c.o
                0x20000c34                _hw_endpoint_buffer_control_update32
 .time_critical.hw_endpoint_start_next_buffer
                0x20000c84       0x68 CMakeFiles/pico_mandelbrot.dir/home/mr/.pico-sdk/sdk/2.1.1/lib/tinyusb/src/portable/raspberrypi/rp2040/rp2040_usb.c.o
                0x20000c84                hw_endpoint_start_next_buffer
 .time_critical.hw_endpoint_xfer_continue
                0x20000cec       0x40 CMakeFiles/pico_mandelbrot.dir/home/mr/.pico-sdk/sdk/2.1.1/lib/tinyusb/src/portable/raspberrypi/rp2040/rp2040_usb.c.o
                0x20000cec                hw_endpoint_xfer_continue
 .time_critical.tinyusb
                0x20000d2c      0x1e4 CMakeFiles/pico_mandelbrot.dir/home/mr/.pico-sdk/sdk/2.1.1/lib/tinyusb/src/device/usbd.c.o
                0x20000d2c                dcd_event_handler
 *(.text*)
 .text.cabsf    0x20000f10       0x24 /home/mr/.pico-sdk/toolchain/14_2_Rel1/bin/../lib/gcc/arm-none-eabi/14.2.1/../../../../arm-none-eabi/lib/thumb/v6-m/nofp/libm.a(libm_a-cabsf.o)
                0x20000f10                cabsf
 .text.cimagf   0x20000f34        0x4 /home/mr/.pico-sdk/toolchain/14_2_Rel1/bin/../lib/gcc/arm-none-eabi/14.2.1/../../../../arm-none-eabi/lib/thumb/v6-m/nofp/libm.a(libm_a-cimagf.o)
                0x20000f34                cimagf
 .text.crealf   0x20000f38        0x4 /home/mr/.pico-sdk/toolchain/14_2_Rel1/bin/../lib/gcc/arm-none-eabi/14.2.1/../../../../arm-none-eabi/lib/thumb/v6-m/nofp/libm.a(libm_a-crealf.o)
                0x20000f38                crealf
 .text          0x20000f3c        0x4 /home/mr/.pico-sdk/toolchain/14_2_Rel1/bin/../lib/gcc/arm-none-eabi/14.2.1/thumb/v6-m/nofp/libgcc.a(_dvmd_tls.o)
                0x20000f3c                __aeabi_ldiv0
                0x20000f3c                __aeabi_idiv0
 .text.__mulsc3
                0x20000f40      0x3e8 /home/mr/.pico-sdk/toolchain/14_2_Rel1/bin/../lib/gcc/arm-none-eabi/14.2.1/thumb/v6-m/nofp/libgcc.a(_mulsc3.o)
                0x20000f40                __mulsc3
 .text.__mulsc3.__stub
                0x20001328       0xf0 linker stubs
                0x20001418                        . = ALIGN (0x4)
 *(.rodata*)
                0x20001418                        . = ALIGN (0x4)
 *(.data*)
 .data.frame_area
                0x20001418        0x8 CMakeFiles/pico_mandelbrot.dir/pico_mandelbrot.c.o
                0x20001418                frame_area
 .data.render_data_count
                0x20001420        0x4 CMakeFiles/pico_mandelbrot.dir/pico_mandelbrot.c.o
                0x20001420                render_data_count
 .data.cursor_button_status
                0x20001424        0x1 CMakeFiles/pico_mandelbrot.dir/pico_mandelbrot.c.o
                0x20001424                cursor_button_status
 *fill*         0x20001425        0x3 
 .data.im_end   0x20001428        0x4 CMakeFiles/pico_mandelbrot.dir/pico_mandelbrot.c.o
                0x20001428                im_end
 .data.im_start
                0x2000142c        0x4 CMakeFiles/pico_mandelbrot.dir/pico_mandelbrot.c.o
                0x2000142c                im_start
 .data.real_end
                0x20001430        0x4 CMakeFiles/pico_mandelbrot.dir/pico_mandelbrot.c.o
                0x20001430                real_end
 .data.real_start
                0x20001434        0x4 CMakeFiles/pico_mandelbrot.dir/pico_mandelbrot.c.o
                0x20001434                real_start
 .data.striped_spin_lock_num
                0x20001438        0x1 CMakeFiles/pico_mandelbrot.dir/home/mr/.pico-sdk/sdk/2.1.1/src/rp2_common/hardware_sync/sync.c.o
 *fill*         0x20001439        0x3 
 .data          0x2000143c       0x48 CMakeFiles/pico_mandelbrot.dir/home/mr/.pico-sdk/sdk/2.1.1/src/rp2_common/hardware_irq/irq_handler_chain.S.o
                0x2000143c                irq_handler_chain_slots
                0x2000146c                irq_handler_chain_first_slot
                0x20001476                irq_handler_chain_remove_tail
 .data.default_alarm_pool
                0x20001484       0x18 CMakeFiles/pico_mandelbrot.dir/home/mr/.pico-sdk/sdk/2.1.1/src/common/pico_time/time.c.o
 *fill*         0x2000149c        0x4 
 .data.aeabi_bits_funcs
                0x200014a0       0x10 CMakeFiles/pico_mandelbrot.dir/home/mr/.pico-sdk/sdk/2.1.1/src/rp2_common/pico_bit_ops/bit_ops_aeabi.S.o
                0x200014a0                aeabi_bits_funcs
                0x200014b0                aeabi_bits_funcs_end
 .data.aeabi_mem_funcs
                0x200014b0       0x10 CMakeFiles/pico_mandelbrot.dir/home/mr/.pico-sdk/sdk/2.1.1/src/rp2_common/pico_mem_ops/mem_ops_aeabi.S.o
                0x200014b0                aeabi_mem_funcs
                0x200014c0                aeabi_mem_funcs_end
 .data.stdio_uart
                0x200014c0       0x18 CMakeFiles/pico_mandelbrot.dir/home/mr/.pico-sdk/sdk/2.1.1/src/rp2_common/pico_stdio_uart/stdio_uart.c.o
                0x200014c0                stdio_uart
 .data.stdio_usb
                0x200014d8       0x18 CMakeFiles/pico_mandelbrot.dir/home/mr/.pico-sdk/sdk/2.1.1/src/rp2_common/pico_stdio_usb/stdio_usb.c.o
                0x200014d8                stdio_usb
 .data._usbd_qdef
                0x200014f0       0x1c CMakeFiles/pico_mandelbrot.dir/home/mr/.pico-sdk/sdk/2.1.1/lib/tinyusb/src/device/usbd.c.o
                0x200014f0                _usbd_qdef
 .data._usbd_rhport
                0x2000150c        0x1 CMakeFiles/pico_mandelbrot.dir/home/mr/.pico-sdk/sdk/2.1.1/lib/tinyusb/src/device/usbd.c.o
 *fill*         0x2000150d        0x3 
 .data.i2c1_inst
                0x20001510        0x8 CMakeFiles/pico_mandelbrot.dir/home/mr/.pico-sdk/sdk/2.1.1/src/rp2_common/hardware_i2c/i2c.c.o
                0x20001510                i2c1_inst
 .data.i2c0_inst
                0x20001518        0x8 CMakeFiles/pico_mandelbrot.dir/home/mr/.pico-sdk/sdk/2.1.1/src/rp2_common/hardware_i2c/i2c.c.o
                0x20001518                i2c0_inst
 .data.__malloc_sbrk_base
                0x20001520        0x4 /home/mr/.pico-sdk/toolchain/14_2_Rel1/bin/../lib/gcc/arm-none-eabi/14.2.1/../../../../arm-none-eabi/lib/thumb/v6-m/nofp/libg.a(libc_a-mallocr.o)
                0x20001520                __malloc_sbrk_base
 .data.__malloc_trim_threshold
                0x20001524        0x4 /home/mr/.pico-sdk/toolchain/14_2_Rel1/bin/../lib/gcc/arm-none-eabi/14.2.1/../../../../arm-none-eabi/lib/thumb/v6-m/nofp/libg.a(libc_a-mallocr.o)
                0x20001524                __malloc_trim_threshold
 .data.__malloc_av_
                0x20001528      0x408 /home/mr/.pico-sdk/toolchain/14_2_Rel1/bin/../lib/gcc/arm-none-eabi/14.2.1/../../../../arm-none-eabi/lib/thumb/v6-m/nofp/libg.a(libc_a-mallocr.o)
                0x20001528                __malloc_av_
 .data._impure_ptr
                0x20001930        0x4 /home/mr/.pico-sdk/toolchain/14_2_Rel1/bin/../lib/gcc/arm-none-eabi/14.2.1/../../../../arm-none-eabi/lib/thumb/v6-m/nofp/libg.a(libc_a-impure.o)
                0x20001930                _impure_ptr
 *fill*         0x20001934        0x4 
 .data._impure_data
                0x20001938      0x140 /home/mr/.pico-sdk/toolchain/14_2_Rel1/bin/../lib/gcc/arm-none-eabi/14.2.1/../../../../arm-none-eabi/lib/thumb/v6-m/nofp/libg.a(libc_a-impure.o)
                0x20001938                _impure_data
                0x20001a78                        . = ALIGN (0x4)
 *(.after_data.*)
                0x20001a78                        . = ALIGN (0x4)
                0x20001a78                        PROVIDE (__mutex_array_start = .)
 *(SORT_BY_NAME(.mutex_array.*))
 *(.mutex_array)
 .mutex_array   0x20001a78        0x8 CMakeFiles/pico_mandelbrot.dir/home/mr/.pico-sdk/sdk/2.1.1/src/rp2_common/pico_stdio/stdio.c.o
                0x20001a80                        PROVIDE (__mutex_array_end = .)
                0x20001a80                        . = ALIGN (0x4)
 *(.jcr)
                0x20001a80                        . = ALIGN (0x4)

.tm_clone_table
                0x20001a80        0x0 load address 0x1000af58
 .tm_clone_table
                0x20001a80        0x0 /home/mr/.pico-sdk/toolchain/14_2_Rel1/bin/../lib/gcc/arm-none-eabi/14.2.1/thumb/v6-m/nofp/crtbegin.o
 .tm_clone_table
                0x20001a80        0x0 /home/mr/.pico-sdk/toolchain/14_2_Rel1/bin/../lib/gcc/arm-none-eabi/14.2.1/thumb/v6-m/nofp/crtend.o

.igot.plt       0x20001a80        0x0 load address 0x1000af58
 .igot.plt      0x20001a80        0x0 /home/mr/.pico-sdk/toolchain/14_2_Rel1/bin/../lib/gcc/arm-none-eabi/14.2.1/thumb/v6-m/nofp/crtbegin.o

.tdata          0x20001a80        0x0 load address 0x1000af58
                0x20001a80                        . = ALIGN (0x4)
 *(.tdata .tdata.* .gnu.linkonce.td.*)
                0x20001a80                        __tdata_end = .
                0x20001a80                        PROVIDE (__data_end__ = .)
                0x10009598                        __etext = LOADADDR (.data)

.tbss           0x20001a80        0x0 load address 0x1000af58
                0x20001a80                        . = ALIGN (0x4)
                0x20001a80                        __bss_start__ = .
                0x20001a80                        __tls_base = .
 *(.tbss .tbss.* .gnu.linkonce.tb.*)
 *(.tcommon)
                0x20001a80                        __tls_end = .

.bss            0x20001a80     0x20cc load address 0x1000af58
                0x20001a80                        . = ALIGN (0x4)
                0x20001a80                        __tbss_end = .
 *(SORT_BY_ALIGNMENT(SORT_BY_NAME(.bss*)))
 .bss.default_alarm_pool_entries
                0x20001a80      0x180 CMakeFiles/pico_mandelbrot.dir/home/mr/.pico-sdk/sdk/2.1.1/src/common/pico_time/time.c.o