Archive member included to satisfy reference by file (symbol)

/home/mr/.pico-sdk/toolchain/14_2_Rel1/bin/../lib/gcc/arm-none-eabi/14.2.1/../../../../arm-none-eabi/lib/thumb/v6-m/nofp/libm.a(libm_a-cabsf.o)
                              CMakeFiles/pico_mandelbrot.dir/ssd1306.c.o (cabsf)
/home/mr/.pico-sdk/toolchain/14_2_Rel1/bin/../lib/gcc/arm-none-eabi/14.2.1/../../../../arm-none-eabi/lib/thumb/v6-m/nofp/libm.a(libm_a-cimagf.o)
                              /home/mr/.pico-sdk/toolchain/14_2_Rel1/bin/../lib/gcc/arm-none-eabi/14.2.1/../../../../arm-none-eabi/lib/thumb/v6-m/nofp/libm.a(libm_a-cabsf.o) (cimagf)
/home/mr/.pico-sdk/toolchain/14_2_Rel1/bin/../lib/gcc/arm-none-eabi/14.2.1/../../../../arm-none-eabi/lib/thumb/v6-m/nofp/libm.a(libm_a-crealf.o)
                              /home/mr/.pico-sdk/toolchain/14_2_Rel1/bin/../lib/gcc/arm-none-eabi/14.2.1/../../../../arm-none-eabi/lib/thumb/v6-m/nofp/libm.a(libm_a-cabsf.o) (crealf)
/home/mr/.pico-sdk/toolchain/14_2_Rel1/bin/../lib/gcc/arm-none-eabi/14.2.1/thumb/v6-m/nofp/libgcc.a(_dvmd_tls.o)
                              CMakeFiles/pico_mandelbrot.dir/home/mr/.pico-sdk/sdk/2.1.1/src/rp2_common/pico_divider/divider_hardware.S.o (__aeabi_idiv0)
/home/mr/.pico-sdk/toolchain/14_2_Rel1/bin/../lib/gcc/arm-none-eabi/14.2.1/thumb/v6-m/nofp/libgcc.a(_mulsc3.o)
                              CMakeFiles/pico_mandelbrot.dir/ssd1306.c.o (__mulsc3)
/home/mr/.pico-sdk/toolchain/14_2_Rel1/bin/../lib/gcc/arm-none-eabi/14.2.1/../../../../arm-none-eabi/lib/thumb/v6-m/nofp/libg.a(libc_a-calloc.o)
                              CMakeFiles/pico_mandelbrot.dir/home/mr/.pico-sdk/sdk/2.1.1/src/rp2_common/pico_malloc/malloc.c.o (calloc)
/home/mr/.pico-sdk/toolchain/14_2_Rel1/bin/../lib/gcc/arm-none-eabi/14.2.1/../../../../arm-none-eabi/lib/thumb/v6-m/nofp/libg.a(libc_a-callocr.o)
                              /home/mr/.pico-sdk/toolchain/14_2_Rel1/bin/../lib/gcc/arm-none-eabi/14.2.1/../../../../arm-none-eabi/lib/thumb/v6-m/nofp/libg.a(libc_a-calloc.o) (_calloc_r)
/home/mr/.pico-sdk/toolchain/14_2_Rel1/bin/../lib/gcc/arm-none-eabi/14.2.1/../../../../arm-none-eabi/lib/thumb/v6-m/nofp/libg.a(libc_a-malloc.o)
                              CMakeFiles/pico_mandelbrot.dir/home/mr/.pico-sdk/sdk/2.1.1/src/rp2_common/pico_malloc/malloc.c.o (malloc)
/home/mr/.pico-sdk/toolchain/14_2_Rel1/bin/../lib/gcc/arm-none-eabi/14.2.1/../../../../arm-none-eabi/lib/thumb/v6-m/nofp/libg.a(libc_a-mallocr.o)
                              /home/mr/.pico-sdk/toolchain/14_2_Rel1/bin/../lib/gcc/arm-none-eabi/14.2.1/../../../../arm-none-eabi/lib/thumb/v6-m/nofp/libg.a(libc_a-callocr.o) (_malloc_r)
/home/mr/.pico-sdk/toolchain/14_2_Rel1/bin/../lib/gcc/arm-none-eabi/14.2.1/../../../../arm-none-eabi/lib/thumb/v6-m/nofp/libg.a(libc_a-mlock.o)
                              /home/mr/.pico-sdk/toolchain/14_2_Rel1/bin/../lib/gcc/arm-none-eabi/14.2.1/../../../../arm-none-eabi/lib/thumb/v6-m/nofp/libg.a(libc_a-mallocr.o) (__malloc_lock)
/home/mr/.pico-sdk/toolchain/14_2_Rel1/bin/../lib/gcc/arm-none-eabi/14.2.1/../../../../arm-none-eabi/lib/thumb/v6-m/nofp/libg.a(libc_a-realloc.o)
                              CMakeFiles/pico_mandelbrot.dir/home/mr/.pico-sdk/sdk/2.1.1/src/rp2_common/pico_malloc/malloc.c.o (realloc)
/home/mr/.pico-sdk/toolchain/14_2_Rel1/bin/../lib/gcc/arm-none-eabi/14.2.1/../../../../arm-none-eabi/lib/thumb/v6-m/nofp/libg.a(libc_a-reallocr.o)
                              /home/mr/.pico-sdk/toolchain/14_2_Rel1/bin/../lib/gcc/arm-none-eabi/14.2.1/../../../../arm-none-eabi/lib/thumb/v6-m/nofp/libg.a(libc_a-realloc.o) (_realloc_r)
/home/mr/.pico-sdk/toolchain/14_2_Rel1/bin/../lib/gcc/arm-none-eabi/14.2.1/../../../../arm-none-eabi/lib/thumb/v6-m/nofp/libg.a(libc_a-memcmp.o)
                              CMakeFiles/pico_mandelbrot.dir/home/mr/.pico-sdk/sdk/2.1.1/src/rp2_common/pico_atomic/atomic.c.o (memcmp)
/home/mr/.pico-sdk/toolchain/14_2_Rel1/bin/../lib/gcc/arm-none-eabi/14.2.1/../../../../arm-none-eabi/lib/thumb/v6-m/nofp/libg.a(libc_a-memmove.o)
                              /home/mr/.pico-sdk/toolchain/14_2_Rel1/bin/../lib/gcc/arm-none-eabi/14.2.1/../../../../arm-none-eabi/lib/thumb/v6-m/nofp/libg.a(libc_a-reallocr.o) (memmove)
/home/mr/.pico-sdk/toolchain/14_2_Rel1/bin/../lib/gcc/arm-none-eabi/14.2.1/../../../../arm-none-eabi/lib/thumb/v6-m/nofp/libg.a(libc_a-lcltime_r.o)
                              CMakeFiles/pico_mandelbrot.dir/home/mr/.pico-sdk/sdk/2.1.1/src/common/pico_util/datetime.c.o (localtime_r)
/home/mr/.pico-sdk/toolchain/14_2_Rel1/bin/../lib/gcc/arm-none-eabi/14.2.1/../../../../arm-none-eabi/lib/thumb/v6-m/nofp/libg.a(libc_a-mktime.o)
                              CMakeFiles/pico_mandelbrot.dir/home/mr/.pico-sdk/sdk/2.1.1/src/common/pico_util/datetime.c.o (mktime)
/home/mr/.pico-sdk/toolchain/14_2_Rel1/bin/../lib/gcc/arm-none-eabi/14.2.1/../../../../arm-none-eabi/lib/thumb/v6-m/nofp/libg.a(libc_a-month_lengths.o)
[...]
Memory Configuration

Name             Origin             Length             Attributes
FLASH            0x10000000         0x00200000         xr
RAM              0x20000000         0x00040000         xrw
SCRATCH_X        0x20040000         0x00001000         xrw
SCRATCH_Y        0x20041000         0x00001000         xrw
*default*        0x00000000         0xffffffff

Linker script and memory map

LOAD /home/mr/.pico-sdk/toolchain/14_2_Rel1/bin/../lib/gcc/arm-none-eabi/14.2.1/thumb/v6-m/nofp/crti.o
LOAD /home/mr/.pico-sdk/toolchain/14_2_Rel1/bin/../lib/gcc/arm-none-eabi/14.2.1/thumb/v6-m/nofp/crtbegin.o
LOAD /home/mr/.pico-sdk/toolchain/14_2_Rel1/bin/../lib/gcc/arm-none-eabi/14.2.1/../../../../arm-none-eabi/lib/thumb/v6-m/nofp/crt0.o

.flash_begin    0x10000000        0x0
                0x10000000                        __flash_binary_start = .

.boot2          0x10000000      0x100
                0x10000000                        __boot2_start__ = .
 *(.boot2)
 .boot2         0x10000000      0x100 pico-sdk/src/rp2040/boot_stage2/CMakeFiles/bs2_default_library.dir/./bs2_default_padded_checksummed.S.o
                0x10000100                        __boot2_end__ = .
                0x00000001                        ASSERT (((__boot2_end__ - __boot2_start__) == 0x100), ERROR: Pico second stage bootloader must be 256 bytes in size)

.text           0x10000100     0x6df4
                0x10000100                        __logical_binary_start = .
 *(.vectors)
 .vectors       0x10000100       0xd4 CMakeFiles/pico_mandelbrot.dir/home/mr/.pico-sdk/sdk/2.1.1/src/rp2_common/pico_crt0/crt0.S.o
                0x10000100                __vectors
                0x10000100                __VECTOR_TABLE
                0x100001c0                isr_invalid
                0x100001c0                __default_isrs_start
                0x100001c2                isr_nmi
                0x100001c4                isr_hardfault
                0x100001c6                isr_svcall
                0x100001c8                isr_pendsv
                0x100001ca                isr_systick
                0x100001cc                isr_irq30
                0x100001cc                __unhandled_user_irq
                0x100001cc                isr_irq13
                0x100001cc                isr_irq27
                0x100001cc                isr_irq31
                0x100001cc                isr_irq5
                0x100001cc                isr_irq11
                0x100001cc                isr_irq23
                0x100001cc                isr_irq18
                0x100001cc                isr_irq28
                0x100001cc                isr_irq19
                0x100001cc                isr_irq0
                0x100001cc                isr_irq6
                0x100001cc                isr_irq22
                0x100001cc                isr_irq17
                0x100001cc                isr_irq14
                0x100001cc                isr_irq2
                0x100001cc                isr_irq10
                0x100001cc                isr_irq8
                0x100001cc                isr_irq24
                0x100001cc                isr_irq1
                0x100001cc                isr_irq7
                0x100001cc                isr_irq21
                0x100001cc                isr_irq20
                0x100001cc                isr_irq15
                0x100001cc                isr_irq25
                0x100001cc                isr_irq4
                0x100001cc                isr_irq16
                0x100001cc                isr_irq29
                0x100001cc                isr_irq26
                0x100001cc                __default_isrs_end
                0x100001cc                isr_irq3
                0x100001cc                isr_irq12
                0x100001cc                isr_irq9
                0x100001d2                unhandled_user_irq_num_in_r0
 *(.binary_info_header)
 .binary_info_header
                0x100001d4       0x14 CMakeFiles/pico_mandelbrot.dir/home/mr/.pico-sdk/sdk/2.1.1/src/rp2_common/pico_crt0/crt0.S.o
                0x100001e8                        __binary_info_header_end = .
 *(.embedded_block)
                0x100001e8                        __embedded_block_end = .
 *(.reset)
 .reset         0x100001e8       0x9c CMakeFiles/pico_mandelbrot.dir/home/mr/.pico-sdk/sdk/2.1.1/src/rp2_common/pico_crt0/crt0.S.o
                0x100001e8                _entry_point
 *(.init)
 .init          0x10000284        0x4 /home/mr/.pico-sdk/toolchain/14_2_Rel1/bin/../lib/gcc/arm-none-eabi/14.2.1/thumb/v6-m/nofp/crti.o
                0x10000284                _init
 *(EXCLUDE_FILE(*libm.a: *libc.a:*lib_a-mem*.o *libgcc.a:) .text*)
 .text.register_tm_clones
                0x10000288       0x28 /home/mr/.pico-sdk/toolchain/14_2_Rel1/bin/../lib/gcc/arm-none-eabi/14.2.1/thumb/v6-m/nofp/crtbegin.o
 .text.frame_dummy
                0x100002b0       0x24 /home/mr/.pico-sdk/toolchain/14_2_Rel1/bin/../lib/gcc/arm-none-eabi/14.2.1/thumb/v6-m/nofp/crtbegin.o
 .text.undo_zoom_in.part.0
                0x100002d4       0x70 CMakeFiles/pico_mandelbrot.dir/pico_mandelbrot.c.o
 .text.controller
                0x10000344      0x1bc CMakeFiles/pico_mandelbrot.dir/pico_mandelbrot.c.o
                0x10000344                controller
 .text.controller_repeating_timer_callback
                0x10000500      0x140 CMakeFiles/pico_mandelbrot.dir/pico_mandelbrot.c.o
                0x10000500                controller_repeating_timer_callback
 .text.zoom_in  0x10000640      0x104 CMakeFiles/pico_mandelbrot.dir/pico_mandelbrot.c.o
                0x10000640                zoom_in
 .text.button_interruption_gpio_irq_handler
                0x10000744      0x140 CMakeFiles/pico_mandelbrot.dir/pico_mandelbrot.c.o
                0x10000744                button_interruption_gpio_irq_handler
 .text.startup.main
                0x10000884       0xb4 CMakeFiles/pico_mandelbrot.dir/pico_mandelbrot.c.o
                0x10000884                main
 .text.calc_render_area_buflen
                0x10000938       0x18 CMakeFiles/pico_mandelbrot.dir/ssd1306.c.o
                0x10000938                calc_render_area_buflen
 .text.SSD1306_init
                0x10000950       0x58 CMakeFiles/pico_mandelbrot.dir/ssd1306.c.o
                0x10000950                SSD1306_init
 .text.render   0x100009a8       0x98 CMakeFiles/pico_mandelbrot.dir/ssd1306.c.o
                0x100009a8                render
 .text.draw_cursor
                0x10000a40      0x170 CMakeFiles/pico_mandelbrot.dir/ssd1306.c.o
                0x10000a40                draw_cursor
 .text.draw_mandelbrot
                0x10000bb0      0x23c CMakeFiles/pico_mandelbrot.dir/ssd1306.c.o
                0x10000bb0                draw_mandelbrot
 .text.setup_general
                0x10000dec       0x40 CMakeFiles/pico_mandelbrot.dir/setup.c.o
                0x10000dec                setup_general
 .text.setup_i2c
                0x10000e2c       0x3c CMakeFiles/pico_mandelbrot.dir/setup.c.o
                0x10000e2c                setup_i2c
 .text.setup_joystick
                0x10000e68       0x58 CMakeFiles/pico_mandelbrot.dir/setup.c.o
                0x10000e68                setup_joystick
 .text.gpio_default_irq_handler
                0x10000ec0      0x2c8 CMakeFiles/pico_mandelbrot.dir/home/mr/.pico-sdk/sdk/2.1.1/src/rp2_common/hardware_gpio/gpio.c.o
 .text.gpio_set_function
                0x10001188       0x34 CMakeFiles/pico_mandelbrot.dir/home/mr/.pico-sdk/sdk/2.1.1/src/rp2_common/hardware_gpio/gpio.c.o
                0x10001188                gpio_set_function
 .text.gpio_set_pulls
                0x100011bc       0x28 CMakeFiles/pico_mandelbrot.dir/home/mr/.pico-sdk/sdk/2.1.1/src/rp2_common/hardware_gpio/gpio.c.o
                0x100011bc                gpio_set_pulls
 .text.gpio_set_irq_enabled_with_callback
                0x100011e4       0xd0 CMakeFiles/pico_mandelbrot.dir/home/mr/.pico-sdk/sdk/2.1.1/src/rp2_common/hardware_gpio/gpio.c.o
                0x100011e4                gpio_set_irq_enabled_with_callback
 .text.gpio_acknowledge_irq
                0x100012b4       0x1c CMakeFiles/pico_mandelbrot.dir/home/mr/.pico-sdk/sdk/2.1.1/src/rp2_common/hardware_gpio/gpio.c.o
                0x100012b4                gpio_acknowledge_irq
 .text.gpio_set_input_enabled
                0x100012d0       0x28 CMakeFiles/pico_mandelbrot.dir/home/mr/.pico-sdk/sdk/2.1.1/src/rp2_common/hardware_gpio/gpio.c.o
                0x100012d0                gpio_set_input_enabled
 .text.gpio_init
                0x100012f8       0x40 CMakeFiles/pico_mandelbrot.dir/home/mr/.pico-sdk/sdk/2.1.1/src/rp2_common/hardware_gpio/gpio.c.o
                0x100012f8                gpio_init
 .text.rp2040_chip_version
                0x10001338        0xc CMakeFiles/pico_mandelbrot.dir/home/mr/.pico-sdk/sdk/2.1.1/src/rp2040/pico_platform/platform.c.o
                0x10001338                rp2040_chip_version
 .text.panic    0x10001344       0x30 CMakeFiles/pico_mandelbrot.dir/home/mr/.pico-sdk/sdk/2.1.1/src/rp2_common/pico_platform_panic/panic.c.o
                0x10001344                panic
 .text.hw_claim_or_assert
                0x10001374       0x44 CMakeFiles/pico_mandelbrot.dir/home/mr/.pico-sdk/sdk/2.1.1/src/common/hardware_claim/claim.c.o
                0x10001374                hw_claim_or_assert
 .text.hw_claim_unused_from_range
                0x100013b8       0x88 CMakeFiles/pico_mandelbrot.dir/home/mr/.pico-sdk/sdk/2.1.1/src/common/hardware_claim/claim.c.o
                0x100013b8                hw_claim_unused_from_range
 .text.next_striped_spin_lock_num
                0x10001440       0x18 CMakeFiles/pico_mandelbrot.dir/home/mr/.pico-sdk/sdk/2.1.1/src/rp2_common/hardware_sync/sync.c.o
                0x10001440                next_striped_spin_lock_num
 .text.spin_lock_claim_unused
                0x10001458       0x24 CMakeFiles/pico_mandelbrot.dir/home/mr/.pico-sdk/sdk/2.1.1/src/rp2_common/hardware_sync/sync.c.o
                0x10001458                spin_lock_claim_unused
 .text.spin_locks_reset
                0x1000147c       0x1c CMakeFiles/pico_mandelbrot.dir/home/mr/.pico-sdk/sdk/2.1.1/src/rp2_common/hardware_sync_spin_lock/sync_spin_lock.c.o
                0x1000147c                spin_locks_reset
 .text.runtime_init_per_core_irq_priorities
                0x10001498       0x24 CMakeFiles/pico_mandelbrot.dir/home/mr/.pico-sdk/sdk/2.1.1/src/rp2_common/hardware_irq/irq.c.o
                0x10001498                runtime_init_per_core_irq_priorities
 .text.irq_set_enabled
                0x100014bc       0x24 CMakeFiles/pico_mandelbrot.dir/home/mr/.pico-sdk/sdk/2.1.1/src/rp2_common/hardware_irq/irq.c.o
                0x100014bc                irq_set_enabled
 .text.irq_is_enabled
                0x100014e0       0x18 CMakeFiles/pico_mandelbrot.dir/home/mr/.pico-sdk/sdk/2.1.1/src/rp2_common/hardware_irq/irq.c.o
                0x100014e0                irq_is_enabled
 .text.irq_set_pending
                0x100014f8       0x10 CMakeFiles/pico_mandelbrot.dir/home/mr/.pico-sdk/sdk/2.1.1/src/rp2_common/hardware_irq/irq.c.o
                0x100014f8                irq_set_pending
 .text.irq_has_shared_handler
                0x10001508       0x24 CMakeFiles/pico_mandelbrot.dir/home/mr/.pico-sdk/sdk/2.1.1/src/rp2_common/hardware_irq/irq.c.o
                0x10001508                irq_has_shared_handler
 .text.irq_set_exclusive_handler
                0x1000152c       0x54 CMakeFiles/pico_mandelbrot.dir/home/mr/.pico-sdk/sdk/2.1.1/src/rp2_common/hardware_irq/irq.c.o
                0x1000152c                irq_set_exclusive_handler
 .text.irq_add_shared_handler
                0x10001580      0x1f4 CMakeFiles/pico_mandelbrot.dir/home/mr/.pico-sdk/sdk/2.1.1/src/rp2_common/hardware_irq/irq.c.o
                0x10001580                irq_add_shared_handler
 .text.irq_remove_handler
                0x10001774      0x1d4 CMakeFiles/pico_mandelbrot.dir/home/mr/.pico-sdk/sdk/2.1.1/src/rp2_common/hardware_irq/irq.c.o
                0x10001774                irq_remove_handler
 .text.irq_add_tail_to_free_list
                0x10001948       0xb4 CMakeFiles/pico_mandelbrot.dir/home/mr/.pico-sdk/sdk/2.1.1/src/rp2_common/hardware_irq/irq.c.o
                0x10001948                irq_add_tail_to_free_list
 .text.user_irq_claim_unused
                0x100019fc       0x2c CMakeFiles/pico_mandelbrot.dir/home/mr/.pico-sdk/sdk/2.1.1/src/rp2_common/hardware_irq/irq.c.o
                0x100019fc                user_irq_claim_unused
 .text.lock_init
                0x10001a28       0x10 CMakeFiles/pico_mandelbrot.dir/home/mr/.pico-sdk/sdk/2.1.1/src/common/pico_sync/lock_core.c.o
                0x10001a28                lock_init
 .text.runtime_init_mutex
                0x10001a38       0x50 CMakeFiles/pico_mandelbrot.dir/home/mr/.pico-sdk/sdk/2.1.1/src/common/pico_sync/mutex.c.o
                0x10001a38                runtime_init_mutex
 .text.mutex_init
                0x10001a88       0x1c CMakeFiles/pico_mandelbrot.dir/home/mr/.pico-sdk/sdk/2.1.1/src/common/pico_sync/mutex.c.o
                0x10001a88                mutex_init
 .text.critical_section_init
                0x10001aa4       0x1c CMakeFiles/pico_mandelbrot.dir/home/mr/.pico-sdk/sdk/2.1.1/src/common/pico_sync/critical_section.c.o
                0x10001aa4                critical_section_init
 .text.critical_section_init_with_lock_num
                0x10001ac0       0x14 CMakeFiles/pico_mandelbrot.dir/home/mr/.pico-sdk/sdk/2.1.1/src/common/pico_sync/critical_section.c.o
                0x10001ac0                critical_section_init_with_lock_num
 .text.sleep_until_callback
                0x10001ad4       0x30 CMakeFiles/pico_mandelbrot.dir/home/mr/.pico-sdk/sdk/2.1.1/src/common/pico_time/time.c.o
 .text.alarm_pool_irq_handler
                0x10001b04      0x300 CMakeFiles/pico_mandelbrot.dir/home/mr/.pico-sdk/sdk/2.1.1/src/common/pico_time/time.c.o
 .text.runtime_init_default_alarm_pool
                0x10001e04       0xdc CMakeFiles/pico_mandelbrot.dir/home/mr/.pico-sdk/sdk/2.1.1/src/common/pico_time/time.c.o
                0x10001e04                runtime_init_default_alarm_pool
 .text.alarm_pool_get_default
                0x10001ee0        0x8 CMakeFiles/pico_mandelbrot.dir/home/mr/.pico-sdk/sdk/2.1.1/src/common/pico_time/time.c.o
                0x10001ee0                alarm_pool_get_default
 .text.alarm_pool_add_alarm_at
                0x10001ee8       0xd0 CMakeFiles/pico_mandelbrot.dir/home/mr/.pico-sdk/sdk/2.1.1/src/common/pico_time/time.c.o
                0x10001ee8                alarm_pool_add_alarm_at
 .text.alarm_pool_add_alarm_at_force_in_context
                0x10001fb8       0xb0 CMakeFiles/pico_mandelbrot.dir/home/mr/.pico-sdk/sdk/2.1.1/src/common/pico_time/time.c.o
                0x10001fb8                alarm_pool_add_alarm_at_force_in_context
 .text.alarm_pool_cancel_alarm
                0x10002068       0x74 CMakeFiles/pico_mandelbrot.dir/home/mr/.pico-sdk/sdk/2.1.1/src/common/pico_time/time.c.o
                0x10002068                alarm_pool_cancel_alarm
 .text.alarm_pool_core_num
                0x100020dc        0x4 CMakeFiles/pico_mandelbrot.dir/home/mr/.pico-sdk/sdk/2.1.1/src/common/pico_time/time.c.o
                0x100020dc                alarm_pool_core_num
 .text.sleep_us
                0x100020e0       0xec CMakeFiles/pico_mandelbrot.dir/home/mr/.pico-sdk/sdk/2.1.1/src/common/pico_time/time.c.o
                0x100020e0                sleep_us
 .text.best_effort_wfe_or_timeout
                0x100021cc      0x10c CMakeFiles/pico_mandelbrot.dir/home/mr/.pico-sdk/sdk/2.1.1/src/common/pico_time/time.c.o
                0x100021cc                best_effort_wfe_or_timeout
 .text.alarm_pool_add_repeating_timer_us
                0x100022d8      0x124 CMakeFiles/pico_mandelbrot.dir/home/mr/.pico-sdk/sdk/2.1.1/src/common/pico_time/time.c.o
                0x100022d8                alarm_pool_add_repeating_timer_us
 .text.timer_hardware_alarm_claim
                0x100023fc       0x14 CMakeFiles/pico_mandelbrot.dir/home/mr/.pico-sdk/sdk/2.1.1/src/rp2_common/hardware_timer/timer.c.o
                0x100023fc                timer_hardware_alarm_claim
 .text.timer_time_us_64
                0x10002410       0x10 CMakeFiles/pico_mandelbrot.dir/home/mr/.pico-sdk/sdk/2.1.1/src/rp2_common/hardware_timer/timer.c.o
                0x10002410                timer_time_us_64
 .text.time_us_64
                0x10002420       0x14 CMakeFiles/pico_mandelbrot.dir/home/mr/.pico-sdk/sdk/2.1.1/src/rp2_common/hardware_timer/timer.c.o
                0x10002420                time_us_64
 .text.busy_wait_us
                0x10002434       0x68 CMakeFiles/pico_mandelbrot.dir/home/mr/.pico-sdk/sdk/2.1.1/src/rp2_common/hardware_timer/timer.c.o
                0x10002434                busy_wait_us
 .text.busy_wait_until
                0x1000249c       0x20 CMakeFiles/pico_mandelbrot.dir/home/mr/.pico-sdk/sdk/2.1.1/src/rp2_common/hardware_timer/timer.c.o
                0x1000249c                busy_wait_until
 .text.uart_init
                0x100024bc      0x120 CMakeFiles/pico_mandelbrot.dir/home/mr/.pico-sdk/sdk/2.1.1/src/rp2_common/hardware_uart/uart.c.o
                0x100024bc                uart_init
 .text.clock_configure_int_divider
                0x100025dc       0xf4 CMakeFiles/pico_mandelbrot.dir/home/mr/.pico-sdk/sdk/2.1.1/src/rp2_common/hardware_clocks/clocks.c.o
                0x100025dc                clock_configure_int_divider
 .text.clock_configure_undivided
                0x100026d0       0xe8 CMakeFiles/pico_mandelbrot.dir/home/mr/.pico-sdk/sdk/2.1.1/src/rp2_common/hardware_clocks/clocks.c.o
                0x100026d0                clock_configure_undivided
 .text.clock_get_hz
                0x100027b8        0xc CMakeFiles/pico_mandelbrot.dir/home/mr/.pico-sdk/sdk/2.1.1/src/rp2_common/hardware_clocks/clocks.c.o
                0x100027b8                clock_get_hz
 .text.pll_init
                0x100027c4       0xa4 CMakeFiles/pico_mandelbrot.dir/home/mr/.pico-sdk/sdk/2.1.1/src/rp2_common/hardware_pll/pll.c.o
                0x100027c4                pll_init
 .text.watchdog_reboot
                0x10002868       0x9c CMakeFiles/pico_mandelbrot.dir/home/mr/.pico-sdk/sdk/2.1.1/src/rp2_common/hardware_watchdog/watchdog.c.o
                0x10002868                watchdog_reboot
 .text.tick_start
                0x10002904       0x10 CMakeFiles/pico_mandelbrot.dir/home/mr/.pico-sdk/sdk/2.1.1/src/rp2_common/hardware_ticks/ticks.c.o
                0x10002904                tick_start
 .text.rom_func_lookup
                0x10002914       0x10 CMakeFiles/pico_mandelbrot.dir/home/mr/.pico-sdk/sdk/2.1.1/src/rp2_common/pico_bootrom/bootrom.c.o
                0x10002914                rom_func_lookup
 .text.rom_data_lookup
                0x10002924       0x10 CMakeFiles/pico_mandelbrot.dir/home/mr/.pico-sdk/sdk/2.1.1/src/rp2_common/pico_bootrom/bootrom.c.o
                0x10002924                rom_data_lookup
 .text.rom_funcs_lookup
                0x10002934       0x44 CMakeFiles/pico_mandelbrot.dir/home/mr/.pico-sdk/sdk/2.1.1/src/rp2_common/pico_bootrom/bootrom.c.o
                0x10002934                rom_funcs_lookup
 .text.rom_reset_usb_boot_extra
                0x10002978       0x24 CMakeFiles/pico_mandelbrot.dir/home/mr/.pico-sdk/sdk/2.1.1/src/rp2_common/pico_bootrom/bootrom.c.o
                0x10002978                rom_reset_usb_boot_extra
 .text.xosc_init
                0x1000299c       0x28 CMakeFiles/pico_mandelbrot.dir/home/mr/.pico-sdk/sdk/2.1.1/src/rp2_common/hardware_xosc/xosc.c.o
                0x1000299c                xosc_init
 .text.first_per_core_initializer
                0x100029c4        0x4 CMakeFiles/pico_mandelbrot.dir/home/mr/.pico-sdk/sdk/2.1.1/src/rp2_common/pico_runtime/runtime.c.o
 .text.hard_assertion_failure
                0x100029c8        0xc CMakeFiles/pico_mandelbrot.dir/home/mr/.pico-sdk/sdk/2.1.1/src/rp2_common/pico_runtime/runtime.c.o
                0x100029c8                hard_assertion_failure
 .text.runtime_run_initializers
                0x100029d4       0x28 CMakeFiles/pico_mandelbrot.dir/home/mr/.pico-sdk/sdk/2.1.1/src/rp2_common/pico_runtime/runtime.c.o
                0x100029d4                runtime_run_initializers
 .text.runtime_init_early_resets
                0x100029fc       0x2c CMakeFiles/pico_mandelbrot.dir/home/mr/.pico-sdk/sdk/2.1.1/src/rp2_common/pico_runtime_init/runtime_init.c.o
                0x100029fc                runtime_init_early_resets
 .text.runtime_init_usb_power_down
                0x10002a28       0x1c CMakeFiles/pico_mandelbrot.dir/home/mr/.pico-sdk/sdk/2.1.1/src/rp2_common/pico_runtime_init/runtime_init.c.o
                0x10002a28                runtime_init_usb_power_down
 .text.runtime_init_post_clock_resets
                0x10002a44       0x20 CMakeFiles/pico_mandelbrot.dir/home/mr/.pico-sdk/sdk/2.1.1/src/rp2_common/pico_runtime_init/runtime_init.c.o
                0x10002a44                runtime_init_post_clock_resets
 .text.runtime_init_rp2040_gpio_ie_disable
                0x10002a64       0x14 CMakeFiles/pico_mandelbrot.dir/home/mr/.pico-sdk/sdk/2.1.1/src/rp2_common/pico_runtime_init/runtime_init.c.o
                0x10002a64                runtime_init_rp2040_gpio_ie_disable
 .text.runtime_init_spin_locks_reset
                0x10002a78        0x8 CMakeFiles/pico_mandelbrot.dir/home/mr/.pico-sdk/sdk/2.1.1/src/rp2_common/pico_runtime_init/runtime_init.c.o
                0x10002a78                runtime_init_spin_locks_reset
 .text.runtime_init_install_ram_vector_table
                0x10002a80       0x1c CMakeFiles/pico_mandelbrot.dir/home/mr/.pico-sdk/sdk/2.1.1/src/rp2_common/pico_runtime_init/runtime_init.c.o
                0x10002a80                runtime_init_install_ram_vector_table
 .text.runtime_init_clocks
                0x10002a9c       0xd8 CMakeFiles/pico_mandelbrot.dir/home/mr/.pico-sdk/sdk/2.1.1/src/rp2_common/pico_runtime_init/runtime_init_clocks.c.o
                0x10002a9c                runtime_init_clocks
 .text          0x10002b74       0x10 CMakeFiles/pico_mandelbrot.dir/home/mr/.pico-sdk/sdk/2.1.1/src/rp2_common/pico_bit_ops/bit_ops_aeabi.S.o
 .text.__wrap___aeabi_uidiv
                0x10002b84       0x4c CMakeFiles/pico_mandelbrot.dir/home/mr/.pico-sdk/sdk/2.1.1/src/rp2_common/pico_divider/divider_hardware.S.o
                0x10002b84                __wrap___aeabi_uidiv
                0x10002b84                __wrap___aeabi_uidivmod
                0x10002b84                div_u32u32
                0x10002b84                divmod_u32u32
                0x10002b8c                divmod_u32u32_unsafe
                0x10002bb4                divmod_u32u32_savestate
 .text.__wrap___aeabi_darithmetic
                0x10002bd0       0x60 CMakeFiles/pico_mandelbrot.dir/home/mr/.pico-sdk/sdk/2.1.1/src/rp2_common/pico_double/double_aeabi_rp2040.S.o
                0x10002bd0                __wrap___aeabi_drsub
                0x10002bd6                __wrap___aeabi_dsub
                0x10002be0                __wrap___aeabi_dadd
                0x10002bea                __wrap___aeabi_ddiv
                0x10002c1e                __wrap___aeabi_dmul
 .text.__wrap___aeabi_i2d
                0x10002c30       0x38 CMakeFiles/pico_mandelbrot.dir/home/mr/.pico-sdk/sdk/2.1.1/src/rp2_common/pico_double/double_aeabi_rp2040.S.o
                0x10002c30                __wrap___aeabi_ui2d
                0x10002c30                uint2double
                0x10002c38                __wrap___aeabi_i2d
                0x10002c38                int2double
 .text.__wrap___aeabi_d2iz
                0x10002c68       0x48 CMakeFiles/pico_mandelbrot.dir/home/mr/.pico-sdk/sdk/2.1.1/src/rp2_common/pico_double/double_aeabi_rp2040.S.o
                0x10002c68                __wrap___aeabi_d2iz
                0x10002c68                double2int_z
 .text.missing_double_func_shim
                0x10002cb0        0xc CMakeFiles/pico_mandelbrot.dir/home/mr/.pico-sdk/sdk/2.1.1/src/rp2_common/pico_double/double_init_rom_rp2040.c.o
 .text.__aeabi_double_init
                0x10002cbc       0xa0 CMakeFiles/pico_mandelbrot.dir/home/mr/.pico-sdk/sdk/2.1.1/src/rp2_common/pico_double/double_init_rom_rp2040.c.o
                0x10002cbc                __aeabi_double_init
 .text.double_table_shim_on_use_helper
                0x10002d5c       0x2c CMakeFiles/pico_mandelbrot.dir/home/mr/.pico-sdk/sdk/2.1.1/src/rp2_common/pico_double/double_v1_rom_shim_rp2040.S.o
                0x10002d5c                double_table_shim_on_use_helper
 .text.__aeabi_lmul
                0x10002d88       0x32 CMakeFiles/pico_mandelbrot.dir/home/mr/.pico-sdk/sdk/2.1.1/src/rp2_common/pico_int64_ops/pico_int64_ops_aeabi.S.o
                0x10002d88                __wrap___aeabi_lmul
 *fill*         0x10002dba        0x2 
 .text.__wrap___aeabi_farithmetic
                0x10002dbc       0x48 CMakeFiles/pico_mandelbrot.dir/home/mr/.pico-sdk/sdk/2.1.1/src/rp2_common/pico_float/float_aeabi_rp2040.S.o
                0x10002dbc                __wrap___aeabi_frsub
                0x10002dc2                __wrap___aeabi_fsub
                0x10002dc8                __wrap___aeabi_fadd
                0x10002dce                __wrap___aeabi_fdiv
                0x10002df6                __wrap___aeabi_fmul
 .text.__wrap___aeabi_cfcmple
                0x10002e04       0x50 CMakeFiles/pico_mandelbrot.dir/home/mr/.pico-sdk/sdk/2.1.1/src/rp2_common/pico_float/float_aeabi_rp2040.S.o
                0x10002e04                __wrap___aeabi_cfrcmple
                0x10002e10                __wrap___aeabi_cfcmpeq
                0x10002e10                __wrap___aeabi_cfcmple
 .text.__wrap___aeabi_fcmpeq
                0x10002e54       0x10 CMakeFiles/pico_mandelbrot.dir/home/mr/.pico-sdk/sdk/2.1.1/src/rp2_common/pico_float/float_aeabi_rp2040.S.o
                0x10002e54                __wrap___aeabi_fcmpeq
 .text.__wrap___aeabi_fcmple
                0x10002e64       0x10 CMakeFiles/pico_mandelbrot.dir/home/mr/.pico-sdk/sdk/2.1.1/src/rp2_common/pico_float/float_aeabi_rp2040.S.o
                0x10002e64                __wrap___aeabi_fcmple
 .text.__wrap___aeabi_fcmpun
                0x10002e74       0x18 CMakeFiles/pico_mandelbrot.dir/home/mr/.pico-sdk/sdk/2.1.1/src/rp2_common/pico_float/float_aeabi_rp2040.S.o
                0x10002e74                __wrap___aeabi_fcmpun
 .text.__wrap___aeabi_ui2f
                0x10002e8c        0xa CMakeFiles/pico_mandelbrot.dir/home/mr/.pico-sdk/sdk/2.1.1/src/rp2_common/pico_float/float_aeabi_rp2040.S.o
                0x10002e8c                uint2float
                0x10002e8c                __wrap___aeabi_ui2f
 *fill*         0x10002e96        0x2 
 .text.__wrap___aeabi_i2f
                0x10002e98       0x44 CMakeFiles/pico_mandelbrot.dir/home/mr/.pico-sdk/sdk/2.1.1/src/rp2_common/pico_float/float_aeabi_rp2040.S.o
                0x10002e98                int2float
                0x10002e98                __wrap___aeabi_i2f
 .text.__wrap___aeabi_f2d
                0x10002edc        0xc CMakeFiles/pico_mandelbrot.dir/home/mr/.pico-sdk/sdk/2.1.1/src/rp2_common/pico_float/float_aeabi_rp2040.S.o
                0x10002edc                __wrap___aeabi_f2d
 .text.__wrap_sqrtf
                0x10002ee8        0xc CMakeFiles/pico_mandelbrot.dir/home/mr/.pico-sdk/sdk/2.1.1/src/rp2_common/pico_float/float_aeabi_rp2040.S.o
                0x10002ee8                __wrap_sqrtf
 .text.missing_float_func_shim
                0x10002ef4        0xc CMakeFiles/pico_mandelbrot.dir/home/mr/.pico-sdk/sdk/2.1.1/src/rp2_common/pico_float/float_init_rom_rp2040.c.o
 .text.__aeabi_float_init
                0x10002f00       0x5c CMakeFiles/pico_mandelbrot.dir/home/mr/.pico-sdk/sdk/2.1.1/src/rp2_common/pico_float/float_init_rom_rp2040.c.o
                0x10002f00                __aeabi_float_init
 .text.__wrap_hypotf
                0x10002f5c      0x110 CMakeFiles/pico_mandelbrot.dir/home/mr/.pico-sdk/sdk/2.1.1/src/rp2_common/pico_float/float_math.c.o
                0x10002f5c                __wrap_hypotf
 .text.__wrap_malloc
                0x1000306c       0x24 CMakeFiles/pico_mandelbrot.dir/home/mr/.pico-sdk/sdk/2.1.1/src/rp2_common/pico_malloc/malloc.c.o
                0x1000306c                __wrap_malloc
 .text.__wrap_realloc
                0x10003090       0x24 CMakeFiles/pico_mandelbrot.dir/home/mr/.pico-sdk/sdk/2.1.1/src/rp2_common/pico_malloc/malloc.c.o
                0x10003090                __wrap_realloc
 .text.__wrap_free
                0x100030b4        0x8 CMakeFiles/pico_mandelbrot.dir/home/mr/.pico-sdk/sdk/2.1.1/src/rp2_common/pico_malloc/malloc.c.o
                0x100030b4                __wrap_free
 .text          0x100030bc       0x10 CMakeFiles/pico_mandelbrot.dir/home/mr/.pico-sdk/sdk/2.1.1/src/rp2_common/pico_mem_ops/mem_ops_aeabi.S.o
                0x100030bc                __aeabi_mem_init
 .text.memset   0x100030cc        0xc CMakeFiles/pico_mandelbrot.dir/home/mr/.pico-sdk/sdk/2.1.1/src/rp2_common/pico_mem_ops/mem_ops_aeabi.S.o
                0x100030cc                __wrap_memset
 .text.memcpy   0x100030d8        0xc CMakeFiles/pico_mandelbrot.dir/home/mr/.pico-sdk/sdk/2.1.1/src/rp2_common/pico_mem_ops/mem_ops_aeabi.S.o
                0x100030d8                __wrap___aeabi_memcpy
                0x100030d8                __wrap_memcpy
 .text._out_char
                0x100030e4       0x10 CMakeFiles/pico_mandelbrot.dir/home/mr/.pico-sdk/sdk/2.1.1/src/rp2_common/pico_printf/printf.c.o
 .text.weak_raw_vprintf
                0x100030f4       0x30 CMakeFiles/pico_mandelbrot.dir/home/mr/.pico-sdk/sdk/2.1.1/src/rp2_common/pico_printf/printf.c.o
                0x100030f4                weak_raw_vprintf
 .text._exit    0x10003124        0x4 CMakeFiles/pico_mandelbrot.dir/home/mr/.pico-sdk/sdk/2.1.1/src/rp2_common/pico_clib_interface/newlib_interface.c.o
                0x10003124                _exit
 .text._sbrk    0x10003128       0x34 CMakeFiles/pico_mandelbrot.dir/home/mr/.pico-sdk/sdk/2.1.1/src/rp2_common/pico_clib_interface/newlib_interface.c.o
                0x10003128                _sbrk
 .text.exit     0x1000315c        0x8 CMakeFiles/pico_mandelbrot.dir/home/mr/.pico-sdk/sdk/2.1.1/src/rp2_common/pico_clib_interface/newlib_interface.c.o
                0x1000315c                exit
 .text.runtime_init
                0x10003164       0x2c CMakeFiles/pico_mandelbrot.dir/home/mr/.pico-sdk/sdk/2.1.1/src/rp2_common/pico_clib_interface/newlib_interface.c.o
                0x10003164                runtime_init
 .text.stdio_out_chars_no_crlf
                0x10003190       0x10 CMakeFiles/pico_mandelbrot.dir/home/mr/.pico-sdk/sdk/2.1.1/src/rp2_common/pico_stdio/stdio.c.o
 .text.stdio_out_chars_crlf
                0x100031a0       0xb0 CMakeFiles/pico_mandelbrot.dir/home/mr/.pico-sdk/sdk/2.1.1/src/rp2_common/pico_stdio/stdio.c.o
 .text.stdio_put_string
                0x10003250       0xfc CMakeFiles/pico_mandelbrot.dir/home/mr/.pico-sdk/sdk/2.1.1/src/rp2_common/pico_stdio/stdio.c.o
                0x10003250                stdio_put_string
 .text.stdio_set_driver_enabled
                0x1000334c       0x30 CMakeFiles/pico_mandelbrot.dir/home/mr/.pico-sdk/sdk/2.1.1/src/rp2_common/pico_stdio/stdio.c.o
                0x1000334c                stdio_set_driver_enabled
 .text.stdio_init_all
                0x1000337c       0x10 CMakeFiles/pico_mandelbrot.dir/home/mr/.pico-sdk/sdk/2.1.1/src/rp2_common/pico_stdio/stdio.c.o
                0x1000337c                stdio_init_all
 .text.__wrap_putchar
                0x1000338c       0x94 CMakeFiles/pico_mandelbrot.dir/home/mr/.pico-sdk/sdk/2.1.1/src/rp2_common/pico_stdio/stdio.c.o
                0x1000338c                stdio_putchar
                0x1000338c                __wrap_putchar
 .text.__wrap_puts
                0x10003420       0x3c CMakeFiles/pico_mandelbrot.dir/home/mr/.pico-sdk/sdk/2.1.1/src/rp2_common/pico_stdio/stdio.c.o
                0x10003420                __wrap_puts
                0x10003420                stdio_puts
 .text.stdio_uart_out_chars
                0x1000345c       0x4c CMakeFiles/pico_mandelbrot.dir/home/mr/.pico-sdk/sdk/2.1.1/src/rp2_common/pico_stdio_uart/stdio_uart.c.o
 .text.stdio_uart_in_chars
                0x100034a8       0x90 CMakeFiles/pico_mandelbrot.dir/home/mr/.pico-sdk/sdk/2.1.1/src/rp2_common/pico_stdio_uart/stdio_uart.c.o
                0x100034a8                stdio_uart_in_chars
 .text.on_uart_rx
                0x10003538       0x28 CMakeFiles/pico_mandelbrot.dir/home/mr/.pico-sdk/sdk/2.1.1/src/rp2_common/pico_stdio_uart/stdio_uart.c.o
 .text.stdio_uart_out_flush
                0x10003560       0x14 CMakeFiles/pico_mandelbrot.dir/home/mr/.pico-sdk/sdk/2.1.1/src/rp2_common/pico_stdio_uart/stdio_uart.c.o
 .text.stdio_uart_set_chars_available_callback
                0x10003574       0x84 CMakeFiles/pico_mandelbrot.dir/home/mr/.pico-sdk/sdk/2.1.1/src/rp2_common/pico_stdio_uart/stdio_uart.c.o
 .text.stdio_uart_init
                0x100035f8       0x50 CMakeFiles/pico_mandelbrot.dir/home/mr/.pico-sdk/sdk/2.1.1/src/rp2_common/pico_stdio_uart/stdio_uart.c.o
                0x100035f8                stdio_uart_init
 .text.resetd_init
                0x10003648        0x4 CMakeFiles/pico_mandelbrot.dir/home/mr/.pico-sdk/sdk/2.1.1/src/rp2_common/pico_stdio_usb/reset_interface.c.o
 .text.resetd_reset
                0x1000364c        0xc CMakeFiles/pico_mandelbrot.dir/home/mr/.pico-sdk/sdk/2.1.1/src/rp2_common/pico_stdio_usb/reset_interface.c.o
 .text.resetd_open
                0x10003658       0x28 CMakeFiles/pico_mandelbrot.dir/home/mr/.pico-sdk/sdk/2.1.1/src/rp2_common/pico_stdio_usb/reset_interface.c.o
 .text.resetd_xfer_cb
                0x10003680        0x4 CMakeFiles/pico_mandelbrot.dir/home/mr/.pico-sdk/sdk/2.1.1/src/rp2_common/pico_stdio_usb/reset_interface.c.o
 .text.resetd_control_xfer_cb
                0x10003684       0x54 CMakeFiles/pico_mandelbrot.dir/home/mr/.pico-sdk/sdk/2.1.1/src/rp2_common/pico_stdio_usb/reset_interface.c.o
 .text.tud_descriptor_bos_cb
                0x100036d8        0x8 CMakeFiles/pico_mandelbrot.dir/home/mr/.pico-sdk/sdk/2.1.1/src/rp2_common/pico_stdio_usb/reset_interface.c.o
                0x100036d8                tud_descriptor_bos_cb
 .text.tud_vendor_control_xfer_cb
                0x100036e0       0x34 CMakeFiles/pico_mandelbrot.dir/home/mr/.pico-sdk/sdk/2.1.1/src/rp2_common/pico_stdio_usb/reset_interface.c.o
                0x100036e0                tud_vendor_control_xfer_cb
 .text.usbd_app_driver_get_cb
                0x10003714        0xc CMakeFiles/pico_mandelbrot.dir/home/mr/.pico-sdk/sdk/2.1.1/src/rp2_common/pico_stdio_usb/reset_interface.c.o
                0x10003714                usbd_app_driver_get_cb
 .text.tud_cdc_line_coding_cb
                0x10003720       0x2c CMakeFiles/pico_mandelbrot.dir/home/mr/.pico-sdk/sdk/2.1.1/src/rp2_common/pico_stdio_usb/reset_interface.c.o
                0x10003720                tud_cdc_line_coding_cb
 .text.stdio_usb_set_chars_available_callback
                0x1000374c       0x14 CMakeFiles/pico_mandelbrot.dir/home/mr/.pico-sdk/sdk/2.1.1/src/rp2_common/pico_stdio_usb/stdio_usb.c.o
                0x1000374c                stdio_usb_set_chars_available_callback
 .text.usb_irq  0x10003760       0x10 CMakeFiles/pico_mandelbrot.dir/home/mr/.pico-sdk/sdk/2.1.1/src/rp2_common/pico_stdio_usb/stdio_usb.c.o
 .text.timer_task
                0x10003770       0x64 CMakeFiles/pico_mandelbrot.dir/home/mr/.pico-sdk/sdk/2.1.1/src/rp2_common/pico_stdio_usb/stdio_usb.c.o
 .text.stdio_usb_in_chars
                0x100037d4       0x8c CMakeFiles/pico_mandelbrot.dir/home/mr/.pico-sdk/sdk/2.1.1/src/rp2_common/pico_stdio_usb/stdio_usb.c.o
                0x100037d4                stdio_usb_in_chars
 .text.stdio_usb_out_flush
                0x10003860       0x4c CMakeFiles/pico_mandelbrot.dir/home/mr/.pico-sdk/sdk/2.1.1/src/rp2_common/pico_stdio_usb/stdio_usb.c.o
 .text.stdio_usb_out_chars
                0x100038ac      0x100 CMakeFiles/pico_mandelbrot.dir/home/mr/.pico-sdk/sdk/2.1.1/src/rp2_common/pico_stdio_usb/stdio_usb.c.o
 .text.low_priority_worker_irq
                0x100039ac       0xc8 CMakeFiles/pico_mandelbrot.dir/home/mr/.pico-sdk/sdk/2.1.1/src/rp2_common/pico_stdio_usb/stdio_usb.c.o
 .text.stdio_usb_init
                0x10003a74       0xe8 CMakeFiles/pico_mandelbrot.dir/home/mr/.pico-sdk/sdk/2.1.1/src/rp2_common/pico_stdio_usb/stdio_usb.c.o
                0x10003a74                stdio_usb_init
 .text.tud_descriptor_device_cb
                0x10003b5c        0x8 CMakeFiles/pico_mandelbrot.dir/home/mr/.pico-sdk/sdk/2.1.1/src/rp2_common/pico_stdio_usb/stdio_usb_descriptors.c.o
                0x10003b5c                tud_descriptor_device_cb
 .text.tud_descriptor_configuration_cb
                0x10003b64        0x8 CMakeFiles/pico_mandelbrot.dir/home/mr/.pico-sdk/sdk/2.1.1/src/rp2_common/pico_stdio_usb/stdio_usb_descriptors.c.o
                0x10003b64                tud_descriptor_configuration_cb
 .text.tud_descriptor_string_cb
                0x10003b6c       0x78 CMakeFiles/pico_mandelbrot.dir/home/mr/.pico-sdk/sdk/2.1.1/src/rp2_common/pico_stdio_usb/stdio_usb_descriptors.c.o
                0x10003b6c                tud_descriptor_string_cb
 .text.startup._retrieve_unique_id_on_boot
                0x10003be4       0x10 CMakeFiles/pico_mandelbrot.dir/home/mr/.pico-sdk/sdk/2.1.1/src/rp2_common/pico_unique_id/unique_id.c.o
 .text.pico_get_unique_board_id_string
                0x10003bf4      0x1a8 CMakeFiles/pico_mandelbrot.dir/home/mr/.pico-sdk/sdk/2.1.1/src/rp2_common/pico_unique_id/unique_id.c.o
                0x10003bf4                pico_get_unique_board_id_string
 .text.flash_get_unique_id
                0x10003d9c       0x3c CMakeFiles/pico_mandelbrot.dir/home/mr/.pico-sdk/sdk/2.1.1/src/rp2_common/hardware_flash/flash.c.o
                0x10003d9c                flash_get_unique_id
 .text.dcd_init
                0x10003dd8       0x90 CMakeFiles/pico_mandelbrot.dir/home/mr/.pico-sdk/sdk/2.1.1/lib/tinyusb/src/portable/raspberrypi/rp2040/dcd_rp2040.c.o
                0x10003dd8                dcd_init
 .text.dcd_int_enable
                0x10003e68        0xc CMakeFiles/pico_mandelbrot.dir/home/mr/.pico-sdk/sdk/2.1.1/lib/tinyusb/src/portable/raspberrypi/rp2040/dcd_rp2040.c.o
                0x10003e68                dcd_int_enable
 .text.dcd_set_address
                0x10003e74       0x14 CMakeFiles/pico_mandelbrot.dir/home/mr/.pico-sdk/sdk/2.1.1/lib/tinyusb/src/portable/raspberrypi/rp2040/dcd_rp2040.c.o
                0x10003e74                dcd_set_address
 .text.dcd_sof_enable
                0x10003e88       0x1c CMakeFiles/pico_mandelbrot.dir/home/mr/.pico-sdk/sdk/2.1.1/lib/tinyusb/src/portable/raspberrypi/rp2040/dcd_rp2040.c.o
                0x10003e88                dcd_sof_enable
 .text.dcd_edpt0_status_complete
                0x10003ea4       0x1c CMakeFiles/pico_mandelbrot.dir/home/mr/.pico-sdk/sdk/2.1.1/lib/tinyusb/src/portable/raspberrypi/rp2040/dcd_rp2040.c.o
                0x10003ea4                dcd_edpt0_status_complete
 .text.dcd_edpt_open
                0x10003ec0      0x114 CMakeFiles/pico_mandelbrot.dir/home/mr/.pico-sdk/sdk/2.1.1/lib/tinyusb/src/portable/raspberrypi/rp2040/dcd_rp2040.c.o
                0x10003ec0                dcd_edpt_open
 .text.dcd_edpt_close_all
                0x10003fd4        0x8 CMakeFiles/pico_mandelbrot.dir/home/mr/.pico-sdk/sdk/2.1.1/lib/tinyusb/src/portable/raspberrypi/rp2040/dcd_rp2040.c.o
                0x10003fd4                dcd_edpt_close_all
 .text.dcd_edpt_xfer
                0x10003fdc       0x24 CMakeFiles/pico_mandelbrot.dir/home/mr/.pico-sdk/sdk/2.1.1/lib/tinyusb/src/portable/raspberrypi/rp2040/dcd_rp2040.c.o
                0x10003fdc                dcd_edpt_xfer
 .text.dcd_edpt_stall
                0x10004000       0x3c CMakeFiles/pico_mandelbrot.dir/home/mr/.pico-sdk/sdk/2.1.1/lib/tinyusb/src/portable/raspberrypi/rp2040/dcd_rp2040.c.o
                0x10004000                dcd_edpt_stall
 .text.dcd_edpt_clear_stall
                0x1000403c       0x30 CMakeFiles/pico_mandelbrot.dir/home/mr/.pico-sdk/sdk/2.1.1/lib/tinyusb/src/portable/raspberrypi/rp2040/dcd_rp2040.c.o
                0x1000403c                dcd_edpt_clear_stall
 .text.rp2040_usb_init
                0x1000406c       0x40 CMakeFiles/pico_mandelbrot.dir/home/mr/.pico-sdk/sdk/2.1.1/lib/tinyusb/src/portable/raspberrypi/rp2040/rp2040_usb.c.o
                0x1000406c                rp2040_usb_init
 .text.hw_endpoint_xfer_start
                0x100040ac       0x40 CMakeFiles/pico_mandelbrot.dir/home/mr/.pico-sdk/sdk/2.1.1/lib/tinyusb/src/portable/raspberrypi/rp2040/rp2040_usb.c.o
                0x100040ac                hw_endpoint_xfer_start
 .text.tud_event_hook_cb
                0x100040ec        0x4 CMakeFiles/pico_mandelbrot.dir/home/mr/.pico-sdk/sdk/2.1.1/lib/tinyusb/src/device/usbd.c.o
                0x100040ec                tud_event_hook_cb
 .text.tud_sof_cb
                0x100040f0        0x4 CMakeFiles/pico_mandelbrot.dir/home/mr/.pico-sdk/sdk/2.1.1/lib/tinyusb/src/device/usbd.c.o
                0x100040f0                tud_sof_cb
 .text.tud_descriptor_device_qualifier_cb
                0x100040f4        0x4 CMakeFiles/pico_mandelbrot.dir/home/mr/.pico-sdk/sdk/2.1.1/lib/tinyusb/src/device/usbd.c.o
                0x100040f4                tud_descriptor_device_qualifier_cb
 .text.tud_descriptor_other_speed_configuration_cb
                0x100040f8        0x4 CMakeFiles/pico_mandelbrot.dir/home/mr/.pico-sdk/sdk/2.1.1/lib/tinyusb/src/device/usbd.c.o
                0x100040f8                tud_descriptor_other_speed_configuration_cb
 .text.tud_mount_cb
                0x100040fc        0x4 CMakeFiles/pico_mandelbrot.dir/home/mr/.pico-sdk/sdk/2.1.1/lib/tinyusb/src/device/usbd.c.o
                0x100040fc                tud_mount_cb
 .text.tud_umount_cb
                0x10004100        0x4 CMakeFiles/pico_mandelbrot.dir/home/mr/.pico-sdk/sdk/2.1.1/lib/tinyusb/src/device/usbd.c.o
                0x10004100                tud_umount_cb
 .text.tud_suspend_cb
                0x10004104        0x4 CMakeFiles/pico_mandelbrot.dir/home/mr/.pico-sdk/sdk/2.1.1/lib/tinyusb/src/device/usbd.c.o
                0x10004104                tud_suspend_cb
 .text.tud_resume_cb
                0x10004108        0x4 CMakeFiles/pico_mandelbrot.dir/home/mr/.pico-sdk/sdk/2.1.1/lib/tinyusb/src/device/usbd.c.o
                0x10004108                tud_resume_cb
 .text.tud_mounted
                0x1000410c       0x10 CMakeFiles/pico_mandelbrot.dir/home/mr/.pico-sdk/sdk/2.1.1/lib/tinyusb/src/device/usbd.c.o
                0x1000410c                tud_mounted
 .text.tud_suspended
                0x1000411c       0x10 CMakeFiles/pico_mandelbrot.dir/home/mr/.pico-sdk/sdk/2.1.1/lib/tinyusb/src/device/usbd.c.o
                0x1000411c                tud_suspended
 .text.tud_rhport_init
                0x1000412c       0xf4 CMakeFiles/pico_mandelbrot.dir/home/mr/.pico-sdk/sdk/2.1.1/lib/tinyusb/src/device/usbd.c.o
                0x1000412c                tud_rhport_init
 .text.tud_task_ext
                0x10004220      0x800 CMakeFiles/pico_mandelbrot.dir/home/mr/.pico-sdk/sdk/2.1.1/lib/tinyusb/src/device/usbd.c.o
                0x10004220                tud_task_ext
 .text.usbd_open_edpt_pair
                0x10004a20       0x9c CMakeFiles/pico_mandelbrot.dir/home/mr/.pico-sdk/sdk/2.1.1/lib/tinyusb/src/device/usbd.c.o
                0x10004a20                usbd_open_edpt_pair
 .text.usbd_edpt_open
                0x10004abc       0x34 CMakeFiles/pico_mandelbrot.dir/home/mr/.pico-sdk/sdk/2.1.1/lib/tinyusb/src/device/usbd.c.o
                0x10004abc                usbd_edpt_open
 .text.usbd_edpt_claim
                0x10004af0       0x28 CMakeFiles/pico_mandelbrot.dir/home/mr/.pico-sdk/sdk/2.1.1/lib/tinyusb/src/device/usbd.c.o
                0x10004af0                usbd_edpt_claim
 .text.usbd_edpt_release
                0x10004b18       0x28 CMakeFiles/pico_mandelbrot.dir/home/mr/.pico-sdk/sdk/2.1.1/lib/tinyusb/src/device/usbd.c.o
                0x10004b18                usbd_edpt_release
 .text.usbd_edpt_xfer
                0x10004b40       0x4c CMakeFiles/pico_mandelbrot.dir/home/mr/.pico-sdk/sdk/2.1.1/lib/tinyusb/src/device/usbd.c.o
                0x10004b40                usbd_edpt_xfer
 .text.tud_control_status
                0x10004b8c       0x2c CMakeFiles/pico_mandelbrot.dir/home/mr/.pico-sdk/sdk/2.1.1/lib/tinyusb/src/device/usbd_control.c.o
                0x10004b8c                tud_control_status
 .text.tud_control_xfer
                0x10004bb8       0xa8 CMakeFiles/pico_mandelbrot.dir/home/mr/.pico-sdk/sdk/2.1.1/lib/tinyusb/src/device/usbd_control.c.o
                0x10004bb8                tud_control_xfer
 .text.usbd_control_reset
                0x10004c60       0x14 CMakeFiles/pico_mandelbrot.dir/home/mr/.pico-sdk/sdk/2.1.1/lib/tinyusb/src/device/usbd_control.c.o
                0x10004c60                usbd_control_reset
 .text.usbd_control_set_complete_callback
                0x10004c74        0xc CMakeFiles/pico_mandelbrot.dir/home/mr/.pico-sdk/sdk/2.1.1/lib/tinyusb/src/device/usbd_control.c.o
                0x10004c74                usbd_control_set_complete_callback
 .text.usbd_control_set_request
                0x10004c80       0x1c CMakeFiles/pico_mandelbrot.dir/home/mr/.pico-sdk/sdk/2.1.1/lib/tinyusb/src/device/usbd_control.c.o
                0x10004c80                usbd_control_set_request
 .text.usbd_control_xfer_cb
                0x10004c9c       0xec CMakeFiles/pico_mandelbrot.dir/home/mr/.pico-sdk/sdk/2.1.1/lib/tinyusb/src/device/usbd_control.c.o
                0x10004c9c                usbd_control_xfer_cb
 .text._prep_out_transaction.isra.0
                0x10004d88       0x6c CMakeFiles/pico_mandelbrot.dir/home/mr/.pico-sdk/sdk/2.1.1/lib/tinyusb/src/class/cdc/cdc_device.c.o
 .text.tud_cdc_n_connected
                0x10004df4       0x2c CMakeFiles/pico_mandelbrot.dir/home/mr/.pico-sdk/sdk/2.1.1/lib/tinyusb/src/class/cdc/cdc_device.c.o
                0x10004df4                tud_cdc_n_connected
 .text.tud_cdc_n_available
                0x10004e20       0x14 CMakeFiles/pico_mandelbrot.dir/home/mr/.pico-sdk/sdk/2.1.1/lib/tinyusb/src/class/cdc/cdc_device.c.o
                0x10004e20                tud_cdc_n_available
 .text.tud_cdc_n_read
                0x10004e34       0x88 CMakeFiles/pico_mandelbrot.dir/home/mr/.pico-sdk/sdk/2.1.1/lib/tinyusb/src/class/cdc/cdc_device.c.o
                0x10004e34                tud_cdc_n_read
 .text.tud_cdc_n_write_flush
                0x10004ebc       0x74 CMakeFiles/pico_mandelbrot.dir/home/mr/.pico-sdk/sdk/2.1.1/lib/tinyusb/src/class/cdc/cdc_device.c.o
                0x10004ebc                tud_cdc_n_write_flush
 .text.tud_cdc_n_write
                0x10004f30       0x40 CMakeFiles/pico_mandelbrot.dir/home/mr/.pico-sdk/sdk/2.1.1/lib/tinyusb/src/class/cdc/cdc_device.c.o
                0x10004f30                tud_cdc_n_write
 .text.tud_cdc_n_write_available
                0x10004f70       0x14 CMakeFiles/pico_mandelbrot.dir/home/mr/.pico-sdk/sdk/2.1.1/lib/tinyusb/src/class/cdc/cdc_device.c.o
                0x10004f70                tud_cdc_n_write_available
 .text.cdcd_init
                0x10004f84       0x70 CMakeFiles/pico_mandelbrot.dir/home/mr/.pico-sdk/sdk/2.1.1/lib/tinyusb/src/class/cdc/cdc_device.c.o
                0x10004f84                cdcd_init
 .text.cdcd_deinit
                0x10004ff4       0x30 CMakeFiles/pico_mandelbrot.dir/home/mr/.pico-sdk/sdk/2.1.1/lib/tinyusb/src/class/cdc/cdc_device.c.o
                0x10004ff4                cdcd_deinit
 .text.cdcd_reset
                0x10005024       0x4c CMakeFiles/pico_mandelbrot.dir/home/mr/.pico-sdk/sdk/2.1.1/lib/tinyusb/src/class/cdc/cdc_device.c.o
                0x10005024                cdcd_reset
 .text.cdcd_open
                0x10005070       0xa4 CMakeFiles/pico_mandelbrot.dir/home/mr/.pico-sdk/sdk/2.1.1/lib/tinyusb/src/class/cdc/cdc_device.c.o
                0x10005070                cdcd_open
 .text.cdcd_control_xfer_cb
                0x10005114       0xe8 CMakeFiles/pico_mandelbrot.dir/home/mr/.pico-sdk/sdk/2.1.1/lib/tinyusb/src/class/cdc/cdc_device.c.o
                0x10005114                cdcd_control_xfer_cb
 .text.cdcd_xfer_cb
                0x100051fc      0x100 CMakeFiles/pico_mandelbrot.dir/home/mr/.pico-sdk/sdk/2.1.1/lib/tinyusb/src/class/cdc/cdc_device.c.o
                0x100051fc                cdcd_xfer_cb
 .text.vendord_init
                0x100052fc       0x5c CMakeFiles/pico_mandelbrot.dir/home/mr/.pico-sdk/sdk/2.1.1/lib/tinyusb/src/class/vendor/vendor_device.c.o
                0x100052fc                vendord_init
 .text.vendord_deinit
                0x10005358       0x1c CMakeFiles/pico_mandelbrot.dir/home/mr/.pico-sdk/sdk/2.1.1/lib/tinyusb/src/class/vendor/vendor_device.c.o
                0x10005358                vendord_deinit
 .text.vendord_reset
                0x10005374       0x28 CMakeFiles/pico_mandelbrot.dir/home/mr/.pico-sdk/sdk/2.1.1/lib/tinyusb/src/class/vendor/vendor_device.c.o
                0x10005374                vendord_reset
 .text.vendord_open
                0x1000539c      0x120 CMakeFiles/pico_mandelbrot.dir/home/mr/.pico-sdk/sdk/2.1.1/lib/tinyusb/src/class/vendor/vendor_device.c.o
                0x1000539c                vendord_open
 .text.vendord_xfer_cb
                0x100054bc       0x9c CMakeFiles/pico_mandelbrot.dir/home/mr/.pico-sdk/sdk/2.1.1/lib/tinyusb/src/class/vendor/vendor_device.c.o
                0x100054bc                vendord_xfer_cb
 .text.tusb_rhport_init
                0x10005558       0x4c CMakeFiles/pico_mandelbrot.dir/home/mr/.pico-sdk/sdk/2.1.1/lib/tinyusb/src/tusb.c.o
                0x10005558                tusb_rhport_init
 .text.tu_edpt_claim
                0x100055a4       0x50 CMakeFiles/pico_mandelbrot.dir/home/mr/.pico-sdk/sdk/2.1.1/lib/tinyusb/src/tusb.c.o
                0x100055a4                tu_edpt_claim
 .text.tu_edpt_release
                0x100055f4       0x38 CMakeFiles/pico_mandelbrot.dir/home/mr/.pico-sdk/sdk/2.1.1/lib/tinyusb/src/tusb.c.o
                0x100055f4                tu_edpt_release
 .text.tu_edpt_validate
                0x1000562c       0x7c CMakeFiles/pico_mandelbrot.dir/home/mr/.pico-sdk/sdk/2.1.1/lib/tinyusb/src/tusb.c.o
                0x1000562c                tu_edpt_validate
 .text.tu_edpt_bind_driver
                0x100056a8       0x34 CMakeFiles/pico_mandelbrot.dir/home/mr/.pico-sdk/sdk/2.1.1/lib/tinyusb/src/tusb.c.o
                0x100056a8                tu_edpt_bind_driver
 .text.tu_edpt_stream_init
                0x100056dc       0x6c CMakeFiles/pico_mandelbrot.dir/home/mr/.pico-sdk/sdk/2.1.1/lib/tinyusb/src/tusb.c.o
                0x100056dc                tu_edpt_stream_init
 .text.tu_edpt_stream_deinit
                0x10005748        0x4 CMakeFiles/pico_mandelbrot.dir/home/mr/.pico-sdk/sdk/2.1.1/lib/tinyusb/src/tusb.c.o
                0x10005748                tu_edpt_stream_deinit
 .text.tu_edpt_stream_write_zlp_if_needed
                0x1000574c       0x68 CMakeFiles/pico_mandelbrot.dir/home/mr/.pico-sdk/sdk/2.1.1/lib/tinyusb/src/tusb.c.o
                0x1000574c                tu_edpt_stream_write_zlp_if_needed
 .text.tu_edpt_stream_write_xfer
                0x100057b4       0x68 CMakeFiles/pico_mandelbrot.dir/home/mr/.pico-sdk/sdk/2.1.1/lib/tinyusb/src/tusb.c.o
                0x100057b4                tu_edpt_stream_write_xfer
 .text.tu_edpt_stream_read_xfer
                0x1000581c       0xd8 CMakeFiles/pico_mandelbrot.dir/home/mr/.pico-sdk/sdk/2.1.1/lib/tinyusb/src/tusb.c.o
                0x1000581c                tu_edpt_stream_read_xfer
 .text.tu_fifo_config
                0x100058f4       0x6c CMakeFiles/pico_mandelbrot.dir/home/mr/.pico-sdk/sdk/2.1.1/lib/tinyusb/src/common/tusb_fifo.c.o
                0x100058f4                tu_fifo_config
 .text.tu_fifo_count
                0x10005960       0x2c CMakeFiles/pico_mandelbrot.dir/home/mr/.pico-sdk/sdk/2.1.1/lib/tinyusb/src/common/tusb_fifo.c.o
                0x10005960                tu_fifo_count
 .text.tu_fifo_empty
                0x1000598c       0x10 CMakeFiles/pico_mandelbrot.dir/home/mr/.pico-sdk/sdk/2.1.1/lib/tinyusb/src/common/tusb_fifo.c.o
                0x1000598c                tu_fifo_empty
 .text.tu_fifo_remaining
                0x1000599c       0x2c CMakeFiles/pico_mandelbrot.dir/home/mr/.pico-sdk/sdk/2.1.1/lib/tinyusb/src/common/tusb_fifo.c.o
                0x1000599c                tu_fifo_remaining
 .text.tu_fifo_read
                0x100059c8       0x9c CMakeFiles/pico_mandelbrot.dir/home/mr/.pico-sdk/sdk/2.1.1/lib/tinyusb/src/common/tusb_fifo.c.o
                0x100059c8                tu_fifo_read
 .text.tu_fifo_read_n
                0x10005a64       0xe8 CMakeFiles/pico_mandelbrot.dir/home/mr/.pico-sdk/sdk/2.1.1/lib/tinyusb/src/common/tusb_fifo.c.o
                0x10005a64                tu_fifo_read_n
 .text.tu_fifo_write
                0x10005b4c       0xa4 CMakeFiles/pico_mandelbrot.dir/home/mr/.pico-sdk/sdk/2.1.1/lib/tinyusb/src/common/tusb_fifo.c.o
                0x10005b4c                tu_fifo_write
 .text.tu_fifo_write_n
                0x10005bf0      0x178 CMakeFiles/pico_mandelbrot.dir/home/mr/.pico-sdk/sdk/2.1.1/lib/tinyusb/src/common/tusb_fifo.c.o
                0x10005bf0                tu_fifo_write_n
 .text.tu_fifo_clear
                0x10005d68       0x40 CMakeFiles/pico_mandelbrot.dir/home/mr/.pico-sdk/sdk/2.1.1/lib/tinyusb/src/common/tusb_fifo.c.o
                0x10005d68                tu_fifo_clear
 .text.tu_fifo_set_overwritable
                0x10005da8       0x48 CMakeFiles/pico_mandelbrot.dir/home/mr/.pico-sdk/sdk/2.1.1/lib/tinyusb/src/common/tusb_fifo.c.o
                0x10005da8                tu_fifo_set_overwritable
 .text.i2c_write_blocking_internal.constprop.0
                0x10005df0       0xf8 CMakeFiles/pico_mandelbrot.dir/home/mr/.pico-sdk/sdk/2.1.1/src/rp2_common/hardware_i2c/i2c.c.o
 .text.i2c_set_baudrate
                0x10005ee8       0xc0 CMakeFiles/pico_mandelbrot.dir/home/mr/.pico-sdk/sdk/2.1.1/src/rp2_common/hardware_i2c/i2c.c.o
                0x10005ee8                i2c_set_baudrate
 .text.i2c_init
                0x10005fa8       0x50 CMakeFiles/pico_mandelbrot.dir/home/mr/.pico-sdk/sdk/2.1.1/src/rp2_common/hardware_i2c/i2c.c.o
                0x10005fa8                i2c_init
 .text.i2c_write_blocking
                0x10005ff8       0x14 CMakeFiles/pico_mandelbrot.dir/home/mr/.pico-sdk/sdk/2.1.1/src/rp2_common/hardware_i2c/i2c.c.o
                0x10005ff8                i2c_write_blocking
 .text.adc_init
                0x1000600c       0x38 CMakeFiles/pico_mandelbrot.dir/home/mr/.pico-sdk/sdk/2.1.1/src/rp2_common/hardware_adc/adc.c.o
                0x1000600c                adc_init
 .text.malloc   0x10006044       0x14 /home/mr/.pico-sdk/toolchain/14_2_Rel1/bin/../lib/gcc/arm-none-eabi/14.2.1/../../../../arm-none-eabi/lib/thumb/v6-m/nofp/libg.a(libc_a-malloc.o)
                0x10006044                malloc
 .text.free     0x10006058       0x14 /home/mr/.pico-sdk/toolchain/14_2_Rel1/bin/../lib/gcc/arm-none-eabi/14.2.1/../../../../arm-none-eabi/lib/thumb/v6-m/nofp/libg.a(libc_a-malloc.o)
                0x10006058                free
 .text._malloc_r
                0x1000606c      0x5cc /home/mr/.pico-sdk/toolchain/14_2_Rel1/bin/../lib/gcc/arm-none-eabi/14.2.1/../../../../arm-none-eabi/lib/thumb/v6-m/nofp/libg.a(libc_a-mallocr.o)
                0x1000606c                _malloc_r
 .text.__malloc_lock
                0x10006638       0x10 /home/mr/.pico-sdk/toolchain/14_2_Rel1/bin/../lib/gcc/arm-none-eabi/14.2.1/../../../../arm-none-eabi/lib/thumb/v6-m/nofp/libg.a(libc_a-mlock.o)
                0x10006638                __malloc_lock
 .text.__malloc_unlock
                0x10006648       0x10 /home/mr/.pico-sdk/toolchain/14_2_Rel1/bin/../lib/gcc/arm-none-eabi/14.2.1/../../../../arm-none-eabi/lib/thumb/v6-m/nofp/libg.a(libc_a-mlock.o)
                0x10006648                __malloc_unlock
 .text.realloc  0x10006658       0x18 /home/mr/.pico-sdk/toolchain/14_2_Rel1/bin/../lib/gcc/arm-none-eabi/14.2.1/../../../../arm-none-eabi/lib/thumb/v6-m/nofp/libg.a(libc_a-realloc.o)
                0x10006658                realloc
 .text._realloc_r
                0x10006670      0x350 /home/mr/.pico-sdk/toolchain/14_2_Rel1/bin/../lib/gcc/arm-none-eabi/14.2.1/../../../../arm-none-eabi/lib/thumb/v6-m/nofp/libg.a(libc_a-reallocr.o)
                0x10006670                _realloc_r
 .text.memmove  0x100069c0       0xc4 /home/mr/.pico-sdk/toolchain/14_2_Rel1/bin/../lib/gcc/arm-none-eabi/14.2.1/../../../../arm-none-eabi/lib/thumb/v6-m/nofp/libg.a(libc_a-memmove.o)
                0x100069c0                memmove
 .text._sbrk_r  0x10006a84       0x24 /home/mr/.pico-sdk/toolchain/14_2_Rel1/bin/../lib/gcc/arm-none-eabi/14.2.1/../../../../arm-none-eabi/lib/thumb/v6-m/nofp/libg.a(libc_a-sbrkr.o)
                0x10006a84                _sbrk_r
 .text.__errno  0x10006aa8        0xc /home/mr/.pico-sdk/toolchain/14_2_Rel1/bin/../lib/gcc/arm-none-eabi/14.2.1/../../../../arm-none-eabi/lib/thumb/v6-m/nofp/libg.a(libc_a-errno.o)
                0x10006aa8                __errno
 .text.__retarget_lock_acquire_recursive
                0x10006ab4        0x4 /home/mr/.pico-sdk/toolchain/14_2_Rel1/bin/../lib/gcc/arm-none-eabi/14.2.1/../../../../arm-none-eabi/lib/thumb/v6-m/nofp/libg.a(libc_a-lock.o)
                0x10006ab4                __retarget_lock_acquire_recursive
 .text.__retarget_lock_release_recursive
                0x10006ab8        0x4 /home/mr/.pico-sdk/toolchain/14_2_Rel1/bin/../lib/gcc/arm-none-eabi/14.2.1/../../../../arm-none-eabi/lib/thumb/v6-m/nofp/libg.a(libc_a-lock.o)
                0x10006ab8                __retarget_lock_release_recursive
 .text.sysconf  0x10006abc       0x1c /home/mr/.pico-sdk/toolchain/14_2_Rel1/bin/../lib/gcc/arm-none-eabi/14.2.1/../../../../arm-none-eabi/lib/thumb/v6-m/nofp/libg.a(libc_a-sysconf.o)
                0x10006abc                sysconf
 .text.strlen   0x10006ad8       0x5c /home/mr/.pico-sdk/toolchain/14_2_Rel1/bin/../lib/gcc/arm-none-eabi/14.2.1/../../../../arm-none-eabi/lib/thumb/v6-m/nofp/libg.a(libc_a-strlen-stub.o)
                0x10006ad8                strlen
 .text._malloc_trim_r
                0x10006b34       0xb4 /home/mr/.pico-sdk/toolchain/14_2_Rel1/bin/../lib/gcc/arm-none-eabi/14.2.1/../../../../arm-none-eabi/lib/thumb/v6-m/nofp/libg.a(libc_a-freer.o)
                0x10006b34                _malloc_trim_r
 .text._free_r  0x10006be8      0x1f0 /home/mr/.pico-sdk/toolchain/14_2_Rel1/bin/../lib/gcc/arm-none-eabi/14.2.1/../../../../arm-none-eabi/lib/thumb/v6-m/nofp/libg.a(libc_a-freer.o)
                0x10006be8                _free_r
 *(.fini)
 .fini          0x10006dd8        0x4 /home/mr/.pico-sdk/toolchain/14_2_Rel1/bin/../lib/gcc/arm-none-eabi/14.2.1/thumb/v6-m/nofp/crti.o
                0x10006dd8                _fini
 *fill*         0x10006ddc        0x4 
 .fini.__stub   0x10006de0       0xd0 linker stubs
 *crtbegin.o(.ctors)
 *crtbegin?.o(.ctors)
 *(EXCLUDE_FILE(*crtend.o *crtend?.o) .ctors)
 *(SORT_BY_NAME(.ctors.*))
 *(.ctors)
 *crtbegin.o(.dtors)
 *crtbegin?.o(.dtors)
 *(EXCLUDE_FILE(*crtend.o *crtend?.o) .dtors)
 *(SORT_BY_NAME(.dtors.*))
 *(.dtors)
                0x10006eb0                        . = ALIGN (0x4)
                0x10006eb0                        PROVIDE (__preinit_array_start = .)
 *(SORT_BY_NAME(.preinit_array.*))
 .preinit_array.00100
                0x10006eb0        0x4 CMakeFiles/pico_mandelbrot.dir/home/mr/.pico-sdk/sdk/2.1.1/src/rp2_common/pico_runtime_init/runtime_init.c.o
                0x10006eb0                __pre_init_runtime_init_early_resets
 .preinit_array.00101
                0x10006eb4        0x4 CMakeFiles/pico_mandelbrot.dir/home/mr/.pico-sdk/sdk/2.1.1/src/rp2_common/pico_runtime_init/runtime_init.c.o
                0x10006eb4                __pre_init_runtime_init_usb_power_down
 .preinit_array.00275
                0x10006eb8        0x4 CMakeFiles/pico_mandelbrot.dir/home/mr/.pico-sdk/sdk/2.1.1/src/rp2_common/pico_bit_ops/bit_ops_aeabi.S.o
 .preinit_array.00300
                0x10006ebc        0x4 CMakeFiles/pico_mandelbrot.dir/home/mr/.pico-sdk/sdk/2.1.1/src/rp2_common/pico_mem_ops/mem_ops_aeabi.S.o
 .preinit_array.00350
                0x10006ec0        0x4 CMakeFiles/pico_mandelbrot.dir/home/mr/.pico-sdk/sdk/2.1.1/src/rp2_common/pico_double/double_aeabi_rp2040.S.o
 .preinit_array.00350
                0x10006ec4        0x4 CMakeFiles/pico_mandelbrot.dir/home/mr/.pico-sdk/sdk/2.1.1/src/rp2_common/pico_float/float_aeabi_rp2040.S.o
 .preinit_array.00500
                0x10006ec8        0x4 CMakeFiles/pico_mandelbrot.dir/home/mr/.pico-sdk/sdk/2.1.1/src/rp2_common/pico_runtime_init/runtime_init.c.o
                0x10006ec8                __pre_init_runtime_init_clocks
 .preinit_array.00600
                0x10006ecc        0x4 CMakeFiles/pico_mandelbrot.dir/home/mr/.pico-sdk/sdk/2.1.1/src/rp2_common/pico_runtime_init/runtime_init.c.o
                0x10006ecc                __pre_init_runtime_init_post_clock_resets
 .preinit_array.00700
                0x10006ed0        0x4 CMakeFiles/pico_mandelbrot.dir/home/mr/.pico-sdk/sdk/2.1.1/src/rp2_common/pico_runtime_init/runtime_init.c.o
                0x10006ed0                __pre_init_runtime_init_rp2040_gpio_ie_disable
 .preinit_array.01000
                0x10006ed4        0x4 CMakeFiles/pico_mandelbrot.dir/home/mr/.pico-sdk/sdk/2.1.1/src/rp2_common/pico_runtime_init/runtime_init.c.o
                0x10006ed4                __pre_init_runtime_init_spin_locks_reset
 .preinit_array.01100
                0x10006ed8        0x4 CMakeFiles/pico_mandelbrot.dir/home/mr/.pico-sdk/sdk/2.1.1/src/common/pico_sync/mutex.c.o
                0x10006ed8                __pre_init_runtime_init_mutex
 .preinit_array.10080
                0x10006edc        0x4 CMakeFiles/pico_mandelbrot.dir/home/mr/.pico-sdk/sdk/2.1.1/src/rp2_common/pico_runtime_init/runtime_init.c.o
                0x10006edc                __pre_init_runtime_init_install_ram_vector_table
 .preinit_array.11000
                0x10006ee0        0x4 CMakeFiles/pico_mandelbrot.dir/home/mr/.pico-sdk/sdk/2.1.1/src/common/pico_time/time.c.o
                0x10006ee0                __pre_init_runtime_init_default_alarm_pool
 .preinit_array.YYYYY
                0x10006ee4        0x4 CMakeFiles/pico_mandelbrot.dir/home/mr/.pico-sdk/sdk/2.1.1/src/rp2_common/pico_runtime/runtime.c.o
                0x10006ee4                __pre_init_first_per_core_initializer
 .preinit_array.ZZZZZ.01200
                0x10006ee8        0x4 CMakeFiles/pico_mandelbrot.dir/home/mr/.pico-sdk/sdk/2.1.1/src/rp2_common/hardware_irq/irq.c.o
                0x10006ee8                __pre_init_runtime_init_per_core_irq_priorities
 *(.preinit_array)
                0x10006eec                        PROVIDE (__preinit_array_end = .)
                0x10006eec                        . = ALIGN (0x4)
                0x10006eec                        PROVIDE (__init_array_start = .)
 *(SORT_BY_NAME(.init_array.*))
 *(.init_array)
 .init_array    0x10006eec        0x4 /home/mr/.pico-sdk/toolchain/14_2_Rel1/bin/../lib/gcc/arm-none-eabi/14.2.1/thumb/v6-m/nofp/crtbegin.o
 .init_array    0x10006ef0        0x4 CMakeFiles/pico_mandelbrot.dir/home/mr/.pico-sdk/sdk/2.1.1/src/rp2_common/pico_unique_id/unique_id.c.o
                0x10006ef4                        PROVIDE (__init_array_end = .)
                0x10006ef4                        . = ALIGN (0x4)
                [!provide]                        PROVIDE (__fini_array_start = .)
 *(SORT_BY_NAME(.fini_array.*))
 *(.fini_array)
                [!provide]                        PROVIDE (__fini_array_end = .)
 *(.eh_frame*)
 .eh_frame      0x10006ef4        0x0 /home/mr/.pico-sdk/toolchain/14_2_Rel1/bin/../lib/gcc/arm-none-eabi/14.2.1/thumb/v6-m/nofp/crtbegin.o
                0x10006ef4                        . = ALIGN (0x4)

.glue_7         0x10006ef4        0x0
 .glue_7        0x10006ef4        0x0 linker stubs

.glue_7t        0x10006ef4        0x0
 .glue_7t       0x10006ef4        0x0 linker stubs

.vfp11_veneer   0x10006ef4        0x0
 .vfp11_veneer  0x10006ef4        0x0 linker stubs

.v4_bx          0x10006ef4        0x0
 .v4_bx         0x10006ef4        0x0 linker stubs

.iplt           0x10006ef4        0x0
 .iplt          0x10006ef4        0x0 /home/mr/.pico-sdk/toolchain/14_2_Rel1/bin/../lib/gcc/arm-none-eabi/14.2.1/thumb/v6-m/nofp/crtbegin.o

.rodata         0x10006ef4      0x520
 *(EXCLUDE_FILE(*libm.a: *libc.a:*lib_a-mem*.o *libgcc.a:) .rodata*)
 .rodata.undo_zoom_in.part.0.str1.4
                0x10006ef4      0x224 CMakeFiles/pico_mandelbrot.dir/pico_mandelbrot.c.o
                                 0x2a (size before relaxing)
 .rodata.main.str1.4
                0x10007118       0x44 CMakeFiles/pico_mandelbrot.dir/pico_mandelbrot.c.o
 .rodata        0x10007118       0x1a CMakeFiles/pico_mandelbrot.dir/ssd1306.c.o
 .rodata.panic.str1.4
                0x10007132       0x12 CMakeFiles/pico_mandelbrot.dir/home/mr/.pico-sdk/sdk/2.1.1/src/rp2_common/pico_platform_panic/panic.c.o
 .rodata.spin_lock_claim_unused.str1.4
                0x10007132       0x1b CMakeFiles/pico_mandelbrot.dir/home/mr/.pico-sdk/sdk/2.1.1/src/rp2_common/hardware_sync/sync.c.o
 .rodata.user_irq_claim_unused.str1.4
                0x10007132       0x1b CMakeFiles/pico_mandelbrot.dir/home/mr/.pico-sdk/sdk/2.1.1/src/rp2_common/hardware_irq/irq.c.o
 .rodata.timer_hardware_alarm_claim.str1.4
                0x10007132       0x22 CMakeFiles/pico_mandelbrot.dir/home/mr/.pico-sdk/sdk/2.1.1/src/rp2_common/hardware_timer/timer.c.o
 .rodata.hard_assertion_failure.str1.4
                0x10007132        0xc CMakeFiles/pico_mandelbrot.dir/home/mr/.pico-sdk/sdk/2.1.1/src/rp2_common/pico_runtime/runtime.c.o
 .rodata.missing_double_func_shim.str1.4
                0x10007132       0x18 CMakeFiles/pico_mandelbrot.dir/home/mr/.pico-sdk/sdk/2.1.1/src/rp2_common/pico_double/double_init_rom_rp2040.c.o
 .rodata.missing_float_func_shim.str1.4
                0x10007132        0x1 CMakeFiles/pico_mandelbrot.dir/home/mr/.pico-sdk/sdk/2.1.1/src/rp2_common/pico_float/float_init_rom_rp2040.c.o
 .rodata.__wrap_malloc.str1.4
                0x10007132        0xe CMakeFiles/pico_mandelbrot.dir/home/mr/.pico-sdk/sdk/2.1.1/src/rp2_common/pico_malloc/malloc.c.o
 .rodata.str1.4
                0x10007132       0x48 CMakeFiles/pico_mandelbrot.dir/home/mr/.pico-sdk/sdk/2.1.1/src/rp2_common/pico_standard_binary_info/standard_binary_info.c.o
 *fill*         0x10007132        0x2 
 .rodata.__bi_84
                0x10007134        0xc CMakeFiles/pico_mandelbrot.dir/home/mr/.pico-sdk/sdk/2.1.1/src/rp2_common/pico_standard_binary_info/standard_binary_info.c.o
 .rodata.__bi_78
                0x10007140        0xc CMakeFiles/pico_mandelbrot.dir/home/mr/.pico-sdk/sdk/2.1.1/src/rp2_common/pico_standard_binary_info/standard_binary_info.c.o
 .rodata.__bi_60
                0x1000714c        0xc CMakeFiles/pico_mandelbrot.dir/home/mr/.pico-sdk/sdk/2.1.1/src/rp2_common/pico_standard_binary_info/standard_binary_info.c.o
 .rodata.__bi_54
                0x10007158        0xc CMakeFiles/pico_mandelbrot.dir/home/mr/.pico-sdk/sdk/2.1.1/src/rp2_common/pico_standard_binary_info/standard_binary_info.c.o
 .rodata.__bi_48
                0x10007164        0xc CMakeFiles/pico_mandelbrot.dir/home/mr/.pico-sdk/sdk/2.1.1/src/rp2_common/pico_standard_binary_info/standard_binary_info.c.o
 .rodata.__bi_42
                0x10007170        0xc CMakeFiles/pico_mandelbrot.dir/home/mr/.pico-sdk/sdk/2.1.1/src/rp2_common/pico_standard_binary_info/standard_binary_info.c.o
 .rodata.__bi_34
                0x1000717c        0xc CMakeFiles/pico_mandelbrot.dir/home/mr/.pico-sdk/sdk/2.1.1/src/rp2_common/pico_standard_binary_info/standard_binary_info.c.o
 .rodata.__bi_26
                0x10007188        0xc CMakeFiles/pico_mandelbrot.dir/home/mr/.pico-sdk/sdk/2.1.1/src/rp2_common/pico_standard_binary_info/standard_binary_info.c.o
 .rodata.crlf_str.0
                0x10007194        0x2 CMakeFiles/pico_mandelbrot.dir/home/mr/.pico-sdk/sdk/2.1.1/src/rp2_common/pico_stdio/stdio.c.o
 .rodata.str1.4
                0x10007196       0x2c CMakeFiles/pico_mandelbrot.dir/home/mr/.pico-sdk/sdk/2.1.1/src/rp2_common/pico_stdio_uart/stdio_uart.c.o
 *fill*         0x10007196        0x2 
 .rodata.__bi_45.4
                0x10007198        0xc CMakeFiles/pico_mandelbrot.dir/home/mr/.pico-sdk/sdk/2.1.1/src/rp2_common/pico_stdio_uart/stdio_uart.c.o
 .rodata.__bi_49.5
                0x100071a4        0x8 CMakeFiles/pico_mandelbrot.dir/home/mr/.pico-sdk/sdk/2.1.1/src/rp2_common/pico_stdio_uart/stdio_uart.c.o
 .rodata.__bi_50.6
                0x100071ac        0x8 CMakeFiles/pico_mandelbrot.dir/home/mr/.pico-sdk/sdk/2.1.1/src/rp2_common/pico_stdio_uart/stdio_uart.c.o
 .rodata._resetd_driver
                0x100071b4       0x20 CMakeFiles/pico_mandelbrot.dir/home/mr/.pico-sdk/sdk/2.1.1/src/rp2_common/pico_stdio_usb/reset_interface.c.o
 .rodata.desc_ms_os_20
                0x100071d4       0xa6 CMakeFiles/pico_mandelbrot.dir/home/mr/.pico-sdk/sdk/2.1.1/src/rp2_common/pico_stdio_usb/reset_interface.c.o
 *fill*         0x1000727a        0x2 
 .rodata.desc_bos
                0x1000727c       0x21 CMakeFiles/pico_mandelbrot.dir/home/mr/.pico-sdk/sdk/2.1.1/src/rp2_common/pico_stdio_usb/reset_interface.c.o
                0x1000727c                desc_bos
 .rodata.str1.4
                0x1000729d       0x13 CMakeFiles/pico_mandelbrot.dir/home/mr/.pico-sdk/sdk/2.1.1/src/rp2_common/pico_stdio_usb/stdio_usb.c.o
 *fill*         0x1000729d        0x3 
 .rodata.__bi_197.0
                0x100072a0        0xc CMakeFiles/pico_mandelbrot.dir/home/mr/.pico-sdk/sdk/2.1.1/src/rp2_common/pico_stdio_usb/stdio_usb.c.o
 .rodata.str1.4
                0x100072ac       0x2a CMakeFiles/pico_mandelbrot.dir/home/mr/.pico-sdk/sdk/2.1.1/src/rp2_common/pico_stdio_usb/stdio_usb_descriptors.c.o
 .rodata.usbd_desc_str
                0x100072ac       0x18 CMakeFiles/pico_mandelbrot.dir/home/mr/.pico-sdk/sdk/2.1.1/src/rp2_common/pico_stdio_usb/stdio_usb_descriptors.c.o
 .rodata.usbd_desc_cfg
                0x100072c4       0x54 CMakeFiles/pico_mandelbrot.dir/home/mr/.pico-sdk/sdk/2.1.1/src/rp2_common/pico_stdio_usb/stdio_usb_descriptors.c.o
 .rodata.usbd_desc_device
                0x10007318       0x12 CMakeFiles/pico_mandelbrot.dir/home/mr/.pico-sdk/sdk/2.1.1/src/rp2_common/pico_stdio_usb/stdio_usb_descriptors.c.o
 .rodata.str1.4
                0x1000732a       0x14 CMakeFiles/pico_mandelbrot.dir/home/mr/.pico-sdk/sdk/2.1.1/lib/tinyusb/src/portable/raspberrypi/rp2040/dcd_rp2040.c.o
 .rodata.str1.4
                0x1000732a       0x48 CMakeFiles/pico_mandelbrot.dir/home/mr/.pico-sdk/sdk/2.1.1/lib/tinyusb/src/portable/raspberrypi/rp2040/rp2040_usb.c.o
 *fill*         0x1000732a        0x2 
 .rodata.tud_task_ext
                0x1000732c       0x8c CMakeFiles/pico_mandelbrot.dir/home/mr/.pico-sdk/sdk/2.1.1/lib/tinyusb/src/device/usbd.c.o
 .rodata        0x100073b8       0x1c CMakeFiles/pico_mandelbrot.dir/home/mr/.pico-sdk/sdk/2.1.1/lib/tinyusb/src/device/usbd.c.o
 .rodata._usbd_driver
                0x100073d4       0x40 CMakeFiles/pico_mandelbrot.dir/home/mr/.pico-sdk/sdk/2.1.1/lib/tinyusb/src/device/usbd.c.o
                0x10007414                        . = ALIGN (0x4)
 *(SORT_BY_ALIGNMENT(SORT_BY_NAME(.flashdata*)))
                0x10007414                        . = ALIGN (0x4)

.ARM.extab
 *(.ARM.extab* .gnu.linkonce.armextab.*)
                0x10007414                        __exidx_start = .

.ARM.exidx
 *(.ARM.exidx* .gnu.linkonce.armexidx.*)
                0x10007414                        __exidx_end = .
                0x10007414                        . = ALIGN (0x4)
                0x10007414                        __binary_info_start = .

.binary_info    0x10007414       0x30
 *(.binary_info.keep.*)
 .binary_info.keep.__bi_ptr84
                0x10007414        0x4 CMakeFiles/pico_mandelbrot.dir/home/mr/.pico-sdk/sdk/2.1.1/src/rp2_common/pico_standard_binary_info/standard_binary_info.c.o
 .binary_info.keep.__bi_ptr78
                0x10007418        0x4 CMakeFiles/pico_mandelbrot.dir/home/mr/.pico-sdk/sdk/2.1.1/src/rp2_common/pico_standard_binary_info/standard_binary_info.c.o
 .binary_info.keep.__bi_ptr60
                0x1000741c        0x4 CMakeFiles/pico_mandelbrot.dir/home/mr/.pico-sdk/sdk/2.1.1/src/rp2_common/pico_standard_binary_info/standard_binary_info.c.o
 .binary_info.keep.__bi_ptr54
                0x10007420        0x4 CMakeFiles/pico_mandelbrot.dir/home/mr/.pico-sdk/sdk/2.1.1/src/rp2_common/pico_standard_binary_info/standard_binary_info.c.o
 .binary_info.keep.__bi_ptr48
                0x10007424        0x4 CMakeFiles/pico_mandelbrot.dir/home/mr/.pico-sdk/sdk/2.1.1/src/rp2_common/pico_standard_binary_info/standard_binary_info.c.o
 .binary_info.keep.__bi_ptr42
                0x10007428        0x4 CMakeFiles/pico_mandelbrot.dir/home/mr/.pico-sdk/sdk/2.1.1/src/rp2_common/pico_standard_binary_info/standard_binary_info.c.o
 .binary_info.keep.__bi_ptr34
                0x1000742c        0x4 CMakeFiles/pico_mandelbrot.dir/home/mr/.pico-sdk/sdk/2.1.1/src/rp2_common/pico_standard_binary_info/standard_binary_info.c.o
 .binary_info.keep.__bi_ptr26
                0x10007430        0x4 CMakeFiles/pico_mandelbrot.dir/home/mr/.pico-sdk/sdk/2.1.1/src/rp2_common/pico_standard_binary_info/standard_binary_info.c.o
 *(.binary_info.*)
 .binary_info.__bi_ptr50
                0x10007434        0x4 CMakeFiles/pico_mandelbrot.dir/home/mr/.pico-sdk/sdk/2.1.1/src/rp2_common/pico_stdio_uart/stdio_uart.c.o
 .binary_info.__bi_ptr49
                0x10007438        0x4 CMakeFiles/pico_mandelbrot.dir/home/mr/.pico-sdk/sdk/2.1.1/src/rp2_common/pico_stdio_uart/stdio_uart.c.o
 .binary_info.__bi_ptr45
                0x1000743c        0x4 CMakeFiles/pico_mandelbrot.dir/home/mr/.pico-sdk/sdk/2.1.1/src/rp2_common/pico_stdio_uart/stdio_uart.c.o
 .binary_info.__bi_ptr197
                0x10007440        0x4 CMakeFiles/pico_mandelbrot.dir/home/mr/.pico-sdk/sdk/2.1.1/src/rp2_common/pico_stdio_usb/stdio_usb.c.o
                0x10007444                        __binary_info_end = .

.rel.dyn        0x10007444        0x0
 .rel.iplt      0x10007444        0x0 /home/mr/.pico-sdk/toolchain/14_2_Rel1/bin/../lib/gcc/arm-none-eabi/14.2.1/thumb/v6-m/nofp/crtbegin.o
                0x10007444                        . = ALIGN (0x4)

.ram_vector_table
                0x20000000       0xc0
 *(.ram_vector_table)
 .ram_vector_table
                0x20000000       0xc0 CMakeFiles/pico_mandelbrot.dir/home/mr/.pico-sdk/sdk/2.1.1/src/rp2_common/pico_runtime_init/runtime_init.c.o
                0x20000000                ram_vector_table

.uninitialized_data
                0x200000c0        0x0
                0x200000c0                        . = ALIGN (0x4)
 *(.uninitialized_data*)

.data           0x200000c0     0x19c0 load address 0x10007444
                0x200000c0                        __data_start__ = .
 *(vtable)
 *(.time_critical*)
 .time_critical.mutex_try_enter
                0x200000c0       0x40 CMakeFiles/pico_mandelbrot.dir/home/mr/.pico-sdk/sdk/2.1.1/src/common/pico_sync/mutex.c.o
                0x200000c0                mutex_try_enter
 .time_critical.mutex_try_enter_block_until
                0x20000100       0x98 CMakeFiles/pico_mandelbrot.dir/home/mr/.pico-sdk/sdk/2.1.1/src/common/pico_sync/mutex.c.o
                0x20000100                mutex_try_enter_block_until
 .time_critical.mutex_enter_timeout_ms
                0x20000198       0x8c CMakeFiles/pico_mandelbrot.dir/home/mr/.pico-sdk/sdk/2.1.1/src/common/pico_sync/mutex.c.o
                0x20000198                mutex_enter_timeout_ms
 .time_critical.mutex_exit
                0x20000224       0x28 CMakeFiles/pico_mandelbrot.dir/home/mr/.pico-sdk/sdk/2.1.1/src/common/pico_sync/mutex.c.o
                0x20000224                mutex_exit
 .time_critical.flash_init_boot2_copyout
                0x2000024c       0x30 CMakeFiles/pico_mandelbrot.dir/home/mr/.pico-sdk/sdk/2.1.1/src/rp2_common/hardware_flash/flash.c.o
 .time_critical.flash_enable_xip_via_boot2
                0x2000027c        0xc CMakeFiles/pico_mandelbrot.dir/home/mr/.pico-sdk/sdk/2.1.1/src/rp2_common/hardware_flash/flash.c.o
 .time_critical.flash_cs_force
                0x20000288       0x38 CMakeFiles/pico_mandelbrot.dir/home/mr/.pico-sdk/sdk/2.1.1/src/rp2_common/hardware_flash/flash.c.o
 .time_critical.flash_do_cmd
                0x200002c0      0x130 CMakeFiles/pico_mandelbrot.dir/home/mr/.pico-sdk/sdk/2.1.1/src/rp2_common/hardware_flash/flash.c.o
                0x200002c0                flash_do_cmd
 .time_critical.reset_non_control_endpoints
                0x200003f0       0x68 CMakeFiles/pico_mandelbrot.dir/home/mr/.pico-sdk/sdk/2.1.1/lib/tinyusb/src/portable/raspberrypi/rp2040/dcd_rp2040.c.o
 .time_critical.hw_handle_buff_status
                0x20000458       0xa0 CMakeFiles/pico_mandelbrot.dir/home/mr/.pico-sdk/sdk/2.1.1/lib/tinyusb/src/portable/raspberrypi/rp2040/dcd_rp2040.c.o
 .time_critical.dcd_rp2040_irq
                0x200004f8      0x548 CMakeFiles/pico_mandelbrot.dir/home/mr/.pico-sdk/sdk/2.1.1/lib/tinyusb/src/portable/raspberrypi/rp2040/dcd_rp2040.c.o
 .time_critical.prepare_ep_buffer
                0x20000a40       0xc8 CMakeFiles/pico_mandelbrot.dir/home/mr/.pico-sdk/sdk/2.1.1/lib/tinyusb/src/portable/raspberrypi/rp2040/rp2040_usb.c.o
 .time_critical.sync_ep_buffer
                0x20000b08       0x9c CMakeFiles/pico_mandelbrot.dir/home/mr/.pico-sdk/sdk/2.1.1/lib/tinyusb/src/portable/raspberrypi/rp2040/rp2040_usb.c.o
 .time_critical._hw_endpoint_xfer_sync
                0x20000ba4       0x28 CMakeFiles/pico_mandelbrot.dir/home/mr/.pico-sdk/sdk/2.1.1/lib/tinyusb/src/portable/raspberrypi/rp2040/rp2040_usb.c.o
 .time_critical.e15_is_bulkin_ep
                0x20000bcc       0x28 CMakeFiles/pico_mandelbrot.dir/home/mr/.pico-sdk/sdk/2.1.1/lib/tinyusb/src/portable/raspberrypi/rp2040/rp2040_usb.c.o
 .time_critical.e15_is_critical_frame_period
                0x20000bf4       0x34 CMakeFiles/pico_mandelbrot.dir/home/mr/.pico-sdk/sdk/2.1.1/lib/tinyusb/src/portable/raspberrypi/rp2040/rp2040_usb.c.o
 .time_critical.hw_endpoint_reset_transfer
                0x20000c28        0xc CMakeFiles/pico_mandelbrot.dir/home/mr/.pico-sdk/sdk/2.1.1/lib/tinyusb/src/portable/raspberrypi/rp2040/rp2040_usb.c.o
                0x20000c28                hw_endpoint_reset_transfer
 .time_critical._hw_endpoint_buffer_control_update32
                0x20000c34       0x50 CMakeFiles/pico_mandelbrot.dir/home/mr/.pico-sdk/sdk/2.1.1/lib/tinyusb/src/portable/raspberrypi/rp2040/rp2040_usb.c.o
                0x20000c34                _hw_endpoint_buffer_control_update32
 .time_critical.hw_endpoint_start_next_buffer
                0x20000c84       0x68 CMakeFiles/pico_mandelbrot.dir/home/mr/.pico-sdk/sdk/2.1.1/lib/tinyusb/src/portable/raspberrypi/rp2040/rp2040_usb.c.o
                0x20000c84                hw_endpoint_start_next_buffer
 .time_critical.hw_endpoint_xfer_continue
                0x20000cec       0x40 CMakeFiles/pico_mandelbrot.dir/home/mr/.pico-sdk/sdk/2.1.1/lib/tinyusb/src/portable/raspberrypi/rp2040/rp2040_usb.c.o
                0x20000cec                hw_endpoint_xfer_continue
 .time_critical.tinyusb
                0x20000d2c      0x1e4 CMakeFiles/pico_mandelbrot.dir/home/mr/.pico-sdk/sdk/2.1.1/lib/tinyusb/src/device/usbd.c.o
                0x20000d2c                dcd_event_handler
 *(.text*)
 .text.cabsf    0x20000f10       0x24 /home/mr/.pico-sdk/toolchain/14_2_Rel1/bin/../lib/gcc/arm-none-eabi/14.2.1/../../../../arm-none-eabi/lib/thumb/v6-m/nofp/libm.a(libm_a-cabsf.o)
                0x20000f10                cabsf
 .text.cimagf   0x20000f34        0x4 /home/mr/.pico-sdk/toolchain/14_2_Rel1/bin/../lib/gcc/arm-none-eabi/14.2.1/../../../../arm-none-eabi/lib/thumb/v6-m/nofp/libm.a(libm_a-cimagf.o)
                0x20000f34                cimagf
 .text.crealf   0x20000f38        0x4 /home/mr/.pico-sdk/toolchain/14_2_Rel1/bin/../lib/gcc/arm-none-eabi/14.2.1/../../../../arm-none-eabi/lib/thumb/v6-m/nofp/libm.a(libm_a-crealf.o)
                0x20000f38                crealf
 .text          0x20000f3c        0x4 /home/mr/.pico-sdk/toolchain/14_2_Rel1/bin/../lib/gcc/arm-none-eabi/14.2.1/thumb/v6-m/nofp/libgcc.a(_dvmd_tls.o)
                0x20000f3c                __aeabi_ldiv0
                0x20000f3c                __aeabi_idiv0
 .text.__mulsc3
                0x20000f40      0x3e8 /home/mr/.pico-sdk/toolchain/14_2_Rel1/bin/../lib/gcc/arm-none-eabi/14.2.1/thumb/v6-m/nofp/libgcc.a(_mulsc3.o)
                0x20000f40                __mulsc3
 .text.__mulsc3.__stub
                0x20001328       0xf0 linker stubs
                0x20001418                        . = ALIGN (0x4)
 *(.rodata*)
                0x20001418                        . = ALIGN (0x4)
 *(.data*)
 .data.frame_area
                0x20001418        0x8 CMakeFiles/pico_mandelbrot.dir/pico_mandelbrot.c.o
                0x20001418                frame_area
 .data.render_data_count
                0x20001420        0x4 CMakeFiles/pico_mandelbrot.dir/pico_mandelbrot.c.o
                0x20001420                render_data_count
 .data.cursor_button_status
                0x20001424        0x1 CMakeFiles/pico_mandelbrot.dir/pico_mandelbrot.c.o
                0x20001424                cursor_button_status
 *fill*         0x20001425        0x3 
 .data.im_end   0x20001428        0x4 CMakeFiles/pico_mandelbrot.dir/pico_mandelbrot.c.o
                0x20001428                im_end
 .data.im_start
                0x2000142c        0x4 CMakeFiles/pico_mandelbrot.dir/pico_mandelbrot.c.o
                0x2000142c                im_start
 .data.real_end
                0x20001430        0x4 CMakeFiles/pico_mandelbrot.dir/pico_mandelbrot.c.o
                0x20001430                real_end
 .data.real_start
                0x20001434        0x4 CMakeFiles/pico_mandelbrot.dir/pico_mandelbrot.c.o
                0x20001434                real_start
 .data.striped_spin_lock_num
                0x20001438        0x1 CMakeFiles/pico_mandelbrot.dir/home/mr/.pico-sdk/sdk/2.1.1/src/rp2_common/hardware_sync/sync.c.o
 *fill*         0x20001439        0x3 
 .data          0x2000143c       0x48 CMakeFiles/pico_mandelbrot.dir/home/mr/.pico-sdk/sdk/2.1.1/src/rp2_common/hardware_irq/irq_handler_chain.S.o
                0x2000143c                irq_handler_chain_slots
                0x2000146c                irq_handler_chain_first_slot
                0x20001476                irq_handler_chain_remove_tail
 .data.default_alarm_pool
                0x20001484       0x18 CMakeFiles/pico_mandelbrot.dir/home/mr/.pico-sdk/sdk/2.1.1/src/common/pico_time/time.c.o
 *fill*         0x2000149c        0x4 
 .data.aeabi_bits_funcs
                0x200014a0       0x10 CMakeFiles/pico_mandelbrot.dir/home/mr/.pico-sdk/sdk/2.1.1/src/rp2_common/pico_bit_ops/bit_ops_aeabi.S.o
                0x200014a0                aeabi_bits_funcs
                0x200014b0                aeabi_bits_funcs_end
 .data.aeabi_mem_funcs
                0x200014b0       0x10 CMakeFiles/pico_mandelbrot.dir/home/mr/.pico-sdk/sdk/2.1.1/src/rp2_common/pico_mem_ops/mem_ops_aeabi.S.o
                0x200014b0                aeabi_mem_funcs
                0x200014c0                aeabi_mem_funcs_end
 .data.stdio_uart
                0x200014c0       0x18 CMakeFiles/pico_mandelbrot.dir/home/mr/.pico-sdk/sdk/2.1.1/src/rp2_common/pico_stdio_uart/stdio_uart.c.o
                0x200014c0                stdio_uart
 .data.stdio_usb
                0x200014d8       0x18 CMakeFiles/pico_mandelbrot.dir/home/mr/.pico-sdk/sdk/2.1.1/src/rp2_common/pico_stdio_usb/stdio_usb.c.o
                0x200014d8                stdio_usb
 .data._usbd_qdef
                0x200014f0       0x1c CMakeFiles/pico_mandelbrot.dir/home/mr/.pico-sdk/sdk/2.1.1/lib/tinyusb/src/device/usbd.c.o
                0x200014f0                _usbd_qdef
 .data._usbd_rhport
                0x2000150c        0x1 CMakeFiles/pico_mandelbrot.dir/home/mr/.pico-sdk/sdk/2.1.1/lib/tinyusb/src/device/usbd.c.o
 *fill*         0x2000150d        0x3 
 .data.i2c1_inst
                0x20001510        0x8 CMakeFiles/pico_mandelbrot.dir/home/mr/.pico-sdk/sdk/2.1.1/src/rp2_common/hardware_i2c/i2c.c.o
                0x20001510                i2c1_inst
 .data.i2c0_inst
                0x20001518        0x8 CMakeFiles/pico_mandelbrot.dir/home/mr/.pico-sdk/sdk/2.1.1/src/rp2_common/hardware_i2c/i2c.c.o
                0x20001518                i2c0_inst
 .data.__malloc_sbrk_base
                0x20001520        0x4 /home/mr/.pico-sdk/toolchain/14_2_Rel1/bin/../lib/gcc/arm-none-eabi/14.2.1/../../../../arm-none-eabi/lib/thumb/v6-m/nofp/libg.a(libc_a-mallocr.o)
                0x20001520                __malloc_sbrk_base
 .data.__malloc_trim_threshold
                0x20001524        0x4 /home/mr/.pico-sdk/toolchain/14_2_Rel1/bin/../lib/gcc/arm-none-eabi/14.2.1/../../../../arm-none-eabi/lib/thumb/v6-m/nofp/libg.a(libc_a-mallocr.o)
                0x20001524                __malloc_trim_threshold
 .data.__malloc_av_
                0x20001528      0x408 /home/mr/.pico-sdk/toolchain/14_2_Rel1/bin/../lib/gcc/arm-none-eabi/14.2.1/../../../../arm-none-eabi/lib/thumb/v6-m/nofp/libg.a(libc_a-mallocr.o)
                0x20001528                __malloc_av_
 .data._impure_ptr
                0x20001930        0x4 /home/mr/.pico-sdk/toolchain/14_2_Rel1/bin/../lib/gcc/arm-none-eabi/14.2.1/../../../../arm-none-eabi/lib/thumb/v6-m/nofp/libg.a(libc_a-impure.o)
                0x20001930                _impure_ptr
 *fill*         0x20001934        0x4 
 .data._impure_data
                0x20001938      0x140 /home/mr/.pico-sdk/toolchain/14_2_Rel1/bin/../lib/gcc/arm-none-eabi/14.2.1/../../../../arm-none-eabi/lib/thumb/v6-m/nofp/libg.a(libc_a-impure.o)
                0x20001938                _impure_data
                0x20001a78                        . = ALIGN (0x4)
 *(.after_data.*)
                0x20001a78                        . = ALIGN (0x4)
                0x20001a78                        PROVIDE (__mutex_array_start = .)
 *(SORT_BY_NAME(.mutex_array.*))
 *(.mutex_array)
 .mutex_array   0x20001a78        0x8 CMakeFiles/pico_mandelbrot.dir/home/mr/.pico-sdk/sdk/2.1.1/src/rp2_common/pico_stdio/stdio.c.o
                0x20001a80                        PROVIDE (__mutex_array_end = .)
                0x20001a80                        . = ALIGN (0x4)
 *(.jcr)
                0x20001a80                        . = ALIGN (0x4)

.tm_clone_table
                0x20001a80        0x0 load address 0x10008e04
 .tm_clone_table
                0x20001a80        0x0 /home/mr/.pico-sdk/toolchain/14_2_Rel1/bin/../lib/gcc/arm-none-eabi/14.2.1/thumb/v6-m/nofp/crtbegin.o
 .tm_clone_table
                0x20001a80        0x0 /home/mr/.pico-sdk/toolchain/14_2_Rel1/bin/../lib/gcc/arm-none-eabi/14.2.1/thumb/v6-m/nofp/crtend.o

.igot.plt       0x20001a80        0x0 load address 0x10008e04
 .igot.plt      0x20001a80        0x0 /home/mr/.pico-sdk/toolchain/14_2_Rel1/bin/../lib/gcc/arm-none-eabi/14.2.1/thumb/v6-m/nofp/crtbegin.o

.tdata          0x20001a80        0x0 load address 0x10008e04
                0x20001a80                        . = ALIGN (0x4)
 *(.tdata .tdata.* .gnu.linkonce.td.*)
                0x20001a80                        __tdata_end = .
                0x20001a80                        PROVIDE (__data_end__ = .)
                0x10007444                        __etext = LOADADDR (.data)

.tbss           0x20001a80        0x0 load address 0x10008e04
                0x20001a80                        . = ALIGN (0x4)
                0x20001a80                        __bss_start__ = .
                0x20001a80                        __tls_base = .
 *(.tbss .tbss.* .gnu.linkonce.tb.*)
 *(.tcommon)
                0x20001a80                        __tls_end = .

.bss            0x20001a80     0x20c8 load address 0x10008e04
                0x20001a80                        . = ALIGN (0x4)
                0x20001a80                        __tbss_end = .
 *(SORT_BY_ALIGNMENT(SORT_BY_NAME(.bss*)))
 .bss.default_alarm_pool_entries
                0x20001a80      0x180 CMakeFiles/pico_mandelbrot.dir/home/mr/.pico-sdk/sdk/2.1.1/src/common/pico_time/time.c.o
 .bss.last_avail_time.1
                0x20001c00        0x8 CMakeFiles/pico_mandelbrot.dir/home/mr/.pico-sdk/sdk/2.1.1/src/rp2_common/pico_stdio_usb/stdio_usb.c.o
 .bss.sd_table  0x20001c08      0x100 CMakeFiles/pico_mandelbrot.dir/home/mr/.pico-sdk/sdk/2.1.1/src/rp2_common/pico_double/double_init_rom_rp2040.c.o
                0x20001c08                sd_table
 .bss.__lock___malloc_recursive_mutex
                0x20001d08        0x1 /home/mr/.pico-sdk/toolchain/14_2_Rel1/bin/../lib/gcc/arm-none-eabi/14.2.1/../../../../arm-none-eabi/lib/thumb/v6-m/nofp/libg.a(libc_a-lock.o)
                0x20001d08                __lock___malloc_recursive_mutex
 *fill*         0x20001d09        0x3 
 .bss.__malloc_current_mallinfo
                0x20001d0c       0x28 /home/mr/.pico-sdk/toolchain/14_2_Rel1/bin/../lib/gcc/arm-none-eabi/14.2.1/../../../../arm-none-eabi/lib/thumb/v6-m/nofp/libg.a(libc_a-mallocr.o)
                0x20001d0c                __malloc_current_mallinfo
 .bss.__malloc_max_sbrked_mem
                0x20001d34        0x4 /home/mr/.pico-sdk/toolchain/14_2_Rel1/bin/../lib/gcc/arm-none-eabi/14.2.1/../../../../arm-none-eabi/lib/thumb/v6-m/nofp/libg.a(libc_a-mallocr.o)
                0x20001d34                __malloc_max_sbrked_mem
 .bss.__malloc_max_total_mem
                0x20001d38        0x4 /home/mr/.pico-sdk/toolchain/14_2_Rel1/bin/../lib/gcc/arm-none-eabi/14.2.1/../../../../arm-none-eabi/lib/thumb/v6-m/nofp/libg.a(libc_a-mallocr.o)
                0x20001d38                __malloc_max_total_mem
 .bss.__malloc_top_pad
                0x20001d3c        0x4 /home/mr/.pico-sdk/toolchain/14_2_Rel1/bin/../lib/gcc/arm-none-eabi/14.2.1/../../../../arm-none-eabi/lib/thumb/v6-m/nofp/libg.a(libc_a-mallocr.o)
                0x20001d3c                __malloc_top_pad
 .bss.__sf      0x20001d40      0x138 /home/mr/.pico-sdk/toolchain/14_2_Rel1/bin/../lib/gcc/arm-none-eabi/14.2.1/../../../../arm-none-eabi/lib/thumb/v6-m/nofp/libg.a(libc_a-findfp.o)
                0x20001d40                __sf
 .bss._app_driver
                0x20001e78        0x4 CMakeFiles/pico_mandelbrot.dir/home/mr/.pico-sdk/sdk/2.1.1/lib/tinyusb/src/device/usbd.c.o
 .bss._cdcd_epbuf
                0x20001e7c       0x80 CMakeFiles/pico_mandelbrot.dir/home/mr/.pico-sdk/sdk/2.1.1/lib/tinyusb/src/class/cdc/cdc_device.c.o
 .bss._cdcd_fifo_cfg
                0x20001efc        0x1 CMakeFiles/pico_mandelbrot.dir/home/mr/.pico-sdk/sdk/2.1.1/lib/tinyusb/src/class/cdc/cdc_device.c.o
 *fill*         0x20001efd        0x3 
 .bss._cdcd_itf
                0x20001f00       0xc8 CMakeFiles/pico_mandelbrot.dir/home/mr/.pico-sdk/sdk/2.1.1/lib/tinyusb/src/class/cdc/cdc_device.c.o
 .bss._ctrl_epbuf
                0x20001fc8       0x40 CMakeFiles/pico_mandelbrot.dir/home/mr/.pico-sdk/sdk/2.1.1/lib/tinyusb/src/device/usbd_control.c.o
 .bss._ctrl_xfer
                0x20002008       0x14 CMakeFiles/pico_mandelbrot.dir/home/mr/.pico-sdk/sdk/2.1.1/lib/tinyusb/src/device/usbd_control.c.o
 .bss._tusb_rhport_role
                0x2000201c        0x2 CMakeFiles/pico_mandelbrot.dir/home/mr/.pico-sdk/sdk/2.1.1/lib/tinyusb/src/tusb.c.o
                0x2000201c                _tusb_rhport_role
 *fill*         0x2000201e        0x2 
 .bss._ubsd_mutexdef
                0x20002020        0x8 CMakeFiles/pico_mandelbrot.dir/home/mr/.pico-sdk/sdk/2.1.1/lib/tinyusb/src/device/usbd.c.o
 .bss._usbd_dev
                0x20002028       0x54 CMakeFiles/pico_mandelbrot.dir/home/mr/.pico-sdk/sdk/2.1.1/lib/tinyusb/src/device/usbd.c.o
 .bss._usbd_mutex
                0x2000207c        0x4 CMakeFiles/pico_mandelbrot.dir/home/mr/.pico-sdk/sdk/2.1.1/lib/tinyusb/src/device/usbd.c.o
 .bss._usbd_q   0x20002080        0x4 CMakeFiles/pico_mandelbrot.dir/home/mr/.pico-sdk/sdk/2.1.1/lib/tinyusb/src/device/usbd.c.o
 .bss._usbd_qdef_buf
                0x20002084       0xc0 CMakeFiles/pico_mandelbrot.dir/home/mr/.pico-sdk/sdk/2.1.1/lib/tinyusb/src/device/usbd.c.o
                0x20002084                _usbd_qdef_buf
 .bss._vendord_epbuf
                0x20002144       0x80 CMakeFiles/pico_mandelbrot.dir/home/mr/.pico-sdk/sdk/2.1.1/lib/tinyusb/src/class/vendor/vendor_device.c.o
 .bss._vendord_itf
                0x200021c4      0x24c CMakeFiles/pico_mandelbrot.dir/home/mr/.pico-sdk/sdk/2.1.1/lib/tinyusb/src/class/vendor/vendor_device.c.o
 .bss.boot2_copyout
                0x20002410      0x100 CMakeFiles/pico_mandelbrot.dir/home/mr/.pico-sdk/sdk/2.1.1/src/rp2_common/hardware_flash/flash.c.o
 .bss.buf       0x20002510      0x800 CMakeFiles/pico_mandelbrot.dir/pico_mandelbrot.c.o
                0x20002510                buf
 .bss.cached_im_end
                0x20002d10        0x4 CMakeFiles/pico_mandelbrot.dir/ssd1306.c.o
                0x20002d10                cached_im_end
 .bss.cached_im_start
                0x20002d14        0x4 CMakeFiles/pico_mandelbrot.dir/ssd1306.c.o
                0x20002d14                cached_im_start
 .bss.cached_real_end
                0x20002d18        0x4 CMakeFiles/pico_mandelbrot.dir/ssd1306.c.o
                0x20002d18                cached_real_end
 .bss.cached_real_start
                0x20002d1c        0x4 CMakeFiles/pico_mandelbrot.dir/ssd1306.c.o
                0x20002d1c                cached_real_start
 .bss.callbacks
                0x20002d20        0x8 CMakeFiles/pico_mandelbrot.dir/home/mr/.pico-sdk/sdk/2.1.1/src/rp2_common/hardware_gpio/gpio.c.o
 .bss.chars_available_callback
                0x20002d28        0x4 CMakeFiles/pico_mandelbrot.dir/home/mr/.pico-sdk/sdk/2.1.1/src/rp2_common/pico_stdio_uart/stdio_uart.c.o
 .bss.chars_available_callback